Component: ARM Compiler 5.06 update 6 (build 750) Tool: armlink [4d35ed]

==============================================================================

Section Cross References

    startup_stm32f103xe.o(RESET) refers to startup_stm32f103xe.o(STACK) for __initial_sp
    startup_stm32f103xe.o(RESET) refers to startup_stm32f103xe.o(.text) for Reset_Handler
    startup_stm32f103xe.o(RESET) refers to stm32f1xx_it.o(i.NMI_Handler) for NMI_Handler
    startup_stm32f103xe.o(RESET) refers to stm32f1xx_it.o(i.HardFault_Handler) for HardFault_Handler
    startup_stm32f103xe.o(RESET) refers to stm32f1xx_it.o(i.MemManage_Handler) for MemManage_Handler
    startup_stm32f103xe.o(RESET) refers to stm32f1xx_it.o(i.BusFault_Handler) for BusFault_Handler
    startup_stm32f103xe.o(RESET) refers to stm32f1xx_it.o(i.UsageFault_Handler) for UsageFault_Handler
    startup_stm32f103xe.o(RESET) refers to port.o(.emb_text) for SVC_Handler
    startup_stm32f103xe.o(RESET) refers to stm32f1xx_it.o(i.DebugMon_Handler) for DebugMon_Handler
    startup_stm32f103xe.o(RESET) refers to port.o(i.SysTick_Handler) for SysTick_Handler
    startup_stm32f103xe.o(RESET) refers to stm32f1xx_it.o(i.DMA1_Channel1_IRQHandler) for DMA1_Channel1_IRQHandler
    startup_stm32f103xe.o(RESET) refers to stm32f1xx_it.o(i.DMA1_Channel2_IRQHandler) for DMA1_Channel2_IRQHandler
    startup_stm32f103xe.o(RESET) refers to stm32f1xx_it.o(i.DMA1_Channel3_IRQHandler) for DMA1_Channel3_IRQHandler
    startup_stm32f103xe.o(RESET) refers to stm32f1xx_it.o(i.DMA1_Channel4_IRQHandler) for DMA1_Channel4_IRQHandler
    startup_stm32f103xe.o(RESET) refers to stm32f1xx_it.o(i.DMA1_Channel5_IRQHandler) for DMA1_Channel5_IRQHandler
    startup_stm32f103xe.o(RESET) refers to stm32f1xx_it.o(i.DMA1_Channel6_IRQHandler) for DMA1_Channel6_IRQHandler
    startup_stm32f103xe.o(RESET) refers to stm32f1xx_it.o(i.DMA1_Channel7_IRQHandler) for DMA1_Channel7_IRQHandler
    startup_stm32f103xe.o(RESET) refers to stm32f1xx_it.o(i.USART1_IRQHandler) for USART1_IRQHandler
    startup_stm32f103xe.o(RESET) refers to stm32f1xx_it.o(i.USART2_IRQHandler) for USART2_IRQHandler
    startup_stm32f103xe.o(RESET) refers to stm32f1xx_it.o(i.USART3_IRQHandler) for USART3_IRQHandler
    startup_stm32f103xe.o(RESET) refers to stm32f1xx_it.o(i.TIM8_UP_IRQHandler) for TIM8_UP_IRQHandler
    startup_stm32f103xe.o(RESET) refers to stm32f1xx_it.o(i.UART4_IRQHandler) for UART4_IRQHandler
    startup_stm32f103xe.o(RESET) refers to stm32f1xx_it.o(i.DMA2_Channel3_IRQHandler) for DMA2_Channel3_IRQHandler
    startup_stm32f103xe.o(RESET) refers to stm32f1xx_it.o(i.DMA2_Channel4_5_IRQHandler) for DMA2_Channel4_5_IRQHandler
    startup_stm32f103xe.o(.text) refers to system_stm32f1xx.o(i.SystemInit) for SystemInit
    startup_stm32f103xe.o(.text) refers to entry.o(.ARM.Collect$$$$00000000) for __main
    main.o(i.HAL_TIM_PeriodElapsedCallback) refers to stm32f1xx_hal.o(i.HAL_IncTick) for HAL_IncTick
    main.o(i.SystemClock_Config) refers to memseta.o(.text) for __aeabi_memclr4
    main.o(i.SystemClock_Config) refers to stm32f1xx_hal_rcc.o(i.HAL_RCC_OscConfig) for HAL_RCC_OscConfig
    main.o(i.SystemClock_Config) refers to stm32f1xx_hal_rcc.o(i.HAL_RCC_ClockConfig) for HAL_RCC_ClockConfig
    main.o(i.SystemClock_Config) refers to stm32f1xx_hal_rcc_ex.o(i.HAL_RCCEx_PeriphCLKConfig) for HAL_RCCEx_PeriphCLKConfig
    main.o(i.main) refers to stm32f1xx_hal.o(i.HAL_Init) for HAL_Init
    main.o(i.main) refers to main.o(i.SystemClock_Config) for SystemClock_Config
    main.o(i.main) refers to gpio.o(i.MX_GPIO_Init) for MX_GPIO_Init
    main.o(i.main) refers to dma.o(i.MX_DMA_Init) for MX_DMA_Init
    main.o(i.main) refers to adc.o(i.MX_ADC1_Init) for MX_ADC1_Init
    main.o(i.main) refers to dac.o(i.MX_DAC_Init) for MX_DAC_Init
    main.o(i.main) refers to tim.o(i.MX_TIM2_Init) for MX_TIM2_Init
    main.o(i.main) refers to usart.o(i.MX_UART4_Init) for MX_UART4_Init
    main.o(i.main) refers to usart.o(i.MX_USART1_UART_Init) for MX_USART1_UART_Init
    main.o(i.main) refers to usart.o(i.MX_USART2_UART_Init) for MX_USART2_UART_Init
    main.o(i.main) refers to usart.o(i.MX_USART3_UART_Init) for MX_USART3_UART_Init
    main.o(i.main) refers to freertos.o(i.MX_FREERTOS_Init) for MX_FREERTOS_Init
    main.o(i.main) refers to cmsis_os.o(i.osKernelStart) for osKernelStart
    gpio.o(i.MX_GPIO_Init) refers to stm32f1xx_hal_gpio.o(i.HAL_GPIO_WritePin) for HAL_GPIO_WritePin
    gpio.o(i.MX_GPIO_Init) refers to stm32f1xx_hal_gpio.o(i.HAL_GPIO_Init) for HAL_GPIO_Init
    adc.o(i.HAL_ADC_MspDeInit) refers to stm32f1xx_hal_gpio.o(i.HAL_GPIO_DeInit) for HAL_GPIO_DeInit
    adc.o(i.HAL_ADC_MspDeInit) refers to stm32f1xx_hal_dma.o(i.HAL_DMA_DeInit) for HAL_DMA_DeInit
    adc.o(i.HAL_ADC_MspInit) refers to stm32f1xx_hal_gpio.o(i.HAL_GPIO_Init) for HAL_GPIO_Init
    adc.o(i.HAL_ADC_MspInit) refers to stm32f1xx_hal_dma.o(i.HAL_DMA_Init) for HAL_DMA_Init
    adc.o(i.HAL_ADC_MspInit) refers to main.o(i.Error_Handler) for Error_Handler
[...]
    i.slave_write_multi_holding_regs         0x0800554c   Section        0  mb_slave.o(i.slave_write_multi_holding_regs)
    slave_write_multi_holding_regs           0x0800554d   Thumb Code   120  mb_slave.o(i.slave_write_multi_holding_regs)
    i.slave_write_single_coil                0x080055c4   Section        0  mb_slave.o(i.slave_write_single_coil)
    slave_write_single_coil                  0x080055c5   Thumb Code   104  mb_slave.o(i.slave_write_single_coil)
    i.slave_write_single_holding_reg         0x0800562c   Section        0  mb_slave.o(i.slave_write_single_holding_reg)
    slave_write_single_holding_reg           0x0800562d   Thumb Code   100  mb_slave.o(i.slave_write_single_holding_reg)
    i.uxListRemove                           0x08005690   Section        0  list.o(i.uxListRemove)
    i.vListInitialise                        0x080056b6   Section        0  list.o(i.vListInitialise)
    i.vListInitialiseItem                    0x080056cc   Section        0  list.o(i.vListInitialiseItem)
    i.vListInsert                            0x080056d2   Section        0  list.o(i.vListInsert)
    i.vListInsertEnd                         0x08005702   Section        0  list.o(i.vListInsertEnd)
    i.vPortEnterCritical                     0x0800571c   Section        0  port.o(i.vPortEnterCritical)
    i.vPortExitCritical                      0x0800575c   Section        0  port.o(i.vPortExitCritical)
    i.vPortFree                              0x08005784   Section        0  heap_4.o(i.vPortFree)
    i.vPortSetupTimerInterrupt               0x080057e0   Section        0  port.o(i.vPortSetupTimerInterrupt)
    i.vPortValidateInterruptPriority         0x08005804   Section        0  port.o(i.vPortValidateInterruptPriority)
    i.vQueueAddToRegistry                    0x08005858   Section        0  queue.o(i.vQueueAddToRegistry)
    i.vQueueWaitForMessageRestricted         0x08005880   Section        0  queue.o(i.vQueueWaitForMessageRestricted)
    i.vTaskDelay                             0x080058c4   Section        0  tasks.o(i.vTaskDelay)
    i.vTaskInternalSetTimeOutState           0x08005910   Section        0  tasks.o(i.vTaskInternalSetTimeOutState)
    i.vTaskMissedYield                       0x08005920   Section        0  tasks.o(i.vTaskMissedYield)
    i.vTaskPlaceOnEventList                  0x0800592c   Section        0  tasks.o(i.vTaskPlaceOnEventList)
    i.vTaskPlaceOnEventListRestricted        0x0800595c   Section        0  tasks.o(i.vTaskPlaceOnEventListRestricted)
    i.vTaskPriorityDisinheritAfterTimeout    0x08005994   Section        0  tasks.o(i.vTaskPriorityDisinheritAfterTimeout)
    i.vTaskStartScheduler                    0x08005a3c   Section        0  tasks.o(i.vTaskStartScheduler)
    i.vTaskSuspendAll                        0x08005aac   Section        0  tasks.o(i.vTaskSuspendAll)
    i.vTaskSwitchContext                     0x08005abc   Section        0  tasks.o(i.vTaskSwitchContext)
    i.xPortStartScheduler                    0x08005b18   Section        0  port.o(i.xPortStartScheduler)
    i.xQueueCreateMutex                      0x08005bc0   Section        0  queue.o(i.xQueueCreateMutex)
    i.xQueueGenericCreate                    0x08005be4   Section        0  queue.o(i.xQueueGenericCreate)
    i.xQueueGenericReset                     0x08005c2c   Section        0  queue.o(i.xQueueGenericReset)
    i.xQueueGenericSend                      0x08005cb4   Section        0  queue.o(i.xQueueGenericSend)
    i.xQueueGenericSendFromISR               0x08005e14   Section        0  queue.o(i.xQueueGenericSendFromISR)
    i.xQueueGiveFromISR                      0x08005ed0   Section        0  queue.o(i.xQueueGiveFromISR)
    i.xQueueReceive                          0x08005f6c   Section        0  queue.o(i.xQueueReceive)
    i.xQueueReceiveFromISR                   0x080060a4   Section        0  queue.o(i.xQueueReceiveFromISR)
    i.xQueueSemaphoreTake                    0x08006140   Section        0  queue.o(i.xQueueSemaphoreTake)
    i.xTaskCheckForTimeOut                   0x080062b8   Section        0  tasks.o(i.xTaskCheckForTimeOut)
    i.xTaskCreate                            0x0800632c   Section        0  tasks.o(i.xTaskCreate)
    i.xTaskGetSchedulerState                 0x08006384   Section        0  tasks.o(i.xTaskGetSchedulerState)
    i.xTaskGetTickCount                      0x080063a0   Section        0  tasks.o(i.xTaskGetTickCount)
    i.xTaskIncrementTick                     0x080063ac   Section        0  tasks.o(i.xTaskIncrementTick)
    i.xTaskPriorityDisinherit                0x08006474   Section        0  tasks.o(i.xTaskPriorityDisinherit)
    i.xTaskPriorityInherit                   0x0800650c   Section        0  tasks.o(i.xTaskPriorityInherit)
    i.xTaskRemoveFromEventList               0x080065a0   Section        0  tasks.o(i.xTaskRemoveFromEventList)
    i.xTaskResumeAll                         0x08006614   Section        0  tasks.o(i.xTaskResumeAll)
    i.xTimerCreate                           0x080066d8   Section        0  timers.o(i.xTimerCreate)
    i.xTimerCreateTimerTask                  0x08006728   Section        0  timers.o(i.xTimerCreateTimerTask)
    i.xTimerGenericCommand                   0x08006770   Section        0  timers.o(i.xTimerGenericCommand)
    .constdata                               0x080067d0   Section      120  freertos.o(.constdata)
    .constdata                               0x08006848   Section       16  system_stm32f1xx.o(.constdata)
    .constdata                               0x08006858   Section        8  system_stm32f1xx.o(.constdata)
    .constdata                               0x08006860   Section      512  mb_crc.o(.constdata)
    table_crc_hi                             0x08006860   Data         256  mb_crc.o(.constdata)
    table_crc_lo                             0x08006960   Data         256  mb_crc.o(.constdata)
    .constdata                               0x08006a60   Section        4  mb_master_cps.o(.constdata)
    .conststring                             0x08006a64   Section       47  freertos.o(.conststring)
    .data                                    0x20000000   Section       24  freertos.o(.data)
    .data                                    0x20000018   Section       12  stm32f1xx_hal.o(.data)
    .data                                    0x20000024   Section        4  system_stm32f1xx.o(.data)
    .data                                    0x20000028   Section       60  tasks.o(.data)
    pxDelayedTaskList                        0x2000002c   Data           4  tasks.o(.data)
    pxOverflowDelayedTaskList                0x20000030   Data           4  tasks.o(.data)
    uxDeletedTasksWaitingCleanUp             0x20000034   Data           4  tasks.o(.data)
    uxCurrentNumberOfTasks                   0x20000038   Data           4  tasks.o(.data)
    xTickCount                               0x2000003c   Data           4  tasks.o(.data)
    uxTopReadyPriority                       0x20000040   Data           4  tasks.o(.data)
    xSchedulerRunning                        0x20000044   Data           4  tasks.o(.data)
    uxPendedTicks                            0x20000048   Data           4  tasks.o(.data)
    xYieldPending                            0x2000004c   Data           4  tasks.o(.data)
    xNumOfOverflows                          0x20000050   Data           4  tasks.o(.data)
    uxTaskNumber                             0x20000054   Data           4  tasks.o(.data)
    xNextTaskUnblockTime                     0x20000058   Data           4  tasks.o(.data)
    xIdleTaskHandle                          0x2000005c   Data           4  tasks.o(.data)
    uxSchedulerSuspended                     0x20000060   Data           4  tasks.o(.data)
    .data                                    0x20000064   Section       20  timers.o(.data)
    pxCurrentTimerList                       0x20000064   Data           4  timers.o(.data)
    pxOverflowTimerList                      0x20000068   Data           4  timers.o(.data)
    xTimerQueue                              0x2000006c   Data           4  timers.o(.data)
    xTimerTaskHandle                         0x20000070   Data           4  timers.o(.data)
    xLastTime                                0x20000074   Data           4  timers.o(.data)
    .data                                    0x20000078   Section       24  heap_4.o(.data)
    pxEnd                                    0x20000078   Data           4  heap_4.o(.data)
    xFreeBytesRemaining                      0x2000007c   Data           4  heap_4.o(.data)
    xMinimumEverFreeBytesRemaining           0x20000080   Data           4  heap_4.o(.data)
    xBlockAllocatedBit                       0x20000084   Data           4  heap_4.o(.data)
    xStart                                   0x20000088   Data           8  heap_4.o(.data)
    .data                                    0x20000090   Section       12  port.o(.data)
    ucMaxSysCallPriority                     0x20000090   Data           1  port.o(.data)
    uxCriticalNesting                        0x20000094   Data           4  port.o(.data)
    ulMaxPRIGROUPValue                       0x20000098   Data           4  port.o(.data)
    .data                                    0x2000009c   Section      648  csro_common.o(.data)
    ntc_3950_res_array                       0x2000009c   Data         324  csro_common.o(.data)
    ntc_3380_res_array                       0x200001e0   Data         324  csro_common.o(.data)
    .data                                    0x20000324   Section        8  mb_master_aqi.o(.data)
    uart_idle_sem                            0x20000324   Data           4  mb_master_aqi.o(.data)
    uart_source_mut                          0x20000328   Data           4  mb_master_aqi.o(.data)
    .data                                    0x2000032c   Section       20  mb_master_cps.o(.data)
    count                                    0x2000032c   Data           2  mb_master_cps.o(.data)
    uart_idle_sem                            0x20000330   Data           4  mb_master_cps.o(.data)
    write_cps_sem                            0x20000334   Data           4  mb_master_cps.o(.data)
    uart_source_mut                          0x20000338   Data           4  mb_master_cps.o(.data)
    write_cps_tim                            0x2000033c   Data           4  mb_master_cps.o(.data)
    .data                                    0x20000340   Section        4  mb_slave_hmi.o(.data)
    uart_msg_sem                             0x20000340   Data           4  mb_slave_hmi.o(.data)
    .bss                                     0x20000344   Section      116  adc.o(.bss)
    .bss                                     0x200003b8   Section       20  dac.o(.bss)
    .bss                                     0x200003cc   Section      400  freertos.o(.bss)
    .bss                                     0x2000055c   Section       64  tim.o(.bss)
    .bss                                     0x2000059c   Section      800  usart.o(.bss)
    .bss                                     0x200008bc   Section       64  stm32f1xx_hal_timebase_tim.o(.bss)
    .bss                                     0x200008fc   Section       64  queue.o(.bss)
    .bss                                     0x2000093c   Section      240  tasks.o(.bss)
    pxReadyTasksLists                        0x2000093c   Data         140  tasks.o(.bss)
    xDelayedTaskList1                        0x200009c8   Data          20  tasks.o(.bss)
    xDelayedTaskList2                        0x200009dc   Data          20  tasks.o(.bss)
    xPendingReadyList                        0x200009f0   Data          20  tasks.o(.bss)
    xTasksWaitingTermination                 0x20000a04   Data          20  tasks.o(.bss)
    xSuspendedTaskList                       0x20000a18   Data          20  tasks.o(.bss)
    .bss                                     0x20000a2c   Section       40  timers.o(.bss)
    xActiveTimerList1                        0x20000a2c   Data          20  timers.o(.bss)
    xActiveTimerList2                        0x20000a40   Data          20  timers.o(.bss)
    .bss                                     0x20000a54   Section    10240  heap_4.o(.bss)
    ucHeap                                   0x20000a54   Data       10240  heap_4.o(.bss)
    .bss                                     0x20003254   Section     1080  mb_master_aqi.o(.bss)
    .bss                                     0x2000368c   Section     1080  mb_master_cps.o(.bss)
    .bss                                     0x20003ac4   Section     3136  mb_slave_hmi.o(.bss)
    STACK                                    0x20004708   Section     2048  startup_stm32f103xe.o(STACK)

    Global Symbols

    Symbol Name                              Value     Ov Type        Size  Object(Section)

    BuildAttributes$$THM_ISAv4$P$D$K$B$S$PE$A:L22UL41UL21$X:L11$S22US41US21$IEEE1$IW$USESV6$~STKCKD$USESV7$~SHL$OTIME$ROPI$EBA8$MICROLIB$REQ8$PRES8$EABIv2 0x00000000   Number         0  anon$$obj.o ABSOLUTE
    __ARM_use_no_argv                        0x00000000   Number         0  main.o ABSOLUTE
    __cpp_initialize__aeabi_                  - Undefined Weak Reference
    __cxa_finalize                            - Undefined Weak Reference
    _clock_init                               - Undefined Weak Reference
    _microlib_exit                            - Undefined Weak Reference
    __Vectors_Size                           0x00000130   Number         0  startup_stm32f103xe.o ABSOLUTE
    __Vectors                                0x08000000   Data           4  startup_stm32f103xe.o(RESET)
    __Vectors_End                            0x08000130   Data           0  startup_stm32f103xe.o(RESET)
    __main                                   0x08000131   Thumb Code     0  entry.o(.ARM.Collect$$$$00000000)
    _main_stk                                0x08000131   Thumb Code     0  entry2.o(.ARM.Collect$$$$00000001)
    _main_scatterload                        0x08000135   Thumb Code     0  entry5.o(.ARM.Collect$$$$00000004)
    __main_after_scatterload                 0x08000139   Thumb Code     0  entry5.o(.ARM.Collect$$$$00000004)
    _main_clock                              0x08000139   Thumb Code     0  entry7b.o(.ARM.Collect$$$$00000008)
    _main_cpp_init                           0x08000139   Thumb Code     0  entry8b.o(.ARM.Collect$$$$0000000A)
    _main_init                               0x08000139   Thumb Code     0  entry9a.o(.ARM.Collect$$$$0000000B)
    __rt_final_cpp                           0x08000141   Thumb Code     0  entry10a.o(.ARM.Collect$$$$0000000D)
    __rt_final_exit                          0x08000141   Thumb Code     0  entry11a.o(.ARM.Collect$$$$0000000F)
    SVC_Handler                              0x08000145   Thumb Code    32  port.o(.emb_text)
    __asm___6_port_c_39a90d8d__prvStartFirstTask 0x08000169   Thumb Code    28  port.o(.emb_text)
    PendSV_Handler                           0x08000189   Thumb Code    72  port.o(.emb_text)
    vPortGetIPSR                             0x080001d5   Thumb Code     6  port.o(.emb_text)
    Reset_Handler                            0x080001dd   Thumb Code     8  startup_stm32f103xe.o(.text)
    ADC1_2_IRQHandler                        0x080001f7   Thumb Code     0  startup_stm32f103xe.o(.text)
    ADC3_IRQHandler                          0x080001f7   Thumb Code     0  startup_stm32f103xe.o(.text)
    CAN1_RX1_IRQHandler                      0x080001f7   Thumb Code     0  startup_stm32f103xe.o(.text)
    CAN1_SCE_IRQHandler                      0x080001f7   Thumb Code     0  startup_stm32f103xe.o(.text)
    DMA2_Channel1_IRQHandler                 0x080001f7   Thumb Code     0  startup_stm32f103xe.o(.text)
    DMA2_Channel2_IRQHandler                 0x080001f7   Thumb Code     0  startup_stm32f103xe.o(.text)
    EXTI0_IRQHandler                         0x080001f7   Thumb Code     0  startup_stm32f103xe.o(.text)
    EXTI15_10_IRQHandler                     0x080001f7   Thumb Code     0  startup_stm32f103xe.o(.text)
    EXTI1_IRQHandler                         0x080001f7   Thumb Code     0  startup_stm32f103xe.o(.text)
    EXTI2_IRQHandler                         0x080001f7   Thumb Code     0  startup_stm32f103xe.o(.text)
    EXTI3_IRQHandler                         0x080001f7   Thumb Code     0  startup_stm32f103xe.o(.text)
    EXTI4_IRQHandler                         0x080001f7   Thumb Code     0  startup_stm32f103xe.o(.text)
    EXTI9_5_IRQHandler                       0x080001f7   Thumb Code     0  startup_stm32f103xe.o(.text)
    FLASH_IRQHandler                         0x080001f7   Thumb Code     0  startup_stm32f103xe.o(.text)
    FSMC_IRQHandler                          0x080001f7   Thumb Code     0  startup_stm32f103xe.o(.text)
    I2C1_ER_IRQHandler                       0x080001f7   Thumb Code     0  startup_stm32f103xe.o(.text)
    I2C1_EV_IRQHandler                       0x080001f7   Thumb Code     0  startup_stm32f103xe.o(.text)
    I2C2_ER_IRQHandler                       0x080001f7   Thumb Code     0  startup_stm32f103xe.o(.text)
    I2C2_EV_IRQHandler                       0x080001f7   Thumb Code     0  startup_stm32f103xe.o(.text)
    PVD_IRQHandler                           0x080001f7   Thumb Code     0  startup_stm32f103xe.o(.text)
    RCC_IRQHandler                           0x080001f7   Thumb Code     0  startup_stm32f103xe.o(.text)
    RTC_Alarm_IRQHandler                     0x080001f7   Thumb Code     0  startup_stm32f103xe.o(.text)
    RTC_IRQHandler                           0x080001f7   Thumb Code     0  startup_stm32f103xe.o(.text)
    SDIO_IRQHandler                          0x080001f7   Thumb Code     0  startup_stm32f103xe.o(.text)
    SPI1_IRQHandler                          0x080001f7   Thumb Code     0  startup_stm32f103xe.o(.text)
    SPI2_IRQHandler                          0x080001f7   Thumb Code     0  startup_stm32f103xe.o(.text)
    SPI3_IRQHandler                          0x080001f7   Thumb Code     0  startup_stm32f103xe.o(.text)
    TAMPER_IRQHandler                        0x080001f7   Thumb Code     0  startup_stm32f103xe.o(.text)
    TIM1_BRK_IRQHandler                      0x080001f7   Thumb Code     0  startup_stm32f103xe.o(.text)
    TIM1_CC_IRQHandler                       0x080001f7   Thumb Code     0  startup_stm32f103xe.o(.text)
    TIM1_TRG_COM_IRQHandler                  0x080001f7   Thumb Code     0  startup_stm32f103xe.o(.text)
    TIM1_UP_IRQHandler                       0x080001f7   Thumb Code     0  startup_stm32f103xe.o(.text)
    TIM2_IRQHandler                          0x080001f7   Thumb Code     0  startup_stm32f103xe.o(.text)
    TIM3_IRQHandler                          0x080001f7   Thumb Code     0  startup_stm32f103xe.o(.text)
    TIM4_IRQHandler                          0x080001f7   Thumb Code     0  startup_stm32f103xe.o(.text)
    TIM5_IRQHandler                          0x080001f7   Thumb Code     0  startup_stm32f103xe.o(.text)
    TIM6_IRQHandler                          0x080001f7   Thumb Code     0  startup_stm32f103xe.o(.text)
    TIM7_IRQHandler                          0x080001f7   Thumb Code     0  startup_stm32f103xe.o(.text)
    TIM8_BRK_IRQHandler                      0x080001f7   Thumb Code     0  startup_stm32f103xe.o(.text)
    TIM8_CC_IRQHandler                       0x080001f7   Thumb Code     0  startup_stm32f103xe.o(.text)
    TIM8_TRG_COM_IRQHandler                  0x080001f7   Thumb Code     0  startup_stm32f103xe.o(.text)
    UART5_IRQHandler                         0x080001f7   Thumb Code     0  startup_stm32f103xe.o(.text)
    USBWakeUp_IRQHandler                     0x080001f7   Thumb Code     0  startup_stm32f103xe.o(.text)
    USB_HP_CAN1_TX_IRQHandler                0x080001f7   Thumb Code     0  startup_stm32f103xe.o(.text)
    USB_LP_CAN1_RX0_IRQHandler               0x080001f7   Thumb Code     0  startup_stm32f103xe.o(.text)
    WWDG_IRQHandler                          0x080001f7   Thumb Code     0  startup_stm32f103xe.o(.text)
    __aeabi_llsr                             0x08000201   Thumb Code    32  llushr.o(.text)
    _ll_ushift_r                             0x08000201   Thumb Code     0  llushr.o(.text)
    __aeabi_memcpy                           0x08000221   Thumb Code    36  memcpya.o(.text)
    __aeabi_memcpy4                          0x08000221   Thumb Code     0  memcpya.o(.text)
    __aeabi_memcpy8                          0x08000221   Thumb Code     0  memcpya.o(.text)
    __aeabi_memset                           0x08000245   Thumb Code    14  memseta.o(.text)
    __aeabi_memset4                          0x08000245   Thumb Code     0  memseta.o(.text)
    __aeabi_memset8                          0x08000245   Thumb Code     0  memseta.o(.text)
    __aeabi_memclr                           0x08000253   Thumb Code     4  memseta.o(.text)
    __aeabi_memclr4                          0x08000253   Thumb Code     0  memseta.o(.text)
    __aeabi_memclr8                          0x08000253   Thumb Code     0  memseta.o(.text)
    memset                                   0x08000257   Thumb Code    18  memseta.o(.text)
    __aeabi_fadd                             0x08000269   Thumb Code   164  fadd.o(.text)
    __aeabi_fsub                             0x0800030d   Thumb Code     6  fadd.o(.text)
    __aeabi_frsub                            0x08000313   Thumb Code     6  fadd.o(.text)
    __aeabi_fdiv                             0x08000319   Thumb Code   124  fdiv.o(.text)
    __aeabi_dmul                             0x08000395   Thumb Code   228  dmul.o(.text)
    __aeabi_ddiv                             0x08000479   Thumb Code   222  ddiv.o(.text)
    __ARM_scalbn                             0x08000557   Thumb Code    46  dscalb.o(.text)
    scalbn                                   0x08000557   Thumb Code     0  dscalb.o(.text)
    __aeabi_ui2f                             0x08000585   Thumb Code    10  ffltui.o(.text)
    __aeabi_d2iz                             0x0800058f   Thumb Code    62  dfixi.o(.text)
    __aeabi_f2d                              0x080005cd   Thumb Code    38  f2d.o(.text)
    __aeabi_d2f                              0x080005f3   Thumb Code    56  d2f.o(.text)
    __aeabi_cfcmpeq                          0x0800062d   Thumb Code     0  cfcmple.o(.text)
    __aeabi_cfcmple                          0x0800062d   Thumb Code    20  cfcmple.o(.text)
    __aeabi_cfrcmple                         0x08000641   Thumb Code    20  cfrcmple.o(.text)
    __I$use$fp                               0x08000655   Thumb Code     0  iusefp.o(.text)
    _float_round                             0x08000655   Thumb Code    18  fepilogue.o(.text)
    _float_epilogue                          0x08000667   Thumb Code    92  fepilogue.o(.text)
    _double_round                            0x080006c3   Thumb Code    30  depilogue.o(.text)
    _double_epilogue                         0x080006e1   Thumb Code   156  depilogue.o(.text)
    __scatterload                            0x0800077d   Thumb Code    28  init.o(.text)
    __scatterload_rt2                        0x0800077d   Thumb Code     0  init.o(.text)
    __aeabi_llsl                             0x080007a1   Thumb Code    30  llshl.o(.text)
    _ll_shift_l                              0x080007a1   Thumb Code     0  llshl.o(.text)
    __decompress                             0x080007bf   Thumb Code     0  __dczerorl.o(.text)
    __decompress0                            0x080007bf   Thumb Code    58  __dczerorl.o(.text)
    ADC_ConversionStop_Disable               0x080007f9   Thumb Code    76  stm32f1xx_hal_adc.o(i.ADC_ConversionStop_Disable)
    ADC_DMAConvCplt                          0x08000845   Thumb Code    78  stm32f1xx_hal_adc.o(i.ADC_DMAConvCplt)
    ADC_DMAError                             0x08000893   Thumb Code    26  stm32f1xx_hal_adc.o(i.ADC_DMAError)
    ADC_DMAHalfConvCplt                      0x080008ad   Thumb Code    10  stm32f1xx_hal_adc.o(i.ADC_DMAHalfConvCplt)
    ADC_Enable                               0x080008b9   Thumb Code   104  stm32f1xx_hal_adc.o(i.ADC_Enable)
    BusFault_Handler                         0x08000929   Thumb Code     2  stm32f1xx_it.o(i.BusFault_Handler)
    Csro_Calculate_ntc3380_Temperature_from_Resvalue 0x0800092d   Thumb Code   112  csro_common.o(i.Csro_Calculate_ntc3380_Temperature_from_Resvalue)
    Csro_Calculate_ntc3950_Temperature_from_Resvalue 0x080009a9   Thumb Code   112  csro_common.o(i.Csro_Calculate_ntc3950_Temperature_from_Resvalue)
    DMA1_Channel1_IRQHandler                 0x08000a25   Thumb Code     6  stm32f1xx_it.o(i.DMA1_Channel1_IRQHandler)
    DMA1_Channel2_IRQHandler                 0x08000a31   Thumb Code     6  stm32f1xx_it.o(i.DMA1_Channel2_IRQHandler)
    DMA1_Channel3_IRQHandler                 0x08000a3d   Thumb Code     6  stm32f1xx_it.o(i.DMA1_Channel3_IRQHandler)
    DMA1_Channel4_IRQHandler                 0x08000a49   Thumb Code     6  stm32f1xx_it.o(i.DMA1_Channel4_IRQHandler)
    DMA1_Channel5_IRQHandler                 0x08000a55   Thumb Code     6  stm32f1xx_it.o(i.DMA1_Channel5_IRQHandler)
    DMA1_Channel6_IRQHandler                 0x08000a61   Thumb Code     6  stm32f1xx_it.o(i.DMA1_Channel6_IRQHandler)
    DMA1_Channel7_IRQHandler                 0x08000a6d   Thumb Code     6  stm32f1xx_it.o(i.DMA1_Channel7_IRQHandler)
    DMA2_Channel3_IRQHandler                 0x08000a79   Thumb Code     6  stm32f1xx_it.o(i.DMA2_Channel3_IRQHandler)
    DMA2_Channel4_5_IRQHandler               0x08000a85   Thumb Code     6  stm32f1xx_it.o(i.DMA2_Channel4_5_IRQHandler)
    DebugMon_Handler                         0x08000abb   Thumb Code     2  stm32f1xx_it.o(i.DebugMon_Handler)
    Error_Handler                            0x08000abd   Thumb Code     2  main.o(i.Error_Handler)
    HAL_ADCEx_Calibration_Start              0x08000ac1   Thumb Code   194  stm32f1xx_hal_adc_ex.o(i.HAL_ADCEx_Calibration_Start)
    HAL_ADC_ConfigChannel                    0x08000b89   Thumb Code   240  stm32f1xx_hal_adc.o(i.HAL_ADC_ConfigChannel)
    HAL_ADC_ConvCpltCallback                 0x08000c85   Thumb Code     2  stm32f1xx_hal_adc.o(i.HAL_ADC_ConvCpltCallback)
    HAL_ADC_ConvHalfCpltCallback             0x08000c87   Thumb Code     2  stm32f1xx_hal_adc.o(i.HAL_ADC_ConvHalfCpltCallback)
    HAL_ADC_ErrorCallback                    0x08000c89   Thumb Code     2  stm32f1xx_hal_adc.o(i.HAL_ADC_ErrorCallback)
    HAL_ADC_Init                             0x08000c8d   Thumb Code   272  stm32f1xx_hal_adc.o(i.HAL_ADC_Init)
    HAL_ADC_MspInit                          0x08000dad   Thumb Code   152  adc.o(i.HAL_ADC_MspInit)
    HAL_ADC_Start_DMA                        0x08000e5d   Thumb Code   246  stm32f1xx_hal_adc.o(i.HAL_ADC_Start_DMA)
    HAL_DAC_ConfigChannel                    0x08000f69   Thumb Code    78  stm32f1xx_hal_dac.o(i.HAL_DAC_ConfigChannel)
    HAL_DAC_Init                             0x08000fb7   Thumb Code    40  stm32f1xx_hal_dac.o(i.HAL_DAC_Init)
    HAL_DAC_MspInit                          0x08000fe1   Thumb Code    76  dac.o(i.HAL_DAC_MspInit)
    HAL_DAC_SetValue                         0x08001039   Thumb Code    26  stm32f1xx_hal_dac.o(i.HAL_DAC_SetValue)
    HAL_DAC_Start                            0x08001053   Thumb Code    92  stm32f1xx_hal_dac.o(i.HAL_DAC_Start)
    HAL_DMA_Abort                            0x080010af   Thumb Code    70  stm32f1xx_hal_dma.o(i.HAL_DMA_Abort)
    HAL_DMA_Abort_IT                         0x080010f5   Thumb Code   296  stm32f1xx_hal_dma.o(i.HAL_DMA_Abort_IT)
    HAL_DMA_IRQHandler                       0x08001225   Thumb Code   552  stm32f1xx_hal_dma.o(i.HAL_DMA_IRQHandler)
    HAL_DMA_Init                             0x0800146d   Thumb Code   112  stm32f1xx_hal_dma.o(i.HAL_DMA_Init)
    HAL_DMA_Start_IT                         0x080014e9   Thumb Code   112  stm32f1xx_hal_dma.o(i.HAL_DMA_Start_IT)
    HAL_GPIO_Init                            0x08001559   Thumb Code   462  stm32f1xx_hal_gpio.o(i.HAL_GPIO_Init)
    HAL_GPIO_ReadPin                         0x08001751   Thumb Code    10  stm32f1xx_hal_gpio.o(i.HAL_GPIO_ReadPin)
    HAL_GPIO_TogglePin                       0x0800175b   Thumb Code    14  stm32f1xx_hal_gpio.o(i.HAL_GPIO_TogglePin)
    HAL_GPIO_WritePin                        0x08001769   Thumb Code    10  stm32f1xx_hal_gpio.o(i.HAL_GPIO_WritePin)
    HAL_GetTick                              0x08001775   Thumb Code     6  stm32f1xx_hal.o(i.HAL_GetTick)
    HAL_IncTick                              0x08001781   Thumb Code    12  stm32f1xx_hal.o(i.HAL_IncTick)
    HAL_Init                                 0x08001791   Thumb Code    32  stm32f1xx_hal.o(i.HAL_Init)
    HAL_InitTick                             0x080017b5   Thumb Code    98  stm32f1xx_hal_timebase_tim.o(i.HAL_InitTick)
    HAL_MspInit                              0x08001829   Thumb Code    62  stm32f1xx_hal_msp.o(i.HAL_MspInit)
    HAL_NVIC_EnableIRQ                       0x08001871   Thumb Code    26  stm32f1xx_hal_cortex.o(i.HAL_NVIC_EnableIRQ)
    HAL_NVIC_SetPriority                     0x0800188d   Thumb Code    60  stm32f1xx_hal_cortex.o(i.HAL_NVIC_SetPriority)
    HAL_NVIC_SetPriorityGrouping             0x080018cd   Thumb Code    26  stm32f1xx_hal_cortex.o(i.HAL_NVIC_SetPriorityGrouping)
    HAL_RCCEx_GetPeriphCLKFreq               0x080018f1   Thumb Code   180  stm32f1xx_hal_rcc_ex.o(i.HAL_RCCEx_GetPeriphCLKFreq)
    HAL_RCCEx_PeriphCLKConfig                0x080019c5   Thumb Code   224  stm32f1xx_hal_rcc_ex.o(i.HAL_RCCEx_PeriphCLKConfig)
    HAL_RCC_ClockConfig                      0x08001ab1   Thumb Code   280  stm32f1xx_hal_rcc.o(i.HAL_RCC_ClockConfig)
    HAL_RCC_GetClockConfig                   0x08001bdd   Thumb Code    54  stm32f1xx_hal_rcc.o(i.HAL_RCC_GetClockConfig)
    HAL_RCC_GetPCLK1Freq                     0x08001c1d   Thumb Code    20  stm32f1xx_hal_rcc.o(i.HAL_RCC_GetPCLK1Freq)
    HAL_RCC_GetPCLK2Freq                     0x08001c3d   Thumb Code    20  stm32f1xx_hal_rcc.o(i.HAL_RCC_GetPCLK2Freq)
    HAL_RCC_GetSysClockFreq                  0x08001c5d   Thumb Code    74  stm32f1xx_hal_rcc.o(i.HAL_RCC_GetSysClockFreq)
    HAL_RCC_OscConfig                        0x08001cc9   Thumb Code   778  stm32f1xx_hal_rcc.o(i.HAL_RCC_OscConfig)
    HAL_TIMEx_BreakCallback                  0x08001fe9   Thumb Code     2  stm32f1xx_hal_tim_ex.o(i.HAL_TIMEx_BreakCallback)
    HAL_TIMEx_CommutCallback                 0x08001feb   Thumb Code     2  stm32f1xx_hal_tim_ex.o(i.HAL_TIMEx_CommutCallback)
    HAL_TIMEx_MasterConfigSynchronization    0x08001fed   Thumb Code    66  stm32f1xx_hal_tim_ex.o(i.HAL_TIMEx_MasterConfigSynchronization)
    HAL_TIM_Base_Init                        0x0800202f   Thumb Code    54  stm32f1xx_hal_tim.o(i.HAL_TIM_Base_Init)
    HAL_TIM_Base_MspInit                     0x08002065   Thumb Code    30  tim.o(i.HAL_TIM_Base_MspInit)
    HAL_TIM_Base_Start_IT                    0x08002089   Thumb Code    34  stm32f1xx_hal_tim.o(i.HAL_TIM_Base_Start_IT)
    HAL_TIM_ConfigClockSource                0x080020ab   Thumb Code   214  stm32f1xx_hal_tim.o(i.HAL_TIM_ConfigClockSource)
    HAL_TIM_IC_CaptureCallback               0x08002181   Thumb Code     2  stm32f1xx_hal_tim.o(i.HAL_TIM_IC_CaptureCallback)
    HAL_TIM_IRQHandler                       0x08002183   Thumb Code   358  stm32f1xx_hal_tim.o(i.HAL_TIM_IRQHandler)
    HAL_TIM_MspPostInit                      0x080022e9   Thumb Code   114  tim.o(i.HAL_TIM_MspPostInit)
    HAL_TIM_OC_DelayElapsedCallback          0x0800236d   Thumb Code     2  stm32f1xx_hal_tim.o(i.HAL_TIM_OC_DelayElapsedCallback)
    HAL_TIM_PWM_ConfigChannel                0x0800236f   Thumb Code   208  stm32f1xx_hal_tim.o(i.HAL_TIM_PWM_ConfigChannel)
    HAL_TIM_PWM_Init                         0x0800243f   Thumb Code    54  stm32f1xx_hal_tim.o(i.HAL_TIM_PWM_Init)
    HAL_TIM_PWM_MspInit                      0x08002475   Thumb Code     2  stm32f1xx_hal_tim.o(i.HAL_TIM_PWM_MspInit)
    HAL_TIM_PWM_PulseFinishedCallback        0x08002477   Thumb Code     2  stm32f1xx_hal_tim.o(i.HAL_TIM_PWM_PulseFinishedCallback)
    HAL_TIM_PWM_Start                        0x08002479   Thumb Code    58  stm32f1xx_hal_tim.o(i.HAL_TIM_PWM_Start)
    HAL_TIM_PeriodElapsedCallback            0x080024bd   Thumb Code    14  main.o(i.HAL_TIM_PeriodElapsedCallback)
    HAL_TIM_TriggerCallback                  0x080024d1   Thumb Code     2  stm32f1xx_hal_tim.o(i.HAL_TIM_TriggerCallback)
    HAL_UART_DMAStop                         0x080024d3   Thumb Code    88  stm32f1xx_hal_uart.o(i.HAL_UART_DMAStop)
    HAL_UART_ErrorCallback                   0x0800252b   Thumb Code     2  stm32f1xx_hal_uart.o(i.HAL_UART_ErrorCallback)
    HAL_UART_IRQHandler                      0x0800252d   Thumb Code   266  stm32f1xx_hal_uart.o(i.HAL_UART_IRQHandler)
    HAL_UART_Init                            0x0800263d   Thumb Code    98  stm32f1xx_hal_uart.o(i.HAL_UART_Init)
    HAL_UART_MspInit                         0x080026a1   Thumb Code   848  usart.o(i.HAL_UART_MspInit)
    HAL_UART_Receive_DMA                     0x08002a25   Thumb Code   138  stm32f1xx_hal_uart.o(i.HAL_UART_Receive_DMA)
    HAL_UART_RxCpltCallback                  0x08002abd   Thumb Code     2  stm32f1xx_hal_uart.o(i.HAL_UART_RxCpltCallback)
    HAL_UART_RxHalfCpltCallback              0x08002abf   Thumb Code     2  stm32f1xx_hal_uart.o(i.HAL_UART_RxHalfCpltCallback)
    HAL_UART_Transmit_DMA                    0x08002ac1   Thumb Code   114  stm32f1xx_hal_uart.o(i.HAL_UART_Transmit_DMA)
    HAL_UART_TxCpltCallback                  0x08002b41   Thumb Code    32  stm32f1xx_it.o(i.HAL_UART_TxCpltCallback)
    HAL_UART_TxHalfCpltCallback              0x08002b6d   Thumb Code     2  stm32f1xx_hal_uart.o(i.HAL_UART_TxHalfCpltCallback)
    HardFault_Handler                        0x08002b6f   Thumb Code     2  stm32f1xx_it.o(i.HardFault_Handler)
    MX_ADC1_Init                             0x08002b71   Thumb Code   258  adc.o(i.MX_ADC1_Init)
    MX_DAC_Init                              0x08002c7d   Thumb Code    66  dac.o(i.MX_DAC_Init)
    MX_DMA_Init                              0x08002cc9   Thumb Code   184  dma.o(i.MX_DMA_Init)
    MX_FREERTOS_Init                         0x08002d85   Thumb Code   140  freertos.o(i.MX_FREERTOS_Init)
    MX_GPIO_Init                             0x08002e19   Thumb Code   300  gpio.o(i.MX_GPIO_Init)
    MX_TIM2_Init                             0x08002f5d   Thumb Code   196  tim.o(i.MX_TIM2_Init)
    MX_UART4_Init                            0x08003025   Thumb Code    48  usart.o(i.MX_UART4_Init)
    MX_USART1_UART_Init                      0x0800305d   Thumb Code    48  usart.o(i.MX_USART1_UART_Init)
    MX_USART2_UART_Init                      0x08003095   Thumb Code    48  usart.o(i.MX_USART2_UART_Init)
    MX_USART3_UART_Init                      0x080030cd   Thumb Code    48  usart.o(i.MX_USART3_UART_Init)
    MemManage_Handler                        0x08003105   Thumb Code     2  stm32f1xx_it.o(i.MemManage_Handler)
    NMI_Handler                              0x08003107   Thumb Code     2  stm32f1xx_it.o(i.NMI_Handler)
    SysTick_Handler                          0x08003109   Thumb Code    38  port.o(i.SysTick_Handler)
    SystemClock_Config                       0x08003135   Thumb Code    96  main.o(i.SystemClock_Config)
    SystemInit                               0x08003195   Thumb Code    56  system_stm32f1xx.o(i.SystemInit)
    TIM8_UP_IRQHandler                       0x080031dd   Thumb Code     6  stm32f1xx_it.o(i.TIM8_UP_IRQHandler)
    TIM_Base_SetConfig                       0x080031e9   Thumb Code   120  stm32f1xx_hal_tim.o(i.TIM_Base_SetConfig)
    TIM_CCxChannelCmd                        0x08003275   Thumb Code    26  stm32f1xx_hal_tim.o(i.TIM_CCxChannelCmd)
    TIM_ETR_SetConfig                        0x0800328f   Thumb Code    20  stm32f1xx_hal_tim.o(i.TIM_ETR_SetConfig)
    TIM_OC2_SetConfig                        0x08003315   Thumb Code    98  stm32f1xx_hal_tim.o(i.TIM_OC2_SetConfig)
    Task01_cps_write_task                    0x08003481   Thumb Code    14  freertos.o(i.Task01_cps_write_task)
    Task02_cps_read_task                     0x08003495   Thumb Code    12  freertos.o(i.Task02_cps_read_task)
    Task03_hmi_wait_cmd_task                 0x080034a1   Thumb Code    14  freertos.o(i.Task03_hmi_wait_cmd_task)
    Task04_aqi_read_task                     0x080034b5   Thumb Code    18  freertos.o(i.Task04_aqi_read_task)
    Task05_pwm_adc_dac_gpio_task             0x080034cd   Thumb Code   794  freertos.o(i.Task05_pwm_adc_dac_gpio_task)
    Task06_misc_func_task                    0x08003825   Thumb Code    22  freertos.o(i.Task06_misc_func_task)
    UART4_IRQHandler                         0x08003841   Thumb Code     6  stm32f1xx_it.o(i.UART4_IRQHandler)
    USART1_IRQHandler                        0x08003b05   Thumb Code    20  stm32f1xx_it.o(i.USART1_IRQHandler)
    USART2_IRQHandler                        0x08003b21   Thumb Code    20  stm32f1xx_it.o(i.USART2_IRQHandler)
    USART3_IRQHandler                        0x08003b3d   Thumb Code    20  stm32f1xx_it.o(i.USART3_IRQHandler)
    UsageFault_Handler                       0x08003b59   Thumb Code     2  stm32f1xx_it.o(i.UsageFault_Handler)
    __scatterload_copy                       0x08003b7b   Thumb Code    14  handlers.o(i.__scatterload_copy)
    __scatterload_null                       0x08003b89   Thumb Code     2  handlers.o(i.__scatterload_null)
    __scatterload_zeroinit                   0x08003b8b   Thumb Code    14  handlers.o(i.__scatterload_zeroinit)
    csro_master_aqi_init                     0x08003b99   Thumb Code    70  mb_master_aqi.o(i.csro_master_aqi_init)
    csro_master_aqi_read_task                0x08003bf9   Thumb Code   122  mb_master_aqi.o(i.csro_master_aqi_read_task)
    csro_master_cps_init                     0x08003c81   Thumb Code   118  mb_master_cps.o(i.csro_master_cps_init)
    csro_master_cps_read_task                0x08003d19   Thumb Code   226  mb_master_cps.o(i.csro_master_cps_read_task)
    csro_master_cps_write_task               0x08003e09   Thumb Code   180  mb_master_cps.o(i.csro_master_cps_write_task)
    csro_slave_hmi_init                      0x08003ecd   Thumb Code   132  mb_slave_hmi.o(i.csro_slave_hmi_init)
    csro_slave_hmi_wait_cmd                  0x08003f75   Thumb Code    52  mb_slave_hmi.o(i.csro_slave_hmi_wait_cmd)
    main                                     0x08003fbd   Thumb Code    54  main.o(i.main)
    master_aqi_send_receive                  0x08004001   Thumb Code   140  mb_master_aqi.o(i.master_aqi_send_receive)
    master_aqi_set_rx                        0x08004099   Thumb Code    12  mb_master_aqi.o(i.master_aqi_set_rx)
    master_aqi_set_tx                        0x080040a9   Thumb Code    10  mb_master_aqi.o(i.master_aqi_set_tx)
    master_aqi_uart_idle                     0x080040b9   Thumb Code    54  mb_master_aqi.o(i.master_aqi_uart_idle)
    master_cps_send_receive                  0x080040f9   Thumb Code   140  mb_master_cps.o(i.master_cps_send_receive)
    master_cps_set_rx                        0x08004191   Thumb Code    12  mb_master_cps.o(i.master_cps_set_rx)
    master_cps_set_tx                        0x080041a1   Thumb Code    10  mb_master_cps.o(i.master_cps_set_tx)
    master_cps_trigger_write                 0x080041b1   Thumb Code     8  mb_master_cps.o(i.master_cps_trigger_write)
    master_cps_uart_idle                     0x080041bd   Thumb Code    54  mb_master_cps.o(i.master_cps_uart_idle)
    master_crc16                             0x080041fd   Thumb Code    52  mb_crc.o(i.master_crc16)
    master_read_holding_regs                 0x08004235   Thumb Code   130  mb_master.o(i.master_read_holding_regs)
    master_write_cps_tim_callback            0x08004305   Thumb Code    42  mb_master_cps.o(i.master_write_cps_tim_callback)
    master_write_multi_holding_regs          0x08004339   Thumb Code   174  mb_master.o(i.master_write_multi_holding_regs)
    master_write_single_holding_reg          0x080043e7   Thumb Code   134  mb_master.o(i.master_write_single_holding_reg)
    osDelay                                  0x0800446d   Thumb Code    14  cmsis_os.o(i.osDelay)
    osKernelStart                            0x0800447b   Thumb Code    10  cmsis_os.o(i.osKernelStart)
    osMutexCreate                            0x08004485   Thumb Code     6  cmsis_os.o(i.osMutexCreate)
    osMutexRelease                           0x0800448d   Thumb Code    74  cmsis_os.o(i.osMutexRelease)
    osMutexWait                              0x080044dd   Thumb Code    96  cmsis_os.o(i.osMutexWait)
    osSemaphoreCreate                        0x08004541   Thumb Code    38  cmsis_os.o(i.osSemaphoreCreate)
    osSemaphoreRelease                       0x08004569   Thumb Code    74  cmsis_os.o(i.osSemaphoreRelease)
    osSemaphoreWait                          0x080045b9   Thumb Code    96  cmsis_os.o(i.osSemaphoreWait)
    osThreadCreate                           0x0800461d   Thumb Code    46  cmsis_os.o(i.osThreadCreate)
    osTimerCreate                            0x0800464d   Thumb Code    30  cmsis_os.o(i.osTimerCreate)
    osTimerStart                             0x08004671   Thumb Code    88  cmsis_os.o(i.osTimerStart)
    pvPortMalloc                             0x08004db9   Thumb Code   210  heap_4.o(i.pvPortMalloc)
    pvTaskIncrementMutexHeldCount            0x08004e91   Thumb Code    18  tasks.o(i.pvTaskIncrementMutexHeldCount)
    pxPortInitialiseStack                    0x08004ea9   Thumb Code    32  port.o(i.pxPortInitialiseStack)
    slave_crc16                              0x08004ecd   Thumb Code    52  mb_crc.o(i.slave_crc16)
    slave_handle_cmd                         0x08004f05   Thumb Code   208  mb_slave.o(i.slave_handle_cmd)
    slave_hmi_reply                          0x08004fd5   Thumb Code    78  mb_slave_hmi.o(i.slave_hmi_reply)
    slave_hmi_set_rx                         0x08005029   Thumb Code    12  mb_slave_hmi.o(i.slave_hmi_set_rx)
    slave_hmi_set_tx                         0x08005039   Thumb Code    12  mb_slave_hmi.o(i.slave_hmi_set_tx)
    slave_hmi_uart_idle                      0x08005049   Thumb Code    54  mb_slave_hmi.o(i.slave_hmi_uart_idle)
    slave_hmi_write_coils_callback           0x08005089   Thumb Code   128  mb_slave_hmi.o(i.slave_hmi_write_coils_callback)
    slave_hmi_write_holdings_callback        0x0800510d   Thumb Code   240  mb_slave_hmi.o(i.slave_hmi_write_holdings_callback)
    uxListRemove                             0x08005691   Thumb Code    38  list.o(i.uxListRemove)
    vListInitialise                          0x080056b7   Thumb Code    22  list.o(i.vListInitialise)
    vListInitialiseItem                      0x080056cd   Thumb Code     6  list.o(i.vListInitialiseItem)
    vListInsert                              0x080056d3   Thumb Code    48  list.o(i.vListInsert)
    vListInsertEnd                           0x08005703   Thumb Code    24  list.o(i.vListInsertEnd)
    vPortEnterCritical                       0x0800571d   Thumb Code    54  port.o(i.vPortEnterCritical)
    vPortExitCritical                        0x0800575d   Thumb Code    34  port.o(i.vPortExitCritical)
    vPortFree                                0x08005785   Thumb Code    88  heap_4.o(i.vPortFree)
    vPortSetupTimerInterrupt                 0x080057e1   Thumb Code    32  port.o(i.vPortSetupTimerInterrupt)
    vPortValidateInterruptPriority           0x08005805   Thumb Code    74  port.o(i.vPortValidateInterruptPriority)
    vQueueAddToRegistry                      0x08005859   Thumb Code    34  queue.o(i.vQueueAddToRegistry)
    vQueueWaitForMessageRestricted           0x08005881   Thumb Code    68  queue.o(i.vQueueWaitForMessageRestricted)
    vTaskDelay                               0x080058c5   Thumb Code    66  tasks.o(i.vTaskDelay)
    vTaskInternalSetTimeOutState             0x08005911   Thumb Code    12  tasks.o(i.vTaskInternalSetTimeOutState)
    vTaskMissedYield                         0x08005921   Thumb Code     8  tasks.o(i.vTaskMissedYield)
    vTaskPlaceOnEventList                    0x0800592d   Thumb Code    44  tasks.o(i.vTaskPlaceOnEventList)
    vTaskPlaceOnEventListRestricted          0x0800595d   Thumb Code    52  tasks.o(i.vTaskPlaceOnEventListRestricted)
    vTaskPriorityDisinheritAfterTimeout      0x08005995   Thumb Code   160  tasks.o(i.vTaskPriorityDisinheritAfterTimeout)
    vTaskStartScheduler                      0x08005a3d   Thumb Code    94  tasks.o(i.vTaskStartScheduler)
    vTaskSuspendAll                          0x08005aad   Thumb Code    10  tasks.o(i.vTaskSuspendAll)
    vTaskSwitchContext                       0x08005abd   Thumb Code    82  tasks.o(i.vTaskSwitchContext)
    xPortStartScheduler                      0x08005b19   Thumb Code   154  port.o(i.xPortStartScheduler)
    xQueueCreateMutex                        0x08005bc1   Thumb Code    36  queue.o(i.xQueueCreateMutex)
    xQueueGenericCreate                      0x08005be5   Thumb Code    72  queue.o(i.xQueueGenericCreate)
    xQueueGenericReset                       0x08005c2d   Thumb Code   132  queue.o(i.xQueueGenericReset)
    xQueueGenericSend                        0x08005cb5   Thumb Code   346  queue.o(i.xQueueGenericSend)
    xQueueGenericSendFromISR                 0x08005e15   Thumb Code   188  queue.o(i.xQueueGenericSendFromISR)
    xQueueGiveFromISR                        0x08005ed1   Thumb Code   156  queue.o(i.xQueueGiveFromISR)
    xQueueReceive                            0x08005f6d   Thumb Code   308  queue.o(i.xQueueReceive)
    xQueueReceiveFromISR                     0x080060a5   Thumb Code   154  queue.o(i.xQueueReceiveFromISR)
    xQueueSemaphoreTake                      0x08006141   Thumb Code   372  queue.o(i.xQueueSemaphoreTake)
    xTaskCheckForTimeOut                     0x080062b9   Thumb Code   112  tasks.o(i.xTaskCheckForTimeOut)
    xTaskCreate                              0x0800632d   Thumb Code    86  tasks.o(i.xTaskCreate)
    xTaskGetSchedulerState                   0x08006385   Thumb Code    22  tasks.o(i.xTaskGetSchedulerState)
    xTaskGetTickCount                        0x080063a1   Thumb Code     6  tasks.o(i.xTaskGetTickCount)
    xTaskIncrementTick                       0x080063ad   Thumb Code   192  tasks.o(i.xTaskIncrementTick)
    xTaskPriorityDisinherit                  0x08006475   Thumb Code   144  tasks.o(i.xTaskPriorityDisinherit)
    xTaskPriorityInherit                     0x0800650d   Thumb Code   138  tasks.o(i.xTaskPriorityInherit)
    xTaskRemoveFromEventList                 0x080065a1   Thumb Code   108  tasks.o(i.xTaskRemoveFromEventList)
    xTaskResumeAll                           0x08006615   Thumb Code   182  tasks.o(i.xTaskResumeAll)
    xTimerCreate                             0x080066d9   Thumb Code    78  timers.o(i.xTimerCreate)
    xTimerCreateTimerTask                    0x08006729   Thumb Code    56  timers.o(i.xTimerCreateTimerTask)
    xTimerGenericCommand                     0x08006771   Thumb Code    92  timers.o(i.xTimerGenericCommand)
    AHBPrescTable                            0x08006848   Data          16  system_stm32f1xx.o(.constdata)
    APBPrescTable                            0x08006858   Data           8  system_stm32f1xx.o(.constdata)
    Region$$Table$$Base                      0x08006a94   Number         0  anon$$obj.o(Region$$Table)
    Region$$Table$$Limit                     0x08006ab4   Number         0  anon$$obj.o(Region$$Table)
    Task01Handle                             0x20000000   Data           4  freertos.o(.data)
    Task02Handle                             0x20000004   Data           4  freertos.o(.data)
    Task03Handle                             0x20000008   Data           4  freertos.o(.data)
    Task04Handle                             0x2000000c   Data           4  freertos.o(.data)
    Task05Handle                             0x20000010   Data           4  freertos.o(.data)
    Task06Handle                             0x20000014   Data           4  freertos.o(.data)
    uwTickFreq                               0x20000018   Data           1  stm32f1xx_hal.o(.data)
    uwTickPrio                               0x2000001c   Data           4  stm32f1xx_hal.o(.data)
    uwTick                                   0x20000020   Data           4  stm32f1xx_hal.o(.data)
    SystemCoreClock                          0x20000024   Data           4  system_stm32f1xx.o(.data)
    pxCurrentTCB                             0x20000028   Data           4  tasks.o(.data)
    hadc1                                    0x20000344   Data          48  adc.o(.bss)
    hdma_adc1                                0x20000374   Data          68  adc.o(.bss)
    hdac                                     0x200003b8   Data          20  dac.o(.bss)
    adc_data                                 0x200003cc   Data         400  freertos.o(.bss)
    htim2                                    0x2000055c   Data          64  tim.o(.bss)
    huart4                                   0x2000059c   Data          64  usart.o(.bss)
    huart1                                   0x200005dc   Data          64  usart.o(.bss)
    huart2                                   0x2000061c   Data          64  usart.o(.bss)
    huart3                                   0x2000065c   Data          64  usart.o(.bss)
    hdma_uart4_rx                            0x2000069c   Data          68  usart.o(.bss)
    hdma_uart4_tx                            0x200006e0   Data          68  usart.o(.bss)
    hdma_usart1_rx                           0x20000724   Data          68  usart.o(.bss)
    hdma_usart1_tx                           0x20000768   Data          68  usart.o(.bss)
    hdma_usart2_rx                           0x200007ac   Data          68  usart.o(.bss)
    hdma_usart2_tx                           0x200007f0   Data          68  usart.o(.bss)
    hdma_usart3_rx                           0x20000834   Data          68  usart.o(.bss)
    hdma_usart3_tx                           0x20000878   Data          68  usart.o(.bss)
    htim8                                    0x200008bc   Data          64  stm32f1xx_hal_timebase_tim.o(.bss)
    xQueueRegistry                           0x200008fc   Data          64  queue.o(.bss)
    master_aqi                               0x20003254   Data        1080  mb_master_aqi.o(.bss)
    master_cps                               0x2000368c   Data        1080  mb_master_cps.o(.bss)
    slave_hmi                                0x20003ac4   Data        1088  mb_slave_hmi.o(.bss)
    sys_regs                                 0x20003f04   Data        2048  mb_slave_hmi.o(.bss)
    __initial_sp                             0x20004f08   Data           0  startup_stm32f103xe.o(STACK)



==============================================================================

Memory Map of the image

  Image Entry point : 0x08000131

  Load Region LR_IROM1 (Base: 0x08000000, Size: 0x00006df8, Max: 0x00080000, ABSOLUTE, COMPRESSED[0x00006d54])

    Execution Region ER_IROM1 (Exec base: 0x08000000, Load base: 0x08000000, Size: 0x00006ab4, Max: 0x00080000, ABSOLUTE)

    Exec Addr    Load Addr    Size         Type   Attr      Idx    E Section Name        Object

    0x08000000   0x08000000   0x00000130   Data   RO            3    RESET               startup_stm32f103xe.o
    0x08000130   0x08000130   0x00000000   Code   RO         5308  * .ARM.Collect$$$$00000000  mc_w.l(entry.o)
    0x08000130   0x08000130   0x00000004   Code   RO         5343    .ARM.Collect$$$$00000001  mc_w.l(entry2.o)
    0x08000134   0x08000134   0x00000004   Code   RO         5346    .ARM.Collect$$$$00000004  mc_w.l(entry5.o)
    0x08000138   0x08000138   0x00000000   Code   RO         5348    .ARM.Collect$$$$00000008  mc_w.l(entry7b.o)
    0x08000138   0x08000138   0x00000000   Code   RO         5350    .ARM.Collect$$$$0000000A  mc_w.l(entry8b.o)
    0x08000138   0x08000138   0x00000008   Code   RO         5351    .ARM.Collect$$$$0000000B  mc_w.l(entry9a.o)
    0x08000140   0x08000140   0x00000000   Code   RO         5353    .ARM.Collect$$$$0000000D  mc_w.l(entry10a.o)
    0x08000140   0x08000140   0x00000000   Code   RO         5355    .ARM.Collect$$$$0000000F  mc_w.l(entry11a.o)
    0x08000140   0x08000140   0x00000004   Code   RO         5344    .ARM.Collect$$$$00002712  mc_w.l(entry2.o)
    0x08000144   0x08000144   0x00000096   Code   RO         4816    .emb_text           port.o
    0x080001da   0x080001da   0x00000002   PAD
    0x080001dc   0x080001dc   0x00000024   Code   RO            4    .text               startup_stm32f103xe.o
    0x08000200   0x08000200   0x00000020   Code   RO         5311    .text               mc_w.l(llushr.o)
    0x08000220   0x08000220   0x00000024   Code   RO         5313    .text               mc_w.l(memcpya.o)
    0x08000244   0x08000244   0x00000024   Code   RO         5317    .text               mc_w.l(memseta.o)
    0x08000268   0x08000268   0x000000b0   Code   RO         5321    .text               mf_w.l(fadd.o)
    0x08000318   0x08000318   0x0000007c   Code   RO         5323    .text               mf_w.l(fdiv.o)
    0x08000394   0x08000394   0x000000e4   Code   RO         5325    .text               mf_w.l(dmul.o)
    0x08000478   0x08000478   0x000000de   Code   RO         5327    .text               mf_w.l(ddiv.o)
    0x08000556   0x08000556   0x0000002e   Code   RO         5329    .text               mf_w.l(dscalb.o)
    0x08000584   0x08000584   0x0000000a   Code   RO         5331    .text               mf_w.l(ffltui.o)
    0x0800058e   0x0800058e   0x0000003e   Code   RO         5333    .text               mf_w.l(dfixi.o)
    0x080005cc   0x080005cc   0x00000026   Code   RO         5335    .text               mf_w.l(f2d.o)
    0x080005f2   0x080005f2   0x00000038   Code   RO         5337    .text               mf_w.l(d2f.o)
    0x0800062a   0x0800062a   0x00000002   PAD
    0x0800062c   0x0800062c   0x00000014   Code   RO         5339    .text               mf_w.l(cfcmple.o)
    0x08000640   0x08000640   0x00000014   Code   RO         5341    .text               mf_w.l(cfrcmple.o)
    0x08000654   0x08000654   0x00000000   Code   RO         5357    .text               mc_w.l(iusefp.o)
    0x08000654   0x08000654   0x0000006e   Code   RO         5358    .text               mf_w.l(fepilogue.o)
    0x080006c2   0x080006c2   0x000000ba   Code   RO         5360    .text               mf_w.l(depilogue.o)
    0x0800077c   0x0800077c   0x00000024   Code   RO         5362    .text               mc_w.l(init.o)
    0x080007a0   0x080007a0   0x0000001e   Code   RO         5364    .text               mc_w.l(llshl.o)
    0x080007be   0x080007be   0x0000003a   Code   RO         5374    .text               mc_w.l(__dczerorl.o)
    0x080007f8   0x080007f8   0x0000004c   Code   RO          788    i.ADC_ConversionStop_Disable  stm32f1xx_hal_adc.o
    0x08000844   0x08000844   0x0000004e   Code   RO          789    i.ADC_DMAConvCplt   stm32f1xx_hal_adc.o
    0x08000892   0x08000892   0x0000001a   Code   RO          790    i.ADC_DMAError      stm32f1xx_hal_adc.o
    0x080008ac   0x080008ac   0x0000000a   Code   RO          791    i.ADC_DMAHalfConvCplt  stm32f1xx_hal_adc.o
    0x080008b6   0x080008b6   0x00000002   PAD
    0x080008b8   0x080008b8   0x00000070   Code   RO          792    i.ADC_Enable        stm32f1xx_hal_adc.o
    0x08000928   0x08000928   0x00000002   Code   RO          541    i.BusFault_Handler  stm32f1xx_it.o
    0x0800092a   0x0800092a   0x00000002   PAD
    0x0800092c   0x0800092c   0x0000007c   Code   RO         4896    i.Csro_Calculate_ntc3380_Temperature_from_Resvalue  csro_common.o
    0x080009a8   0x080009a8   0x0000007c   Code   RO         4897    i.Csro_Calculate_ntc3950_Temperature_from_Resvalue  csro_common.o
    0x08000a24   0x08000a24   0x0000000c   Code   RO          542    i.DMA1_Channel1_IRQHandler  stm32f1xx_it.o
    0x08000a30   0x08000a30   0x0000000c   Code   RO          543    i.DMA1_Channel2_IRQHandler  stm32f1xx_it.o
    0x08000a3c   0x08000a3c   0x0000000c   Code   RO          544    i.DMA1_Channel3_IRQHandler  stm32f1xx_it.o
    0x08000a48   0x08000a48   0x0000000c   Code   RO          545    i.DMA1_Channel4_IRQHandler  stm32f1xx_it.o
    0x08000a54   0x08000a54   0x0000000c   Code   RO          546    i.DMA1_Channel5_IRQHandler  stm32f1xx_it.o
    0x08000a60   0x08000a60   0x0000000c   Code   RO          547    i.DMA1_Channel6_IRQHandler  stm32f1xx_it.o
    0x08000a6c   0x08000a6c   0x0000000c   Code   RO          548    i.DMA1_Channel7_IRQHandler  stm32f1xx_it.o
    0x08000a78   0x08000a78   0x0000000c   Code   RO          549    i.DMA2_Channel3_IRQHandler  stm32f1xx_it.o
    0x08000a84   0x08000a84   0x0000000c   Code   RO          550    i.DMA2_Channel4_5_IRQHandler  stm32f1xx_it.o
    0x08000a90   0x08000a90   0x0000002a   Code   RO         2924    i.DMA_SetConfig     stm32f1xx_hal_dma.o
    0x08000aba   0x08000aba   0x00000002   Code   RO          551    i.DebugMon_Handler  stm32f1xx_it.o
    0x08000abc   0x08000abc   0x00000002   Code   RO           13    i.Error_Handler     main.o
    0x08000abe   0x08000abe   0x00000002   PAD
    0x08000ac0   0x08000ac0   0x000000c8   Code   RO          968    i.HAL_ADCEx_Calibration_Start  stm32f1xx_hal_adc_ex.o
    0x08000b88   0x08000b88   0x000000fc   Code   RO          794    i.HAL_ADC_ConfigChannel  stm32f1xx_hal_adc.o
    0x08000c84   0x08000c84   0x00000002   Code   RO          795    i.HAL_ADC_ConvCpltCallback  stm32f1xx_hal_adc.o
    0x08000c86   0x08000c86   0x00000002   Code   RO          796    i.HAL_ADC_ConvHalfCpltCallback  stm32f1xx_hal_adc.o
    0x08000c88   0x08000c88   0x00000002   Code   RO          798    i.HAL_ADC_ErrorCallback  stm32f1xx_hal_adc.o
    0x08000c8a   0x08000c8a   0x00000002   PAD
    0x08000c8c   0x08000c8c   0x00000120   Code   RO          803    i.HAL_ADC_Init      stm32f1xx_hal_adc.o
    0x08000dac   0x08000dac   0x000000b0   Code   RO          241    i.HAL_ADC_MspInit   adc.o
    0x08000e5c   0x08000e5c   0x0000010c   Code   RO          810    i.HAL_ADC_Start_DMA  stm32f1xx_hal_adc.o
    0x08000f68   0x08000f68   0x0000004e   Code   RO         1067    i.HAL_DAC_ConfigChannel  stm32f1xx_hal_dac.o
    0x08000fb6   0x08000fb6   0x00000028   Code   RO         1077    i.HAL_DAC_Init      stm32f1xx_hal_dac.o
    0x08000fde   0x08000fde   0x00000002   PAD
    0x08000fe0   0x08000fe0   0x00000058   Code   RO          283    i.HAL_DAC_MspInit   dac.o
    0x08001038   0x08001038   0x0000001a   Code   RO         1080    i.HAL_DAC_SetValue  stm32f1xx_hal_dac.o
    0x08001052   0x08001052   0x0000005c   Code   RO         1081    i.HAL_DAC_Start     stm32f1xx_hal_dac.o
    0x080010ae   0x080010ae   0x00000046   Code   RO         2925    i.HAL_DMA_Abort     stm32f1xx_hal_dma.o
    0x080010f4   0x080010f4   0x00000130   Code   RO         2926    i.HAL_DMA_Abort_IT  stm32f1xx_hal_dma.o
    0x08001224   0x08001224   0x00000248   Code   RO         2930    i.HAL_DMA_IRQHandler  stm32f1xx_hal_dma.o
    0x0800146c   0x0800146c   0x0000007c   Code   RO         2931    i.HAL_DMA_Init      stm32f1xx_hal_dma.o
    0x080014e8   0x080014e8   0x00000070   Code   RO         2935    i.HAL_DMA_Start_IT  stm32f1xx_hal_dma.o
    0x08001558   0x08001558   0x000001f8   Code   RO         2861    i.HAL_GPIO_Init     stm32f1xx_hal_gpio.o
    0x08001750   0x08001750   0x0000000a   Code   RO         2863    i.HAL_GPIO_ReadPin  stm32f1xx_hal_gpio.o
    0x0800175a   0x0800175a   0x0000000e   Code   RO         2864    i.HAL_GPIO_TogglePin  stm32f1xx_hal_gpio.o
    0x08001768   0x08001768   0x0000000a   Code   RO         2865    i.HAL_GPIO_WritePin  stm32f1xx_hal_gpio.o
    0x08001772   0x08001772   0x00000002   PAD
    0x08001774   0x08001774   0x0000000c   Code   RO         2557    i.HAL_GetTick       stm32f1xx_hal.o
    0x08001780   0x08001780   0x00000010   Code   RO         2563    i.HAL_IncTick       stm32f1xx_hal.o
    0x08001790   0x08001790   0x00000024   Code   RO         2564    i.HAL_Init          stm32f1xx_hal.o
    0x080017b4   0x080017b4   0x00000074   Code   RO          713    i.HAL_InitTick      stm32f1xx_hal_timebase_tim.o
    0x08001828   0x08001828   0x00000048   Code   RO          689    i.HAL_MspInit       stm32f1xx_hal_msp.o
    0x08001870   0x08001870   0x0000001a   Code   RO         3021    i.HAL_NVIC_EnableIRQ  stm32f1xx_hal_cortex.o
    0x0800188a   0x0800188a   0x00000002   PAD
    0x0800188c   0x0800188c   0x00000040   Code   RO         3027    i.HAL_NVIC_SetPriority  stm32f1xx_hal_cortex.o
    0x080018cc   0x080018cc   0x00000024   Code   RO         3028    i.HAL_NVIC_SetPriorityGrouping  stm32f1xx_hal_cortex.o
    0x080018f0   0x080018f0   0x000000d4   Code   RO         2823    i.HAL_RCCEx_GetPeriphCLKFreq  stm32f1xx_hal_rcc_ex.o
    0x080019c4   0x080019c4   0x000000ec   Code   RO         2824    i.HAL_RCCEx_PeriphCLKConfig  stm32f1xx_hal_rcc_ex.o
    0x08001ab0   0x08001ab0   0x0000012c   Code   RO         2721    i.HAL_RCC_ClockConfig  stm32f1xx_hal_rcc.o
    0x08001bdc   0x08001bdc   0x00000040   Code   RO         2725    i.HAL_RCC_GetClockConfig  stm32f1xx_hal_rcc.o
    0x08001c1c   0x08001c1c   0x00000020   Code   RO         2728    i.HAL_RCC_GetPCLK1Freq  stm32f1xx_hal_rcc.o
    0x08001c3c   0x08001c3c   0x00000020   Code   RO         2729    i.HAL_RCC_GetPCLK2Freq  stm32f1xx_hal_rcc.o
    0x08001c5c   0x08001c5c   0x0000006c   Code   RO         2730    i.HAL_RCC_GetSysClockFreq  stm32f1xx_hal_rcc.o
    0x08001cc8   0x08001cc8   0x00000320   Code   RO         2733    i.HAL_RCC_OscConfig  stm32f1xx_hal_rcc.o
    0x08001fe8   0x08001fe8   0x00000002   Code   RO         1969    i.HAL_TIMEx_BreakCallback  stm32f1xx_hal_tim_ex.o
    0x08001fea   0x08001fea   0x00000002   Code   RO         1970    i.HAL_TIMEx_CommutCallback  stm32f1xx_hal_tim_ex.o
    0x08001fec   0x08001fec   0x00000042   Code   RO         1987    i.HAL_TIMEx_MasterConfigSynchronization  stm32f1xx_hal_tim_ex.o
    0x0800202e   0x0800202e   0x00000036   Code   RO         1294    i.HAL_TIM_Base_Init  stm32f1xx_hal_tim.o
    0x08002064   0x08002064   0x00000024   Code   RO          434    i.HAL_TIM_Base_MspInit  tim.o
    0x08002088   0x08002088   0x00000022   Code   RO         1299    i.HAL_TIM_Base_Start_IT  stm32f1xx_hal_tim.o
    0x080020aa   0x080020aa   0x000000d6   Code   RO         1303    i.HAL_TIM_ConfigClockSource  stm32f1xx_hal_tim.o
    0x08002180   0x08002180   0x00000002   Code   RO         1323    i.HAL_TIM_IC_CaptureCallback  stm32f1xx_hal_tim.o
    0x08002182   0x08002182   0x00000166   Code   RO         1337    i.HAL_TIM_IRQHandler  stm32f1xx_hal_tim.o
    0x080022e8   0x080022e8   0x00000084   Code   RO          435    i.HAL_TIM_MspPostInit  tim.o
    0x0800236c   0x0800236c   0x00000002   Code   RO         1340    i.HAL_TIM_OC_DelayElapsedCallback  stm32f1xx_hal_tim.o
    0x0800236e   0x0800236e   0x000000d0   Code   RO         1361    i.HAL_TIM_PWM_ConfigChannel  stm32f1xx_hal_tim.o
    0x0800243e   0x0800243e   0x00000036   Code   RO         1364    i.HAL_TIM_PWM_Init  stm32f1xx_hal_tim.o
    0x08002474   0x08002474   0x00000002   Code   RO         1366    i.HAL_TIM_PWM_MspInit  stm32f1xx_hal_tim.o
    0x08002476   0x08002476   0x00000002   Code   RO         1367    i.HAL_TIM_PWM_PulseFinishedCallback  stm32f1xx_hal_tim.o
    0x08002478   0x08002478   0x00000044   Code   RO         1369    i.HAL_TIM_PWM_Start  stm32f1xx_hal_tim.o
    0x080024bc   0x080024bc   0x00000014   Code   RO           14    i.HAL_TIM_PeriodElapsedCallback  main.o
    0x080024d0   0x080024d0   0x00000002   Code   RO         1380    i.HAL_TIM_TriggerCallback  stm32f1xx_hal_tim.o
    0x080024d2   0x080024d2   0x00000058   Code   RO         2239    i.HAL_UART_DMAStop  stm32f1xx_hal_uart.o
    0x0800252a   0x0800252a   0x00000002   Code   RO         2241    i.HAL_UART_ErrorCallback  stm32f1xx_hal_uart.o
    0x0800252c   0x0800252c   0x00000110   Code   RO         2244    i.HAL_UART_IRQHandler  stm32f1xx_hal_uart.o
    0x0800263c   0x0800263c   0x00000062   Code   RO         2245    i.HAL_UART_Init     stm32f1xx_hal_uart.o
    0x0800269e   0x0800269e   0x00000002   PAD
    0x080026a0   0x080026a0   0x00000384   Code   RO          482    i.HAL_UART_MspInit  usart.o
    0x08002a24   0x08002a24   0x00000098   Code   RO         2249    i.HAL_UART_Receive_DMA  stm32f1xx_hal_uart.o
    0x08002abc   0x08002abc   0x00000002   Code   RO         2251    i.HAL_UART_RxCpltCallback  stm32f1xx_hal_uart.o
    0x08002abe   0x08002abe   0x00000002   Code   RO         2252    i.HAL_UART_RxHalfCpltCallback  stm32f1xx_hal_uart.o
    0x08002ac0   0x08002ac0   0x00000080   Code   RO         2254    i.HAL_UART_Transmit_DMA  stm32f1xx_hal_uart.o
    0x08002b40   0x08002b40   0x0000002c   Code   RO          552    i.HAL_UART_TxCpltCallback  stm32f1xx_it.o
    0x08002b6c   0x08002b6c   0x00000002   Code   RO         2257    i.HAL_UART_TxHalfCpltCallback  stm32f1xx_hal_uart.o
    0x08002b6e   0x08002b6e   0x00000002   Code   RO          553    i.HardFault_Handler  stm32f1xx_it.o
    0x08002b70   0x08002b70   0x0000010c   Code   RO          242    i.MX_ADC1_Init      adc.o
    0x08002c7c   0x08002c7c   0x0000004c   Code   RO          284    i.MX_DAC_Init       dac.o
    0x08002cc8   0x08002cc8   0x000000bc   Code   RO          324    i.MX_DMA_Init       dma.o
    0x08002d84   0x08002d84   0x00000094   Code   RO          348    i.MX_FREERTOS_Init  freertos.o
    0x08002e18   0x08002e18   0x00000144   Code   RO          216    i.MX_GPIO_Init      gpio.o
    0x08002f5c   0x08002f5c   0x000000c8   Code   RO          436    i.MX_TIM2_Init      tim.o
    0x08003024   0x08003024   0x00000038   Code   RO          483    i.MX_UART4_Init     usart.o
    0x0800305c   0x0800305c   0x00000038   Code   RO          484    i.MX_USART1_UART_Init  usart.o
    0x08003094   0x08003094   0x00000038   Code   RO          485    i.MX_USART2_UART_Init  usart.o
    0x080030cc   0x080030cc   0x00000038   Code   RO          486    i.MX_USART3_UART_Init  usart.o
    0x08003104   0x08003104   0x00000002   Code   RO          554    i.MemManage_Handler  stm32f1xx_it.o
    0x08003106   0x08003106   0x00000002   Code   RO          555    i.NMI_Handler       stm32f1xx_it.o
    0x08003108   0x08003108   0x0000002c   Code   RO         4817    i.SysTick_Handler   port.o
    0x08003134   0x08003134   0x00000060   Code   RO           15    i.SystemClock_Config  main.o
    0x08003194   0x08003194   0x00000048   Code   RO         3522    i.SystemInit        system_stm32f1xx.o
    0x080031dc   0x080031dc   0x0000000c   Code   RO          556    i.TIM8_UP_IRQHandler  stm32f1xx_it.o
    0x080031e8   0x080031e8   0x0000008c   Code   RO         1382    i.TIM_Base_SetConfig  stm32f1xx_hal_tim.o
    0x08003274   0x08003274   0x0000001a   Code   RO         1383    i.TIM_CCxChannelCmd  stm32f1xx_hal_tim.o
    0x0800328e   0x0800328e   0x00000014   Code   RO         1393    i.TIM_ETR_SetConfig  stm32f1xx_hal_tim.o
    0x080032a2   0x080032a2   0x00000010   Code   RO         1394    i.TIM_ITRx_SetConfig  stm32f1xx_hal_tim.o
    0x080032b2   0x080032b2   0x00000002   PAD
    0x080032b4   0x080032b4   0x00000060   Code   RO         1395    i.TIM_OC1_SetConfig  stm32f1xx_hal_tim.o
    0x08003314   0x08003314   0x0000006c   Code   RO         1396    i.TIM_OC2_SetConfig  stm32f1xx_hal_tim.o
    0x08003380   0x08003380   0x00000068   Code   RO         1397    i.TIM_OC3_SetConfig  stm32f1xx_hal_tim.o
    0x080033e8   0x080033e8   0x00000050   Code   RO         1398    i.TIM_OC4_SetConfig  stm32f1xx_hal_tim.o
    0x08003438   0x08003438   0x00000022   Code   RO         1400    i.TIM_TI1_ConfigInputStage  stm32f1xx_hal_tim.o
    0x0800345a   0x0800345a   0x00000024   Code   RO         1402    i.TIM_TI2_ConfigInputStage  stm32f1xx_hal_tim.o
    0x0800347e   0x0800347e   0x00000002   PAD
    0x08003480   0x08003480   0x00000014   Code   RO          349    i.Task01_cps_write_task  freertos.o
    0x08003494   0x08003494   0x0000000c   Code   RO          350    i.Task02_cps_read_task  freertos.o
    0x080034a0   0x080034a0   0x00000014   Code   RO          351    i.Task03_hmi_wait_cmd_task  freertos.o
    0x080034b4   0x080034b4   0x00000018   Code   RO          352    i.Task04_aqi_read_task  freertos.o
    0x080034cc   0x080034cc   0x00000358   Code   RO          353    i.Task05_pwm_adc_dac_gpio_task  freertos.o
    0x08003824   0x08003824   0x0000001c   Code   RO          354    i.Task06_misc_func_task  freertos.o
    0x08003840   0x08003840   0x0000000c   Code   RO          557    i.UART4_IRQHandler  stm32f1xx_it.o
    0x0800384c   0x0800384c   0x00000010   Code   RO         2258    i.UART_DMAAbortOnError  stm32f1xx_hal_uart.o
    0x0800385c   0x0800385c   0x0000004a   Code   RO         2259    i.UART_DMAError     stm32f1xx_hal_uart.o
    0x080038a6   0x080038a6   0x0000003c   Code   RO         2260    i.UART_DMAReceiveCplt  stm32f1xx_hal_uart.o
    0x080038e2   0x080038e2   0x0000000a   Code   RO         2262    i.UART_DMARxHalfCplt  stm32f1xx_hal_uart.o
    0x080038ec   0x080038ec   0x0000002e   Code   RO         2264    i.UART_DMATransmitCplt  stm32f1xx_hal_uart.o
    0x0800391a   0x0800391a   0x0000000a   Code   RO         2266    i.UART_DMATxHalfCplt  stm32f1xx_hal_uart.o
    0x08003924   0x08003924   0x0000001c   Code   RO         2268    i.UART_EndRxTransfer  stm32f1xx_hal_uart.o
    0x08003940   0x08003940   0x00000012   Code   RO         2269    i.UART_EndTxTransfer  stm32f1xx_hal_uart.o
    0x08003952   0x08003952   0x00000096   Code   RO         2270    i.UART_Receive_IT   stm32f1xx_hal_uart.o
    0x080039e8   0x080039e8   0x000000b8   Code   RO         2271    i.UART_SetConfig    stm32f1xx_hal_uart.o
    0x08003aa0   0x08003aa0   0x00000062   Code   RO         2272    i.UART_Transmit_IT  stm32f1xx_hal_uart.o
    0x08003b02   0x08003b02   0x00000002   PAD
    0x08003b04   0x08003b04   0x0000001c   Code   RO          558    i.USART1_IRQHandler  stm32f1xx_it.o
    0x08003b20   0x08003b20   0x0000001c   Code   RO          559    i.USART2_IRQHandler  stm32f1xx_it.o
    0x08003b3c   0x08003b3c   0x0000001c   Code   RO          560    i.USART3_IRQHandler  stm32f1xx_it.o
    0x08003b58   0x08003b58   0x00000002   Code   RO          561    i.UsageFault_Handler  stm32f1xx_it.o
    0x08003b5a   0x08003b5a   0x00000020   Code   RO         3034    i.__NVIC_SetPriority  stm32f1xx_hal_cortex.o
    0x08003b7a   0x08003b7a   0x0000000e   Code   RO         5368    i.__scatterload_copy  mc_w.l(handlers.o)
    0x08003b88   0x08003b88   0x00000002   Code   RO         5369    i.__scatterload_null  mc_w.l(handlers.o)
    0x08003b8a   0x08003b8a   0x0000000e   Code   RO         5370    i.__scatterload_zeroinit  mc_w.l(handlers.o)
    0x08003b98   0x08003b98   0x00000060   Code   RO         5030    i.csro_master_aqi_init  mb_master_aqi.o
    0x08003bf8   0x08003bf8   0x00000088   Code   RO         5031    i.csro_master_aqi_read_task  mb_master_aqi.o
    0x08003c80   0x08003c80   0x00000098   Code   RO         5092    i.csro_master_cps_init  mb_master_cps.o
    0x08003d18   0x08003d18   0x000000f0   Code   RO         5093    i.csro_master_cps_read_task  mb_master_cps.o
    0x08003e08   0x08003e08   0x000000c4   Code   RO         5094    i.csro_master_cps_write_task  mb_master_cps.o
    0x08003ecc   0x08003ecc   0x000000a8   Code   RO         5237    i.csro_slave_hmi_init  mb_slave_hmi.o
    0x08003f74   0x08003f74   0x0000003c   Code   RO         5238    i.csro_slave_hmi_wait_cmd  mb_slave_hmi.o
    0x08003fb0   0x08003fb0   0x0000000c   Code   RO         4398    i.inHandlerMode     cmsis_os.o
    0x08003fbc   0x08003fbc   0x00000036   Code   RO           16    i.main              main.o
    0x08003ff2   0x08003ff2   0x0000000c   Code   RO         4400    i.makeFreeRtosPriority  cmsis_os.o
    0x08003ffe   0x08003ffe   0x00000002   PAD
    0x08004000   0x08004000   0x00000098   Code   RO         5032    i.master_aqi_send_receive  mb_master_aqi.o
    0x08004098   0x08004098   0x00000010   Code   RO         5033    i.master_aqi_set_rx  mb_master_aqi.o
    0x080040a8   0x080040a8   0x00000010   Code   RO         5034    i.master_aqi_set_tx  mb_master_aqi.o
    0x080040b8   0x080040b8   0x00000040   Code   RO         5035    i.master_aqi_uart_idle  mb_master_aqi.o
    0x080040f8   0x080040f8   0x00000098   Code   RO         5095    i.master_cps_send_receive  mb_master_cps.o
    0x08004190   0x08004190   0x00000010   Code   RO         5096    i.master_cps_set_rx  mb_master_cps.o
    0x080041a0   0x080041a0   0x00000010   Code   RO         5097    i.master_cps_set_tx  mb_master_cps.o
    0x080041b0   0x080041b0   0x0000000c   Code   RO         5098    i.master_cps_trigger_write  mb_master_cps.o
    0x080041bc   0x080041bc   0x00000040   Code   RO         5099    i.master_cps_uart_idle  mb_master_cps.o
    0x080041fc   0x080041fc   0x00000038   Code   RO         4933    i.master_crc16      mb_crc.o
    0x08004234   0x08004234   0x00000082   Code   RO         4967    i.master_read_holding_regs  mb_master.o
    0x080042b6   0x080042b6   0x0000004e   Code   RO         4969    i.master_validate_reply  mb_master.o
    0x08004304   0x08004304   0x00000034   Code   RO         5100    i.master_write_cps_tim_callback  mb_master_cps.o
    0x08004338   0x08004338   0x000000ae   Code   RO         4970    i.master_write_multi_holding_regs  mb_master.o
    0x080043e6   0x080043e6   0x00000086   Code   RO         4972    i.master_write_single_holding_reg  mb_master.o
    0x0800446c   0x0800446c   0x0000000e   Code   RO         4402    i.osDelay           cmsis_os.o
    0x0800447a   0x0800447a   0x0000000a   Code   RO         4405    i.osKernelStart     cmsis_os.o
    0x08004484   0x08004484   0x00000006   Code   RO         4420    i.osMutexCreate     cmsis_os.o
    0x0800448a   0x0800448a   0x00000002   PAD
    0x0800448c   0x0800448c   0x00000050   Code   RO         4422    i.osMutexRelease    cmsis_os.o
    0x080044dc   0x080044dc   0x00000064   Code   RO         4423    i.osMutexWait       cmsis_os.o
    0x08004540   0x08004540   0x00000026   Code   RO         4431    i.osSemaphoreCreate  cmsis_os.o
    0x08004566   0x08004566   0x00000002   PAD
    0x08004568   0x08004568   0x00000050   Code   RO         4434    i.osSemaphoreRelease  cmsis_os.o
    0x080045b8   0x080045b8   0x00000064   Code   RO         4435    i.osSemaphoreWait   cmsis_os.o
    0x0800461c   0x0800461c   0x0000002e   Code   RO         4439    i.osThreadCreate    cmsis_os.o
    0x0800464a   0x0800464a   0x00000002   PAD
    0x0800464c   0x0800464c   0x00000024   Code   RO         4450    i.osTimerCreate     cmsis_os.o
    0x08004670   0x08004670   0x0000005c   Code   RO         4452    i.osTimerStart      cmsis_os.o
    0x080046cc   0x080046cc   0x00000070   Code   RO         3987    i.prvAddCurrentTaskToDelayedList  tasks.o
    0x0800473c   0x0800473c   0x000000d0   Code   RO         3988    i.prvAddNewTaskToReadyList  tasks.o
    0x0800480c   0x0800480c   0x00000050   Code   RO         4280    i.prvCheckForValidListAndQueue  timers.o
    0x0800485c   0x0800485c   0x00000026   Code   RO         3694    i.prvCopyDataFromQueue  queue.o
    0x08004882   0x08004882   0x0000006c   Code   RO         3695    i.prvCopyDataToQueue  queue.o
    0x080048ee   0x080048ee   0x00000014   Code   RO         3989    i.prvDeleteTCB      tasks.o
    0x08004902   0x08004902   0x00000002   PAD
    0x08004904   0x08004904   0x0000004c   Code   RO         4767    i.prvHeapInit       heap_4.o
    0x08004950   0x08004950   0x00000060   Code   RO         3990    i.prvIdleTask       tasks.o
    0x080049b0   0x080049b0   0x0000008e   Code   RO         3991    i.prvInitialiseNewTask  tasks.o
    0x08004a3e   0x08004a3e   0x00000002   PAD
    0x08004a40   0x08004a40   0x0000004c   Code   RO         4768    i.prvInsertBlockIntoFreeList  heap_4.o
    0x08004a8c   0x08004a8c   0x00000038   Code   RO         4281    i.prvInsertTimerInActiveList  timers.o
    0x08004ac4   0x08004ac4   0x0000001c   Code   RO         3696    i.prvIsQueueEmpty   queue.o
    0x08004ae0   0x08004ae0   0x000000b8   Code   RO         4282    i.prvProcessReceivedCommands  timers.o
    0x08004b98   0x08004b98   0x000000b4   Code   RO         4283    i.prvProcessTimerOrBlockTask  timers.o
    0x08004c4c   0x08004c4c   0x00000020   Code   RO         3992    i.prvResetNextTaskUnblockTime  tasks.o
    0x08004c6c   0x08004c6c   0x00000028   Code   RO         4284    i.prvSampleTimeNow  timers.o
    0x08004c94   0x08004c94   0x0000006c   Code   RO         4285    i.prvSwitchTimerLists  timers.o
    0x08004d00   0x08004d00   0x00000028   Code   RO         4818    i.prvTaskExitError  port.o
    0x08004d28   0x08004d28   0x00000024   Code   RO         4286    i.prvTimerTask      timers.o
    0x08004d4c   0x08004d4c   0x0000006a   Code   RO         3697    i.prvUnlockQueue    queue.o
    0x08004db6   0x08004db6   0x00000002   PAD
    0x08004db8   0x08004db8   0x000000d8   Code   RO         4769    i.pvPortMalloc      heap_4.o
    0x08004e90   0x08004e90   0x00000018   Code   RO         3994    i.pvTaskIncrementMutexHeldCount  tasks.o
    0x08004ea8   0x08004ea8   0x00000024   Code   RO         4819    i.pxPortInitialiseStack  port.o
    0x08004ecc   0x08004ecc   0x00000038   Code   RO         4934    i.slave_crc16       mb_crc.o
    0x08004f04   0x08004f04   0x000000d0   Code   RO         5173    i.slave_handle_cmd  mb_slave.o
    0x08004fd4   0x08004fd4   0x00000054   Code   RO         5239    i.slave_hmi_reply   mb_slave_hmi.o
    0x08005028   0x08005028   0x00000010   Code   RO         5240    i.slave_hmi_set_rx  mb_slave_hmi.o
    0x08005038   0x08005038   0x00000010   Code   RO         5241    i.slave_hmi_set_tx  mb_slave_hmi.o
    0x08005048   0x08005048   0x00000040   Code   RO         5242    i.slave_hmi_uart_idle  mb_slave_hmi.o
    0x08005088   0x08005088   0x00000084   Code   RO         5243    i.slave_hmi_write_coils_callback  mb_slave_hmi.o
    0x0800510c   0x0800510c   0x000000f8   Code   RO         5244    i.slave_hmi_write_holdings_callback  mb_slave_hmi.o
    0x08005204   0x08005204   0x000000c0   Code   RO         5174    i.slave_read_coils  mb_slave.o
    0x080052c4   0x080052c4   0x000000bc   Code   RO         5175    i.slave_read_discs  mb_slave.o
    0x08005380   0x08005380   0x000000aa   Code   RO         5176    i.slave_read_holding_regs  mb_slave.o
    0x0800542a   0x0800542a   0x000000aa   Code   RO         5177    i.slave_read_input_regs  mb_slave.o
    0x080054d4   0x080054d4   0x00000078   Code   RO         5178    i.slave_write_multi_coils  mb_slave.o
    0x0800554c   0x0800554c   0x00000078   Code   RO         5179    i.slave_write_multi_holding_regs  mb_slave.o
    0x080055c4   0x080055c4   0x00000068   Code   RO         5180    i.slave_write_single_coil  mb_slave.o
    0x0800562c   0x0800562c   0x00000064   Code   RO         5181    i.slave_write_single_holding_reg  mb_slave.o
    0x08005690   0x08005690   0x00000026   Code   RO         3654    i.uxListRemove      list.o
    0x080056b6   0x080056b6   0x00000016   Code   RO         3655    i.vListInitialise   list.o
    0x080056cc   0x080056cc   0x00000006   Code   RO         3656    i.vListInitialiseItem  list.o
    0x080056d2   0x080056d2   0x00000030   Code   RO         3657    i.vListInsert       list.o
    0x08005702   0x08005702   0x00000018   Code   RO         3658    i.vListInsertEnd    list.o
    0x0800571a   0x0800571a   0x00000002   PAD
    0x0800571c   0x0800571c   0x00000040   Code   RO         4821    i.vPortEnterCritical  port.o
    0x0800575c   0x0800575c   0x00000028   Code   RO         4822    i.vPortExitCritical  port.o
    0x08005784   0x08005784   0x0000005c   Code   RO         4770    i.vPortFree         heap_4.o
    0x080057e0   0x080057e0   0x00000024   Code   RO         4823    i.vPortSetupTimerInterrupt  port.o
    0x08005804   0x08005804   0x00000054   Code   RO         4824    i.vPortValidateInterruptPriority  port.o
    0x08005858   0x08005858   0x00000028   Code   RO         3701    i.vQueueAddToRegistry  queue.o
    0x08005880   0x08005880   0x00000044   Code   RO         3704    i.vQueueWaitForMessageRestricted  queue.o
    0x080058c4   0x080058c4   0x0000004c   Code   RO         4000    i.vTaskDelay        tasks.o
    0x08005910   0x08005910   0x00000010   Code   RO         4003    i.vTaskInternalSetTimeOutState  tasks.o
    0x08005920   0x08005920   0x0000000c   Code   RO         4004    i.vTaskMissedYield  tasks.o
    0x0800592c   0x0800592c   0x00000030   Code   RO         4006    i.vTaskPlaceOnEventList  tasks.o
    0x0800595c   0x0800595c   0x00000038   Code   RO         4007    i.vTaskPlaceOnEventListRestricted  tasks.o
    0x08005994   0x08005994   0x000000a8   Code   RO         4009    i.vTaskPriorityDisinheritAfterTimeout  tasks.o
    0x08005a3c   0x08005a3c   0x00000070   Code   RO         4014    i.vTaskStartScheduler  tasks.o
    0x08005aac   0x08005aac   0x00000010   Code   RO         4016    i.vTaskSuspendAll   tasks.o
    0x08005abc   0x08005abc   0x0000005c   Code   RO         4017    i.vTaskSwitchContext  tasks.o
    0x08005b18   0x08005b18   0x000000a8   Code   RO         4825    i.xPortStartScheduler  port.o
    0x08005bc0   0x08005bc0   0x00000024   Code   RO         3705    i.xQueueCreateMutex  queue.o
    0x08005be4   0x08005be4   0x00000048   Code   RO         3706    i.xQueueGenericCreate  queue.o
    0x08005c2c   0x08005c2c   0x00000088   Code   RO         3707    i.xQueueGenericReset  queue.o
    0x08005cb4   0x08005cb4   0x00000160   Code   RO         3708    i.xQueueGenericSend  queue.o
    0x08005e14   0x08005e14   0x000000bc   Code   RO         3709    i.xQueueGenericSendFromISR  queue.o
    0x08005ed0   0x08005ed0   0x0000009c   Code   RO         3710    i.xQueueGiveFromISR  queue.o
    0x08005f6c   0x08005f6c   0x00000138   Code   RO         3715    i.xQueueReceive     queue.o
    0x080060a4   0x080060a4   0x0000009a   Code   RO         3716    i.xQueueReceiveFromISR  queue.o
    0x0800613e   0x0800613e   0x00000002   PAD
    0x08006140   0x08006140   0x00000178   Code   RO         3717    i.xQueueSemaphoreTake  queue.o
    0x080062b8   0x080062b8   0x00000074   Code   RO         4018    i.xTaskCheckForTimeOut  tasks.o
    0x0800632c   0x0800632c   0x00000056   Code   RO         4019    i.xTaskCreate       tasks.o
    0x08006382   0x08006382   0x00000002   PAD
    0x08006384   0x08006384   0x0000001c   Code   RO         4023    i.xTaskGetSchedulerState  tasks.o
    0x080063a0   0x080063a0   0x0000000c   Code   RO         4024    i.xTaskGetTickCount  tasks.o
    0x080063ac   0x080063ac   0x000000c8   Code   RO         4026    i.xTaskIncrementTick  tasks.o
    0x08006474   0x08006474   0x00000098   Code   RO         4029    i.xTaskPriorityDisinherit  tasks.o
    0x0800650c   0x0800650c   0x00000094   Code   RO         4030    i.xTaskPriorityInherit  tasks.o
    0x080065a0   0x080065a0   0x00000074   Code   RO         4031    i.xTaskRemoveFromEventList  tasks.o
    0x08006614   0x08006614   0x000000c4   Code   RO         4032    i.xTaskResumeAll    tasks.o
    0x080066d8   0x080066d8   0x0000004e   Code   RO         4289    i.xTimerCreate      timers.o
    0x08006726   0x08006726   0x00000002   PAD
    0x08006728   0x08006728   0x00000048   Code   RO         4290    i.xTimerCreateTimerTask  timers.o
    0x08006770   0x08006770   0x00000060   Code   RO         4291    i.xTimerGenericCommand  timers.o
    0x080067d0   0x080067d0   0x00000078   Data   RO          356    .constdata          freertos.o
    0x08006848   0x08006848   0x00000010   Data   RO         3523    .constdata          system_stm32f1xx.o
    0x08006858   0x08006858   0x00000008   Data   RO         3524    .constdata          system_stm32f1xx.o
    0x08006860   0x08006860   0x00000200   Data   RO         4935    .constdata          mb_crc.o
    0x08006a60   0x08006a60   0x00000004   Data   RO         5102    .constdata          mb_master_cps.o
    0x08006a64   0x08006a64   0x0000002f   Data   RO          357    .conststring        freertos.o
    0x08006a93   0x08006a93   0x00000001   PAD
    0x08006a94   0x08006a94   0x00000020   Data   RO         5366    Region$$Table       anon$$obj.o


    Execution Region RW_IRAM1 (Exec base: 0x20000000, Load base: 0x08006ab4, Size: 0x00004f08, Max: 0x00010000, ABSOLUTE, COMPRESSED[0x000002a0])

    Exec Addr    Load Addr    Size         Type   Attr      Idx    E Section Name        Object

    0x20000000   COMPRESSED   0x00000018   Data   RW          358    .data               freertos.o
    0x20000018   COMPRESSED   0x0000000c   Data   RW         2571    .data               stm32f1xx_hal.o
    0x20000024   COMPRESSED   0x00000004   Data   RW         3525    .data               system_stm32f1xx.o
    0x20000028   COMPRESSED   0x0000003c   Data   RW         4035    .data               tasks.o
    0x20000064   COMPRESSED   0x00000014   Data   RW         4297    .data               timers.o
    0x20000078   COMPRESSED   0x00000018   Data   RW         4775    .data               heap_4.o
    0x20000090   COMPRESSED   0x0000000c   Data   RW         4826    .data               port.o
    0x2000009c   COMPRESSED   0x00000288   Data   RW         4899    .data               csro_common.o
    0x20000324   COMPRESSED   0x00000008   Data   RW         5037    .data               mb_master_aqi.o
    0x2000032c   COMPRESSED   0x00000014   Data   RW         5103    .data               mb_master_cps.o
    0x20000340   COMPRESSED   0x00000004   Data   RW         5246    .data               mb_slave_hmi.o
    0x20000344        -       0x00000074   Zero   RW          243    .bss                adc.o
    0x200003b8        -       0x00000014   Zero   RW          285    .bss                dac.o
    0x200003cc        -       0x00000190   Zero   RW          355    .bss                freertos.o
    0x2000055c        -       0x00000040   Zero   RW          437    .bss                tim.o
    0x2000059c        -       0x00000320   Zero   RW          487    .bss                usart.o
    0x200008bc        -       0x00000040   Zero   RW          716    .bss                stm32f1xx_hal_timebase_tim.o
    0x200008fc        -       0x00000040   Zero   RW         3718    .bss                queue.o
    0x2000093c        -       0x000000f0   Zero   RW         4034    .bss                tasks.o
    0x20000a2c        -       0x00000028   Zero   RW         4296    .bss                timers.o
    0x20000a54        -       0x00002800   Zero   RW         4774    .bss                heap_4.o
    0x20003254        -       0x00000438   Zero   RW         5036    .bss                mb_master_aqi.o
    0x2000368c        -       0x00000438   Zero   RW         5101    .bss                mb_master_cps.o
    0x20003ac4        -       0x00000c40   Zero   RW         5245    .bss                mb_slave_hmi.o
    0x20004704   COMPRESSED   0x00000004   PAD
    0x20004708        -       0x00000800   Zero   RW            1    STACK               startup_stm32f103xe.o


==============================================================================

Image component sizes


      Code (inc. data)   RO Data    RW Data    ZI Data      Debug   Object Name

       444         34          0          0        116       1851   adc.o
       626         30          0          0          0      22378   cmsis_os.o
       248         24          0        648          0       2660   csro_common.o
       164         22          0          0         20       1543   dac.o
       188          4          0          0          0        814   dma.o
         0          0          0          0          0       9484   event_groups.o
      1108         94        167         24        400      11291   freertos.o
       324         24          0          0          0       1019   gpio.o
       460         24          0         24      10240       4543   heap_4.o
       138          0          0          0          0       3270   list.o
       172          6          0          0          0     530200   main.o
       112          8        512          0          0       1613   mb_crc.o
       516          0          0          0          0       2975   mb_master.o
       480         72          0          8       1080       6237   mb_master_aqi.o
       900        110          4         20       1080       8461   mb_master_cps.o
      1372          0          0          0          0       5707   mb_slave.o
       788         80          0          4       3136       7492   mb_slave_hmi.o
       662         70          0         12          0      10909   port.o
      2170         24          0          0         64      18595   queue.o
        36          8        304          0       2048        780   startup_stm32f103xe.o
        64         14          0         12          0       5118   stm32f1xx_hal.o
      1116         58          0          0          0       8318   stm32f1xx_hal_adc.o
       200          6          0          0          0       1374   stm32f1xx_hal_adc_ex.o
       158         14          0          0          0      28078   stm32f1xx_hal_cortex.o
       236          0          0          0          0       3234   stm32f1xx_hal_dac.o
      1236         52          0          0          0       4970   stm32f1xx_hal_dma.o
       538         42          0          0          0       4024   stm32f1xx_hal_gpio.o
        72         10          0          0          0        826   stm32f1xx_hal_msp.o
      1336        110          0          0          0       5673   stm32f1xx_hal_rcc.o
       448         44          0          0          0       2501   stm32f1xx_hal_rcc_ex.o
      1660         66          0          0          0      15306   stm32f1xx_hal_tim.o
        70          0          0          0          0       2269   stm32f1xx_hal_tim_ex.o
       116         18          0          0         64       1355   stm32f1xx_hal_timebase_tim.o
      1440         40          0          0          0      12887   stm32f1xx_hal_uart.o
       272        102          0          0          0       9824   stm32f1xx_it.o
        72         16         24          4          0       1119   system_stm32f1xx.o
      2284        182          0         60        240      23333   tasks.o
       368         28          0          0         64       2308   tim.o
       930         80          0         20         40      18490   timers.o
      1124         84          0          0        800       4353   usart.o

    ----------------------------------------------------------------------
     24694       1600       1044        836      19396     807182   Object Totals
         0          0         32          0          0          0   (incl. Generated)
        46          0          1          0          4          0   (incl. Padding)

    ----------------------------------------------------------------------

      Code (inc. data)   RO Data    RW Data    ZI Data      Debug   Library Member Name

        58          0          0          0          0          0   __dczerorl.o
         0          0          0          0          0          0   entry.o
         0          0          0          0          0          0   entry10a.o
         0          0          0          0          0          0   entry11a.o
         8          4          0          0          0          0   entry2.o
         4          0          0          0          0          0   entry5.o
         0          0          0          0          0          0   entry7b.o
         0          0          0          0          0          0   entry8b.o
         8          4          0          0          0          0   entry9a.o
        30          0          0          0          0          0   handlers.o
        36          8          0          0          0         68   init.o
         0          0          0          0          0          0   iusefp.o
        30          0          0          0          0         68   llshl.o
        32          0          0          0          0         68   llushr.o
        36          0          0          0          0         68   memcpya.o
        36          0          0          0          0        108   memseta.o
        20          0          0          0          0         68   cfcmple.o
        20          0          0          0          0         68   cfrcmple.o
        56          0          0          0          0         88   d2f.o
       222          0          0          0          0        100   ddiv.o
       186          0          0          0          0        176   depilogue.o
        62          0          0          0          0         80   dfixi.o
       228          0          0          0          0         96   dmul.o
        46          0          0          0          0         80   dscalb.o
        38          0          0          0          0         68   f2d.o
       176          0          0          0          0        140   fadd.o
       124          0          0          0          0         88   fdiv.o
       110          0          0          0          0        168   fepilogue.o
        10          0          0          0          0         68   ffltui.o

    ----------------------------------------------------------------------
      1578         16          0          0          0       1668   Library Totals
         2          0          0          0          0          0   (incl. Padding)

    ----------------------------------------------------------------------

      Code (inc. data)   RO Data    RW Data    ZI Data      Debug   Library Name

       278         16          0          0          0        380   mc_w.l
      1298          0          0          0          0       1288   mf_w.l

    ----------------------------------------------------------------------
      1578         16          0          0          0       1668   Library Totals

    ----------------------------------------------------------------------

==============================================================================


      Code (inc. data)   RO Data    RW Data    ZI Data      Debug   

     26272       1616       1044        836      19396     795146   Grand Totals
     26272       1616       1044        672      19396     795146   ELF Image Totals (compressed)
     26272       1616       1044        672          0          0   ROM Totals

==============================================================================

    Total RO  Size (Code + RO Data)                27316 (  26.68kB)
    Total RW  Size (RW Data + ZI Data)             20232 (  19.76kB)
    Total ROM Size (Code + RO Data + RW Data)      27988 (  27.33kB)

==============================================================================

