Component: ARM Compiler 5.06 update 6 (build 750) Tool: armlink [4d35ed]

==============================================================================

Section Cross References

    startup_stm32f103xe.o(RESET) refers to startup_stm32f103xe.o(STACK) for __initial_sp
    startup_stm32f103xe.o(RESET) refers to startup_stm32f103xe.o(.text) for Reset_Handler
    startup_stm32f103xe.o(RESET) refers to stm32f1xx_it.o(i.NMI_Handler) for NMI_Handler
    startup_stm32f103xe.o(RESET) refers to stm32f1xx_it.o(i.HardFault_Handler) for HardFault_Handler
    startup_stm32f103xe.o(RESET) refers to stm32f1xx_it.o(i.MemManage_Handler) for MemManage_Handler
    startup_stm32f103xe.o(RESET) refers to stm32f1xx_it.o(i.BusFault_Handler) for BusFault_Handler
    startup_stm32f103xe.o(RESET) refers to stm32f1xx_it.o(i.UsageFault_Handler) for UsageFault_Handler
    startup_stm32f103xe.o(RESET) refers to port.o(.emb_text) for SVC_Handler
    startup_stm32f103xe.o(RESET) refers to stm32f1xx_it.o(i.DebugMon_Handler) for DebugMon_Handler
    startup_stm32f103xe.o(RESET) refers to port.o(i.SysTick_Handler) for SysTick_Handler
    startup_stm32f103xe.o(RESET) refers to stm32f1xx_it.o(i.DMA1_Channel1_IRQHandler) for DMA1_Channel1_IRQHandler
    startup_stm32f103xe.o(RESET) refers to stm32f1xx_it.o(i.DMA1_Channel2_IRQHandler) for DMA1_Channel2_IRQHandler
    startup_stm32f103xe.o(RESET) refers to stm32f1xx_it.o(i.DMA1_Channel3_IRQHandler) for DMA1_Channel3_IRQHandler
    startup_stm32f103xe.o(RESET) refers to stm32f1xx_it.o(i.DMA1_Channel4_IRQHandler) for DMA1_Channel4_IRQHandler
    startup_stm32f103xe.o(RESET) refers to stm32f1xx_it.o(i.DMA1_Channel5_IRQHandler) for DMA1_Channel5_IRQHandler
    startup_stm32f103xe.o(RESET) refers to stm32f1xx_it.o(i.DMA1_Channel6_IRQHandler) for DMA1_Channel6_IRQHandler
    startup_stm32f103xe.o(RESET) refers to stm32f1xx_it.o(i.DMA1_Channel7_IRQHandler) for DMA1_Channel7_IRQHandler
    startup_stm32f103xe.o(RESET) refers to stm32f1xx_it.o(i.USART1_IRQHandler) for USART1_IRQHandler
    startup_stm32f103xe.o(RESET) refers to stm32f1xx_it.o(i.USART2_IRQHandler) for USART2_IRQHandler
    startup_stm32f103xe.o(RESET) refers to stm32f1xx_it.o(i.USART3_IRQHandler) for USART3_IRQHandler
    startup_stm32f103xe.o(RESET) refers to stm32f1xx_it.o(i.TIM8_UP_IRQHandler) for TIM8_UP_IRQHandler
    startup_stm32f103xe.o(RESET) refers to stm32f1xx_it.o(i.UART4_IRQHandler) for UART4_IRQHandler
    startup_stm32f103xe.o(RESET) refers to stm32f1xx_it.o(i.DMA2_Channel3_IRQHandler) for DMA2_Channel3_IRQHandler
    startup_stm32f103xe.o(RESET) refers to stm32f1xx_it.o(i.DMA2_Channel4_5_IRQHandler) for DMA2_Channel4_5_IRQHandler
    startup_stm32f103xe.o(.text) refers to system_stm32f1xx.o(i.SystemInit) for SystemInit
    startup_stm32f103xe.o(.text) refers to entry.o(.ARM.Collect$$$$00000000) for __main
    main.o(i.HAL_TIM_PeriodElapsedCallback) refers to stm32f1xx_hal.o(i.HAL_IncTick) for HAL_IncTick
    main.o(i.SystemClock_Config) refers to memseta.o(.text) for __aeabi_memclr4
    main.o(i.SystemClock_Config) refers to stm32f1xx_hal_rcc.o(i.HAL_RCC_OscConfig) for HAL_RCC_OscConfig
    main.o(i.SystemClock_Config) refers to stm32f1xx_hal_rcc.o(i.HAL_RCC_ClockConfig) for HAL_RCC_ClockConfig
    main.o(i.SystemClock_Config) refers to stm32f1xx_hal_rcc_ex.o(i.HAL_RCCEx_PeriphCLKConfig) for HAL_RCCEx_PeriphCLKConfig
    main.o(i.main) refers to stm32f1xx_hal.o(i.HAL_Init) for HAL_Init
    main.o(i.main) refers to main.o(i.SystemClock_Config) for SystemClock_Config
    main.o(i.main) refers to gpio.o(i.MX_GPIO_Init) for MX_GPIO_Init
    main.o(i.main) refers to dma.o(i.MX_DMA_Init) for MX_DMA_Init
    main.o(i.main) refers to adc.o(i.MX_ADC1_Init) for MX_ADC1_Init
    main.o(i.main) refers to dac.o(i.MX_DAC_Init) for MX_DAC_Init
    main.o(i.main) refers to tim.o(i.MX_TIM2_Init) for MX_TIM2_Init
    main.o(i.main) refers to usart.o(i.MX_UART4_Init) for MX_UART4_Init
    main.o(i.main) refers to usart.o(i.MX_USART1_UART_Init) for MX_USART1_UART_Init
    main.o(i.main) refers to usart.o(i.MX_USART2_UART_Init) for MX_USART2_UART_Init
    main.o(i.main) refers to usart.o(i.MX_USART3_UART_Init) for MX_USART3_UART_Init
    main.o(i.main) refers to freertos.o(i.MX_FREERTOS_Init) for MX_FREERTOS_Init
    main.o(i.main) refers to cmsis_os.o(i.osKernelStart) for osKernelStart
    gpio.o(i.MX_GPIO_Init) refers to stm32f1xx_hal_gpio.o(i.HAL_GPIO_WritePin) for HAL_GPIO_WritePin
    gpio.o(i.MX_GPIO_Init) refers to stm32f1xx_hal_gpio.o(i.HAL_GPIO_Init) for HAL_GPIO_Init
    adc.o(i.HAL_ADC_MspDeInit) refers to stm32f1xx_hal_gpio.o(i.HAL_GPIO_DeInit) for HAL_GPIO_DeInit
    adc.o(i.HAL_ADC_MspDeInit) refers to stm32f1xx_hal_dma.o(i.HAL_DMA_DeInit) for HAL_DMA_DeInit
    adc.o(i.HAL_ADC_MspInit) refers to stm32f1xx_hal_gpio.o(i.HAL_GPIO_Init) for HAL_GPIO_Init
    adc.o(i.HAL_ADC_MspInit) refers to stm32f1xx_hal_dma.o(i.HAL_DMA_Init) for HAL_DMA_Init
    adc.o(i.HAL_ADC_MspInit) refers to main.o(i.Error_Handler) for Error_Handler
[...]
    i.vPortValidateInterruptPriority         0x08005a9c   Section        0  port.o(i.vPortValidateInterruptPriority)
    i.vQueueAddToRegistry                    0x08005af0   Section        0  queue.o(i.vQueueAddToRegistry)
    i.vQueueWaitForMessageRestricted         0x08005b18   Section        0  queue.o(i.vQueueWaitForMessageRestricted)
    i.vTaskDelay                             0x08005b5c   Section        0  tasks.o(i.vTaskDelay)
    i.vTaskInternalSetTimeOutState           0x08005ba8   Section        0  tasks.o(i.vTaskInternalSetTimeOutState)
    i.vTaskMissedYield                       0x08005bb8   Section        0  tasks.o(i.vTaskMissedYield)
    i.vTaskPlaceOnEventList                  0x08005bc4   Section        0  tasks.o(i.vTaskPlaceOnEventList)
    i.vTaskPlaceOnEventListRestricted        0x08005bf4   Section        0  tasks.o(i.vTaskPlaceOnEventListRestricted)
    i.vTaskPriorityDisinheritAfterTimeout    0x08005c2c   Section        0  tasks.o(i.vTaskPriorityDisinheritAfterTimeout)
    i.vTaskStartScheduler                    0x08005cd4   Section        0  tasks.o(i.vTaskStartScheduler)
    i.vTaskSuspendAll                        0x08005d44   Section        0  tasks.o(i.vTaskSuspendAll)
    i.vTaskSwitchContext                     0x08005d54   Section        0  tasks.o(i.vTaskSwitchContext)
    i.xPortStartScheduler                    0x08005db0   Section        0  port.o(i.xPortStartScheduler)
    i.xQueueCreateMutex                      0x08005e58   Section        0  queue.o(i.xQueueCreateMutex)
    i.xQueueGenericCreate                    0x08005e7c   Section        0  queue.o(i.xQueueGenericCreate)
    i.xQueueGenericReset                     0x08005ec4   Section        0  queue.o(i.xQueueGenericReset)
    i.xQueueGenericSend                      0x08005f4c   Section        0  queue.o(i.xQueueGenericSend)
    i.xQueueGenericSendFromISR               0x080060ac   Section        0  queue.o(i.xQueueGenericSendFromISR)
    i.xQueueGiveFromISR                      0x08006168   Section        0  queue.o(i.xQueueGiveFromISR)
    i.xQueueReceive                          0x08006204   Section        0  queue.o(i.xQueueReceive)
    i.xQueueReceiveFromISR                   0x0800633c   Section        0  queue.o(i.xQueueReceiveFromISR)
    i.xQueueSemaphoreTake                    0x080063d8   Section        0  queue.o(i.xQueueSemaphoreTake)
    i.xTaskCheckForTimeOut                   0x08006550   Section        0  tasks.o(i.xTaskCheckForTimeOut)
    i.xTaskCreate                            0x080065c4   Section        0  tasks.o(i.xTaskCreate)
    i.xTaskGetSchedulerState                 0x0800661c   Section        0  tasks.o(i.xTaskGetSchedulerState)
    i.xTaskGetTickCount                      0x08006638   Section        0  tasks.o(i.xTaskGetTickCount)
    i.xTaskIncrementTick                     0x08006644   Section        0  tasks.o(i.xTaskIncrementTick)
    i.xTaskPriorityDisinherit                0x0800670c   Section        0  tasks.o(i.xTaskPriorityDisinherit)
    i.xTaskPriorityInherit                   0x080067a4   Section        0  tasks.o(i.xTaskPriorityInherit)
    i.xTaskRemoveFromEventList               0x08006838   Section        0  tasks.o(i.xTaskRemoveFromEventList)
    i.xTaskResumeAll                         0x080068ac   Section        0  tasks.o(i.xTaskResumeAll)
    i.xTimerCreate                           0x08006970   Section        0  timers.o(i.xTimerCreate)
    i.xTimerCreateTimerTask                  0x080069c0   Section        0  timers.o(i.xTimerCreateTimerTask)
    i.xTimerGenericCommand                   0x08006a08   Section        0  timers.o(i.xTimerGenericCommand)
    .constdata                               0x08006a68   Section      140  freertos.o(.constdata)
    .constdata                               0x08006af4   Section       16  system_stm32f1xx.o(.constdata)
    .constdata                               0x08006b04   Section        8  system_stm32f1xx.o(.constdata)
    .constdata                               0x08006b0c   Section      512  mb_crc.o(.constdata)
    table_crc_hi                             0x08006b0c   Data         256  mb_crc.o(.constdata)
    table_crc_lo                             0x08006c0c   Data         256  mb_crc.o(.constdata)
    .constdata                               0x08006d0c   Section        4  mb_master_cps.o(.constdata)
    .conststring                             0x08006d10   Section       55  freertos.o(.conststring)
    .data                                    0x20000000   Section       28  freertos.o(.data)
    .data                                    0x2000001c   Section       12  stm32f1xx_hal.o(.data)
    .data                                    0x20000028   Section        4  system_stm32f1xx.o(.data)
    .data                                    0x2000002c   Section       60  tasks.o(.data)
    pxDelayedTaskList                        0x20000030   Data           4  tasks.o(.data)
    pxOverflowDelayedTaskList                0x20000034   Data           4  tasks.o(.data)
    uxDeletedTasksWaitingCleanUp             0x20000038   Data           4  tasks.o(.data)
    uxCurrentNumberOfTasks                   0x2000003c   Data           4  tasks.o(.data)
    xTickCount                               0x20000040   Data           4  tasks.o(.data)
    uxTopReadyPriority                       0x20000044   Data           4  tasks.o(.data)
    xSchedulerRunning                        0x20000048   Data           4  tasks.o(.data)
    uxPendedTicks                            0x2000004c   Data           4  tasks.o(.data)
    xYieldPending                            0x20000050   Data           4  tasks.o(.data)
    xNumOfOverflows                          0x20000054   Data           4  tasks.o(.data)
    uxTaskNumber                             0x20000058   Data           4  tasks.o(.data)
    xNextTaskUnblockTime                     0x2000005c   Data           4  tasks.o(.data)
    xIdleTaskHandle                          0x20000060   Data           4  tasks.o(.data)
    uxSchedulerSuspended                     0x20000064   Data           4  tasks.o(.data)
    .data                                    0x20000068   Section       20  timers.o(.data)
    pxCurrentTimerList                       0x20000068   Data           4  timers.o(.data)
    pxOverflowTimerList                      0x2000006c   Data           4  timers.o(.data)
    xTimerQueue                              0x20000070   Data           4  timers.o(.data)
    xTimerTaskHandle                         0x20000074   Data           4  timers.o(.data)
    xLastTime                                0x20000078   Data           4  timers.o(.data)
    .data                                    0x2000007c   Section       24  heap_4.o(.data)
    pxEnd                                    0x2000007c   Data           4  heap_4.o(.data)
    xFreeBytesRemaining                      0x20000080   Data           4  heap_4.o(.data)
    xMinimumEverFreeBytesRemaining           0x20000084   Data           4  heap_4.o(.data)
    xBlockAllocatedBit                       0x20000088   Data           4  heap_4.o(.data)
    xStart                                   0x2000008c   Data           8  heap_4.o(.data)
    .data                                    0x20000094   Section       12  port.o(.data)
    ucMaxSysCallPriority                     0x20000094   Data           1  port.o(.data)
    uxCriticalNesting                        0x20000098   Data           4  port.o(.data)
    ulMaxPRIGROUPValue                       0x2000009c   Data           4  port.o(.data)
    .data                                    0x200000a0   Section      648  csro_common.o(.data)
    ntc_3950_res_array                       0x200000a0   Data         324  csro_common.o(.data)
    ntc_3380_res_array                       0x200001e4   Data         324  csro_common.o(.data)
    .data                                    0x20000328   Section        6  csro_stepper.o(.data)
    firstpulse                               0x2000032a   Data           1  csro_stepper.o(.data)
    .data                                    0x20000330   Section        8  mb_master_aqi.o(.data)
    uart_idle_sem                            0x20000330   Data           4  mb_master_aqi.o(.data)
    uart_aqi_source_mut                      0x20000334   Data           4  mb_master_aqi.o(.data)
    .data                                    0x20000338   Section       20  mb_master_cps.o(.data)
    init_flag                                0x20000338   Data           1  mb_master_cps.o(.data)
    uart_idle_sem                            0x2000033c   Data           4  mb_master_cps.o(.data)
    write_cps_sem                            0x20000340   Data           4  mb_master_cps.o(.data)
    uart_source_mut                          0x20000344   Data           4  mb_master_cps.o(.data)
    write_cps_tim                            0x20000348   Data           4  mb_master_cps.o(.data)
    .data                                    0x2000034c   Section        4  mb_slave_hmi.o(.data)
    uart_msg_sem                             0x2000034c   Data           4  mb_slave_hmi.o(.data)
    .bss                                     0x20000350   Section      116  adc.o(.bss)
    .bss                                     0x200003c4   Section       20  dac.o(.bss)
    .bss                                     0x200003d8   Section      400  freertos.o(.bss)
    .bss                                     0x20000568   Section       64  tim.o(.bss)
    .bss                                     0x200005a8   Section      800  usart.o(.bss)
    .bss                                     0x200008c8   Section       64  stm32f1xx_hal_timebase_tim.o(.bss)
    .bss                                     0x20000908   Section       64  queue.o(.bss)
    .bss                                     0x20000948   Section      240  tasks.o(.bss)
    pxReadyTasksLists                        0x20000948   Data         140  tasks.o(.bss)
    xDelayedTaskList1                        0x200009d4   Data          20  tasks.o(.bss)
    xDelayedTaskList2                        0x200009e8   Data          20  tasks.o(.bss)
    xPendingReadyList                        0x200009fc   Data          20  tasks.o(.bss)
    xTasksWaitingTermination                 0x20000a10   Data          20  tasks.o(.bss)
    xSuspendedTaskList                       0x20000a24   Data          20  tasks.o(.bss)
    .bss                                     0x20000a38   Section       40  timers.o(.bss)
    xActiveTimerList1                        0x20000a38   Data          20  timers.o(.bss)
    xActiveTimerList2                        0x20000a4c   Data          20  timers.o(.bss)
    .bss                                     0x20000a60   Section    20480  heap_4.o(.bss)
    ucHeap                                   0x20000a60   Data       20480  heap_4.o(.bss)
    .bss                                     0x20005a60   Section     1080  mb_master_aqi.o(.bss)
    .bss                                     0x20005e98   Section     1080  mb_master_cps.o(.bss)
    .bss                                     0x200062d0   Section     3136  mb_slave_hmi.o(.bss)
    STACK                                    0x20006f10   Section     2048  startup_stm32f103xe.o(STACK)

    Global Symbols

    Symbol Name                              Value     Ov Type        Size  Object(Section)

    BuildAttributes$$THM_ISAv4$P$D$K$B$S$PE$A:L22UL41UL21$X:L11$S22US41US21$IEEE1$IW$USESV6$~STKCKD$USESV7$~SHL$OTIME$ROPI$EBA8$MICROLIB$REQ8$PRES8$EABIv2 0x00000000   Number         0  anon$$obj.o ABSOLUTE
    __ARM_use_no_argv                        0x00000000   Number         0  main.o ABSOLUTE
    __cpp_initialize__aeabi_                  - Undefined Weak Reference
    __cxa_finalize                            - Undefined Weak Reference
    _clock_init                               - Undefined Weak Reference
    _microlib_exit                            - Undefined Weak Reference
    __Vectors_Size                           0x00000130   Number         0  startup_stm32f103xe.o ABSOLUTE
    __Vectors                                0x08000000   Data           4  startup_stm32f103xe.o(RESET)
    __Vectors_End                            0x08000130   Data           0  startup_stm32f103xe.o(RESET)
    __main                                   0x08000131   Thumb Code     0  entry.o(.ARM.Collect$$$$00000000)
    _main_stk                                0x08000131   Thumb Code     0  entry2.o(.ARM.Collect$$$$00000001)
    _main_scatterload                        0x08000135   Thumb Code     0  entry5.o(.ARM.Collect$$$$00000004)
    __main_after_scatterload                 0x08000139   Thumb Code     0  entry5.o(.ARM.Collect$$$$00000004)
    _main_clock                              0x08000139   Thumb Code     0  entry7b.o(.ARM.Collect$$$$00000008)
    _main_cpp_init                           0x08000139   Thumb Code     0  entry8b.o(.ARM.Collect$$$$0000000A)
    _main_init                               0x08000139   Thumb Code     0  entry9a.o(.ARM.Collect$$$$0000000B)
    __rt_final_cpp                           0x08000141   Thumb Code     0  entry10a.o(.ARM.Collect$$$$0000000D)
    __rt_final_exit                          0x08000141   Thumb Code     0  entry11a.o(.ARM.Collect$$$$0000000F)
    SVC_Handler                              0x08000145   Thumb Code    32  port.o(.emb_text)
    __asm___6_port_c_39a90d8d__prvStartFirstTask 0x08000169   Thumb Code    28  port.o(.emb_text)
    PendSV_Handler                           0x08000189   Thumb Code    72  port.o(.emb_text)
    vPortGetIPSR                             0x080001d5   Thumb Code     6  port.o(.emb_text)
    Reset_Handler                            0x080001dd   Thumb Code     8  startup_stm32f103xe.o(.text)
    ADC1_2_IRQHandler                        0x080001f7   Thumb Code     0  startup_stm32f103xe.o(.text)
    ADC3_IRQHandler                          0x080001f7   Thumb Code     0  startup_stm32f103xe.o(.text)
    CAN1_RX1_IRQHandler                      0x080001f7   Thumb Code     0  startup_stm32f103xe.o(.text)
    CAN1_SCE_IRQHandler                      0x080001f7   Thumb Code     0  startup_stm32f103xe.o(.text)
    DMA2_Channel1_IRQHandler                 0x080001f7   Thumb Code     0  startup_stm32f103xe.o(.text)
    DMA2_Channel2_IRQHandler                 0x080001f7   Thumb Code     0  startup_stm32f103xe.o(.text)
    EXTI0_IRQHandler                         0x080001f7   Thumb Code     0  startup_stm32f103xe.o(.text)
    EXTI15_10_IRQHandler                     0x080001f7   Thumb Code     0  startup_stm32f103xe.o(.text)
    EXTI1_IRQHandler                         0x080001f7   Thumb Code     0  startup_stm32f103xe.o(.text)
    EXTI2_IRQHandler                         0x080001f7   Thumb Code     0  startup_stm32f103xe.o(.text)
    EXTI3_IRQHandler                         0x080001f7   Thumb Code     0  startup_stm32f103xe.o(.text)
    EXTI4_IRQHandler                         0x080001f7   Thumb Code     0  startup_stm32f103xe.o(.text)
    EXTI9_5_IRQHandler                       0x080001f7   Thumb Code     0  startup_stm32f103xe.o(.text)
    FLASH_IRQHandler                         0x080001f7   Thumb Code     0  startup_stm32f103xe.o(.text)
    FSMC_IRQHandler                          0x080001f7   Thumb Code     0  startup_stm32f103xe.o(.text)
    I2C1_ER_IRQHandler                       0x080001f7   Thumb Code     0  startup_stm32f103xe.o(.text)
    I2C1_EV_IRQHandler                       0x080001f7   Thumb Code     0  startup_stm32f103xe.o(.text)
    I2C2_ER_IRQHandler                       0x080001f7   Thumb Code     0  startup_stm32f103xe.o(.text)
    I2C2_EV_IRQHandler                       0x080001f7   Thumb Code     0  startup_stm32f103xe.o(.text)
    PVD_IRQHandler                           0x080001f7   Thumb Code     0  startup_stm32f103xe.o(.text)
    RCC_IRQHandler                           0x080001f7   Thumb Code     0  startup_stm32f103xe.o(.text)
    RTC_Alarm_IRQHandler                     0x080001f7   Thumb Code     0  startup_stm32f103xe.o(.text)
    RTC_IRQHandler                           0x080001f7   Thumb Code     0  startup_stm32f103xe.o(.text)
    SDIO_IRQHandler                          0x080001f7   Thumb Code     0  startup_stm32f103xe.o(.text)
    SPI1_IRQHandler                          0x080001f7   Thumb Code     0  startup_stm32f103xe.o(.text)
    SPI2_IRQHandler                          0x080001f7   Thumb Code     0  startup_stm32f103xe.o(.text)
    SPI3_IRQHandler                          0x080001f7   Thumb Code     0  startup_stm32f103xe.o(.text)
    TAMPER_IRQHandler                        0x080001f7   Thumb Code     0  startup_stm32f103xe.o(.text)
    TIM1_BRK_IRQHandler                      0x080001f7   Thumb Code     0  startup_stm32f103xe.o(.text)
    TIM1_CC_IRQHandler                       0x080001f7   Thumb Code     0  startup_stm32f103xe.o(.text)
    TIM1_TRG_COM_IRQHandler                  0x080001f7   Thumb Code     0  startup_stm32f103xe.o(.text)
    TIM1_UP_IRQHandler                       0x080001f7   Thumb Code     0  startup_stm32f103xe.o(.text)
    TIM2_IRQHandler                          0x080001f7   Thumb Code     0  startup_stm32f103xe.o(.text)
    TIM3_IRQHandler                          0x080001f7   Thumb Code     0  startup_stm32f103xe.o(.text)
    TIM4_IRQHandler                          0x080001f7   Thumb Code     0  startup_stm32f103xe.o(.text)
    TIM5_IRQHandler                          0x080001f7   Thumb Code     0  startup_stm32f103xe.o(.text)
    TIM6_IRQHandler                          0x080001f7   Thumb Code     0  startup_stm32f103xe.o(.text)
    TIM7_IRQHandler                          0x080001f7   Thumb Code     0  startup_stm32f103xe.o(.text)
    TIM8_BRK_IRQHandler                      0x080001f7   Thumb Code     0  startup_stm32f103xe.o(.text)
    TIM8_CC_IRQHandler                       0x080001f7   Thumb Code     0  startup_stm32f103xe.o(.text)
    TIM8_TRG_COM_IRQHandler                  0x080001f7   Thumb Code     0  startup_stm32f103xe.o(.text)
    UART5_IRQHandler                         0x080001f7   Thumb Code     0  startup_stm32f103xe.o(.text)
    USBWakeUp_IRQHandler                     0x080001f7   Thumb Code     0  startup_stm32f103xe.o(.text)
    USB_HP_CAN1_TX_IRQHandler                0x080001f7   Thumb Code     0  startup_stm32f103xe.o(.text)
    USB_LP_CAN1_RX0_IRQHandler               0x080001f7   Thumb Code     0  startup_stm32f103xe.o(.text)
    WWDG_IRQHandler                          0x080001f7   Thumb Code     0  startup_stm32f103xe.o(.text)
    __aeabi_llsr                             0x08000201   Thumb Code    32  llushr.o(.text)
    _ll_ushift_r                             0x08000201   Thumb Code     0  llushr.o(.text)
    __aeabi_memcpy                           0x08000221   Thumb Code    36  memcpya.o(.text)
    __aeabi_memcpy4                          0x08000221   Thumb Code     0  memcpya.o(.text)
    __aeabi_memcpy8                          0x08000221   Thumb Code     0  memcpya.o(.text)
    __aeabi_memset                           0x08000245   Thumb Code    14  memseta.o(.text)
    __aeabi_memset4                          0x08000245   Thumb Code     0  memseta.o(.text)
    __aeabi_memset8                          0x08000245   Thumb Code     0  memseta.o(.text)
    __aeabi_memclr                           0x08000253   Thumb Code     4  memseta.o(.text)
    __aeabi_memclr4                          0x08000253   Thumb Code     0  memseta.o(.text)
    __aeabi_memclr8                          0x08000253   Thumb Code     0  memseta.o(.text)
    memset                                   0x08000257   Thumb Code    18  memseta.o(.text)
    __aeabi_fadd                             0x08000269   Thumb Code   164  fadd.o(.text)
    __aeabi_fsub                             0x0800030d   Thumb Code     6  fadd.o(.text)
    __aeabi_frsub                            0x08000313   Thumb Code     6  fadd.o(.text)
    __aeabi_fdiv                             0x08000319   Thumb Code   124  fdiv.o(.text)
    __aeabi_dmul                             0x08000395   Thumb Code   228  dmul.o(.text)
    __aeabi_ddiv                             0x08000479   Thumb Code   222  ddiv.o(.text)
    __ARM_scalbn                             0x08000557   Thumb Code    46  dscalb.o(.text)
    scalbn                                   0x08000557   Thumb Code     0  dscalb.o(.text)
    __aeabi_ui2f                             0x08000585   Thumb Code    10  ffltui.o(.text)
    __aeabi_d2iz                             0x0800058f   Thumb Code    62  dfixi.o(.text)
    __aeabi_f2d                              0x080005cd   Thumb Code    38  f2d.o(.text)
    __aeabi_d2f                              0x080005f3   Thumb Code    56  d2f.o(.text)
    __aeabi_cfcmpeq                          0x0800062d   Thumb Code     0  cfcmple.o(.text)
    __aeabi_cfcmple                          0x0800062d   Thumb Code    20  cfcmple.o(.text)
    __aeabi_cfrcmple                         0x08000641   Thumb Code    20  cfrcmple.o(.text)
    __I$use$fp                               0x08000655   Thumb Code     0  iusefp.o(.text)
    _float_round                             0x08000655   Thumb Code    18  fepilogue.o(.text)
    _float_epilogue                          0x08000667   Thumb Code    92  fepilogue.o(.text)
    _double_round                            0x080006c3   Thumb Code    30  depilogue.o(.text)
    _double_epilogue                         0x080006e1   Thumb Code   156  depilogue.o(.text)
    __scatterload                            0x0800077d   Thumb Code    28  init.o(.text)
    __scatterload_rt2                        0x0800077d   Thumb Code     0  init.o(.text)
    __aeabi_llsl                             0x080007a1   Thumb Code    30  llshl.o(.text)
    _ll_shift_l                              0x080007a1   Thumb Code     0  llshl.o(.text)
    __decompress                             0x080007bf   Thumb Code     0  __dczerorl.o(.text)
    __decompress0                            0x080007bf   Thumb Code    58  __dczerorl.o(.text)
    ADC_ConversionStop_Disable               0x080007f9   Thumb Code    76  stm32f1xx_hal_adc.o(i.ADC_ConversionStop_Disable)
    ADC_DMAConvCplt                          0x08000845   Thumb Code    78  stm32f1xx_hal_adc.o(i.ADC_DMAConvCplt)
    ADC_DMAError                             0x08000893   Thumb Code    26  stm32f1xx_hal_adc.o(i.ADC_DMAError)
    ADC_DMAHalfConvCplt                      0x080008ad   Thumb Code    10  stm32f1xx_hal_adc.o(i.ADC_DMAHalfConvCplt)
    ADC_Enable                               0x080008b9   Thumb Code   104  stm32f1xx_hal_adc.o(i.ADC_Enable)
    BusFault_Handler                         0x08000929   Thumb Code     2  stm32f1xx_it.o(i.BusFault_Handler)
    Csro_Calculate_ntc3380_Temperature_from_Resvalue 0x0800092d   Thumb Code   112  csro_common.o(i.Csro_Calculate_ntc3380_Temperature_from_Resvalue)
    Csro_Calculate_ntc3950_Temperature_from_Resvalue 0x080009a9   Thumb Code   112  csro_common.o(i.Csro_Calculate_ntc3950_Temperature_from_Resvalue)
    Csro_Stepper_Init                        0x08000a25   Thumb Code    28  csro_stepper.o(i.Csro_Stepper_Init)
    Csro_Stepper_Set_Position                0x08000a45   Thumb Code    86  csro_stepper.o(i.Csro_Stepper_Set_Position)
    DMA1_Channel1_IRQHandler                 0x08000aa1   Thumb Code     6  stm32f1xx_it.o(i.DMA1_Channel1_IRQHandler)
    DMA1_Channel2_IRQHandler                 0x08000aad   Thumb Code     6  stm32f1xx_it.o(i.DMA1_Channel2_IRQHandler)
    DMA1_Channel3_IRQHandler                 0x08000ab9   Thumb Code     6  stm32f1xx_it.o(i.DMA1_Channel3_IRQHandler)
    DMA1_Channel4_IRQHandler                 0x08000ac5   Thumb Code     6  stm32f1xx_it.o(i.DMA1_Channel4_IRQHandler)
    DMA1_Channel5_IRQHandler                 0x08000ad1   Thumb Code     6  stm32f1xx_it.o(i.DMA1_Channel5_IRQHandler)
    DMA1_Channel6_IRQHandler                 0x08000add   Thumb Code     6  stm32f1xx_it.o(i.DMA1_Channel6_IRQHandler)
    DMA1_Channel7_IRQHandler                 0x08000ae9   Thumb Code     6  stm32f1xx_it.o(i.DMA1_Channel7_IRQHandler)
    DMA2_Channel3_IRQHandler                 0x08000af5   Thumb Code     6  stm32f1xx_it.o(i.DMA2_Channel3_IRQHandler)
    DMA2_Channel4_5_IRQHandler               0x08000b01   Thumb Code     6  stm32f1xx_it.o(i.DMA2_Channel4_5_IRQHandler)
    DebugMon_Handler                         0x08000b37   Thumb Code     2  stm32f1xx_it.o(i.DebugMon_Handler)
    Error_Handler                            0x08000b39   Thumb Code     2  main.o(i.Error_Handler)
    HAL_ADCEx_Calibration_Start              0x08000b3d   Thumb Code   194  stm32f1xx_hal_adc_ex.o(i.HAL_ADCEx_Calibration_Start)
    HAL_ADC_ConfigChannel                    0x08000c05   Thumb Code   240  stm32f1xx_hal_adc.o(i.HAL_ADC_ConfigChannel)
    HAL_ADC_ConvCpltCallback                 0x08000d01   Thumb Code     2  stm32f1xx_hal_adc.o(i.HAL_ADC_ConvCpltCallback)
    HAL_ADC_ConvHalfCpltCallback             0x08000d03   Thumb Code     2  stm32f1xx_hal_adc.o(i.HAL_ADC_ConvHalfCpltCallback)
    HAL_ADC_ErrorCallback                    0x08000d05   Thumb Code     2  stm32f1xx_hal_adc.o(i.HAL_ADC_ErrorCallback)
    HAL_ADC_Init                             0x08000d09   Thumb Code   272  stm32f1xx_hal_adc.o(i.HAL_ADC_Init)
    HAL_ADC_MspInit                          0x08000e29   Thumb Code   152  adc.o(i.HAL_ADC_MspInit)
    HAL_ADC_Start_DMA                        0x08000ed9   Thumb Code   246  stm32f1xx_hal_adc.o(i.HAL_ADC_Start_DMA)
    HAL_DAC_ConfigChannel                    0x08000fe5   Thumb Code    78  stm32f1xx_hal_dac.o(i.HAL_DAC_ConfigChannel)
    HAL_DAC_Init                             0x08001033   Thumb Code    40  stm32f1xx_hal_dac.o(i.HAL_DAC_Init)
    HAL_DAC_MspInit                          0x0800105d   Thumb Code    76  dac.o(i.HAL_DAC_MspInit)
    HAL_DAC_SetValue                         0x080010b5   Thumb Code    26  stm32f1xx_hal_dac.o(i.HAL_DAC_SetValue)
    HAL_DAC_Start                            0x080010cf   Thumb Code    92  stm32f1xx_hal_dac.o(i.HAL_DAC_Start)
    HAL_DMA_Abort                            0x0800112b   Thumb Code    70  stm32f1xx_hal_dma.o(i.HAL_DMA_Abort)
    HAL_DMA_Abort_IT                         0x08001171   Thumb Code   296  stm32f1xx_hal_dma.o(i.HAL_DMA_Abort_IT)
    HAL_DMA_IRQHandler                       0x080012a1   Thumb Code   552  stm32f1xx_hal_dma.o(i.HAL_DMA_IRQHandler)
    HAL_DMA_Init                             0x080014e9   Thumb Code   112  stm32f1xx_hal_dma.o(i.HAL_DMA_Init)
    HAL_DMA_Start_IT                         0x08001565   Thumb Code   112  stm32f1xx_hal_dma.o(i.HAL_DMA_Start_IT)
    HAL_GPIO_Init                            0x080015d5   Thumb Code   462  stm32f1xx_hal_gpio.o(i.HAL_GPIO_Init)
    HAL_GPIO_ReadPin                         0x080017cd   Thumb Code    10  stm32f1xx_hal_gpio.o(i.HAL_GPIO_ReadPin)
    HAL_GPIO_TogglePin                       0x080017d7   Thumb Code    14  stm32f1xx_hal_gpio.o(i.HAL_GPIO_TogglePin)
    HAL_GPIO_WritePin                        0x080017e5   Thumb Code    10  stm32f1xx_hal_gpio.o(i.HAL_GPIO_WritePin)
    HAL_GetTick                              0x080017f1   Thumb Code     6  stm32f1xx_hal.o(i.HAL_GetTick)
    HAL_IncTick                              0x080017fd   Thumb Code    12  stm32f1xx_hal.o(i.HAL_IncTick)
    HAL_Init                                 0x0800180d   Thumb Code    32  stm32f1xx_hal.o(i.HAL_Init)
    HAL_InitTick                             0x08001831   Thumb Code    98  stm32f1xx_hal_timebase_tim.o(i.HAL_InitTick)
    HAL_MspInit                              0x080018a5   Thumb Code    62  stm32f1xx_hal_msp.o(i.HAL_MspInit)
    HAL_NVIC_EnableIRQ                       0x080018ed   Thumb Code    26  stm32f1xx_hal_cortex.o(i.HAL_NVIC_EnableIRQ)
    HAL_NVIC_SetPriority                     0x08001909   Thumb Code    60  stm32f1xx_hal_cortex.o(i.HAL_NVIC_SetPriority)
    HAL_NVIC_SetPriorityGrouping             0x08001949   Thumb Code    26  stm32f1xx_hal_cortex.o(i.HAL_NVIC_SetPriorityGrouping)
    HAL_RCCEx_GetPeriphCLKFreq               0x0800196d   Thumb Code   180  stm32f1xx_hal_rcc_ex.o(i.HAL_RCCEx_GetPeriphCLKFreq)
    HAL_RCCEx_PeriphCLKConfig                0x08001a41   Thumb Code   224  stm32f1xx_hal_rcc_ex.o(i.HAL_RCCEx_PeriphCLKConfig)
    HAL_RCC_ClockConfig                      0x08001b2d   Thumb Code   280  stm32f1xx_hal_rcc.o(i.HAL_RCC_ClockConfig)
    HAL_RCC_GetClockConfig                   0x08001c59   Thumb Code    54  stm32f1xx_hal_rcc.o(i.HAL_RCC_GetClockConfig)
    HAL_RCC_GetPCLK1Freq                     0x08001c99   Thumb Code    20  stm32f1xx_hal_rcc.o(i.HAL_RCC_GetPCLK1Freq)
    HAL_RCC_GetPCLK2Freq                     0x08001cb9   Thumb Code    20  stm32f1xx_hal_rcc.o(i.HAL_RCC_GetPCLK2Freq)
    HAL_RCC_GetSysClockFreq                  0x08001cd9   Thumb Code    74  stm32f1xx_hal_rcc.o(i.HAL_RCC_GetSysClockFreq)
    HAL_RCC_OscConfig                        0x08001d45   Thumb Code   778  stm32f1xx_hal_rcc.o(i.HAL_RCC_OscConfig)
    HAL_TIMEx_BreakCallback                  0x08002065   Thumb Code     2  stm32f1xx_hal_tim_ex.o(i.HAL_TIMEx_BreakCallback)
    HAL_TIMEx_CommutCallback                 0x08002067   Thumb Code     2  stm32f1xx_hal_tim_ex.o(i.HAL_TIMEx_CommutCallback)
    HAL_TIMEx_MasterConfigSynchronization    0x08002069   Thumb Code    66  stm32f1xx_hal_tim_ex.o(i.HAL_TIMEx_MasterConfigSynchronization)
    HAL_TIM_Base_Init                        0x080020ab   Thumb Code    54  stm32f1xx_hal_tim.o(i.HAL_TIM_Base_Init)
    HAL_TIM_Base_MspInit                     0x080020e1   Thumb Code    30  tim.o(i.HAL_TIM_Base_MspInit)
    HAL_TIM_Base_Start_IT                    0x08002105   Thumb Code    34  stm32f1xx_hal_tim.o(i.HAL_TIM_Base_Start_IT)
    HAL_TIM_ConfigClockSource                0x08002127   Thumb Code   214  stm32f1xx_hal_tim.o(i.HAL_TIM_ConfigClockSource)
    HAL_TIM_IC_CaptureCallback               0x080021fd   Thumb Code     2  stm32f1xx_hal_tim.o(i.HAL_TIM_IC_CaptureCallback)
    HAL_TIM_IRQHandler                       0x080021ff   Thumb Code   358  stm32f1xx_hal_tim.o(i.HAL_TIM_IRQHandler)
    HAL_TIM_MspPostInit                      0x08002365   Thumb Code   114  tim.o(i.HAL_TIM_MspPostInit)
    HAL_TIM_OC_DelayElapsedCallback          0x080023e9   Thumb Code     2  stm32f1xx_hal_tim.o(i.HAL_TIM_OC_DelayElapsedCallback)
    HAL_TIM_PWM_ConfigChannel                0x080023eb   Thumb Code   208  stm32f1xx_hal_tim.o(i.HAL_TIM_PWM_ConfigChannel)
    HAL_TIM_PWM_Init                         0x080024bb   Thumb Code    54  stm32f1xx_hal_tim.o(i.HAL_TIM_PWM_Init)
    HAL_TIM_PWM_MspInit                      0x080024f1   Thumb Code     2  stm32f1xx_hal_tim.o(i.HAL_TIM_PWM_MspInit)
    HAL_TIM_PWM_PulseFinishedCallback        0x080024f3   Thumb Code     2  stm32f1xx_hal_tim.o(i.HAL_TIM_PWM_PulseFinishedCallback)
    HAL_TIM_PWM_Start                        0x080024f5   Thumb Code    58  stm32f1xx_hal_tim.o(i.HAL_TIM_PWM_Start)
    HAL_TIM_PeriodElapsedCallback            0x08002539   Thumb Code    14  main.o(i.HAL_TIM_PeriodElapsedCallback)
    HAL_TIM_TriggerCallback                  0x0800254d   Thumb Code     2  stm32f1xx_hal_tim.o(i.HAL_TIM_TriggerCallback)
    HAL_UART_DMAStop                         0x0800254f   Thumb Code    88  stm32f1xx_hal_uart.o(i.HAL_UART_DMAStop)
    HAL_UART_ErrorCallback                   0x080025a7   Thumb Code     2  stm32f1xx_hal_uart.o(i.HAL_UART_ErrorCallback)
    HAL_UART_IRQHandler                      0x080025a9   Thumb Code   266  stm32f1xx_hal_uart.o(i.HAL_UART_IRQHandler)
    HAL_UART_Init                            0x080026b9   Thumb Code    98  stm32f1xx_hal_uart.o(i.HAL_UART_Init)
    HAL_UART_MspInit                         0x0800271d   Thumb Code   848  usart.o(i.HAL_UART_MspInit)
    HAL_UART_Receive_DMA                     0x08002aa1   Thumb Code   138  stm32f1xx_hal_uart.o(i.HAL_UART_Receive_DMA)
    HAL_UART_RxCpltCallback                  0x08002b39   Thumb Code     2  stm32f1xx_hal_uart.o(i.HAL_UART_RxCpltCallback)
    HAL_UART_RxHalfCpltCallback              0x08002b3b   Thumb Code     2  stm32f1xx_hal_uart.o(i.HAL_UART_RxHalfCpltCallback)
    HAL_UART_Transmit_DMA                    0x08002b3d   Thumb Code   114  stm32f1xx_hal_uart.o(i.HAL_UART_Transmit_DMA)
    HAL_UART_TxCpltCallback                  0x08002bbd   Thumb Code    32  stm32f1xx_it.o(i.HAL_UART_TxCpltCallback)
    HAL_UART_TxHalfCpltCallback              0x08002be9   Thumb Code     2  stm32f1xx_hal_uart.o(i.HAL_UART_TxHalfCpltCallback)
    HardFault_Handler                        0x08002beb   Thumb Code     2  stm32f1xx_it.o(i.HardFault_Handler)
    MX_ADC1_Init                             0x08002bed   Thumb Code   258  adc.o(i.MX_ADC1_Init)
    MX_DAC_Init                              0x08002cf9   Thumb Code    66  dac.o(i.MX_DAC_Init)
    MX_DMA_Init                              0x08002d45   Thumb Code   184  dma.o(i.MX_DMA_Init)
    MX_FREERTOS_Init                         0x08002e01   Thumb Code   162  freertos.o(i.MX_FREERTOS_Init)
    MX_GPIO_Init                             0x08002ead   Thumb Code   304  gpio.o(i.MX_GPIO_Init)
    MX_TIM2_Init                             0x08002ff5   Thumb Code   196  tim.o(i.MX_TIM2_Init)
    MX_UART4_Init                            0x080030bd   Thumb Code    48  usart.o(i.MX_UART4_Init)
    MX_USART1_UART_Init                      0x080030f5   Thumb Code    48  usart.o(i.MX_USART1_UART_Init)
    MX_USART2_UART_Init                      0x0800312d   Thumb Code    48  usart.o(i.MX_USART2_UART_Init)
    MX_USART3_UART_Init                      0x08003165   Thumb Code    48  usart.o(i.MX_USART3_UART_Init)
    MemManage_Handler                        0x0800319d   Thumb Code     2  stm32f1xx_it.o(i.MemManage_Handler)
    NMI_Handler                              0x0800319f   Thumb Code     2  stm32f1xx_it.o(i.NMI_Handler)
    SysTick_Handler                          0x080031a1   Thumb Code    38  port.o(i.SysTick_Handler)
    SystemClock_Config                       0x080031cd   Thumb Code    96  main.o(i.SystemClock_Config)
    SystemInit                               0x0800322d   Thumb Code    56  system_stm32f1xx.o(i.SystemInit)
    TIM8_UP_IRQHandler                       0x08003275   Thumb Code     6  stm32f1xx_it.o(i.TIM8_UP_IRQHandler)
    TIM_Base_SetConfig                       0x08003281   Thumb Code   120  stm32f1xx_hal_tim.o(i.TIM_Base_SetConfig)
    TIM_CCxChannelCmd                        0x0800330d   Thumb Code    26  stm32f1xx_hal_tim.o(i.TIM_CCxChannelCmd)
    TIM_ETR_SetConfig                        0x08003327   Thumb Code    20  stm32f1xx_hal_tim.o(i.TIM_ETR_SetConfig)
    TIM_OC2_SetConfig                        0x080033ad   Thumb Code    98  stm32f1xx_hal_tim.o(i.TIM_OC2_SetConfig)
    Task01_cps_write_task                    0x08003519   Thumb Code    14  freertos.o(i.Task01_cps_write_task)
    Task02_cps_read_task                     0x0800352d   Thumb Code    12  freertos.o(i.Task02_cps_read_task)
    Task03_hmi_wait_cmd_task                 0x08003539   Thumb Code    14  freertos.o(i.Task03_hmi_wait_cmd_task)
    Task04_aqi_read_task                     0x0800354d   Thumb Code    18  freertos.o(i.Task04_aqi_read_task)
    Task05_pwm_adc_dac_gpio_task             0x08003565   Thumb Code   794  freertos.o(i.Task05_pwm_adc_dac_gpio_task)
    Task06_misc_func_task                    0x080038bd   Thumb Code    22  freertos.o(i.Task06_misc_func_task)
    Task07_stepper_task                      0x080038d9   Thumb Code    22  freertos.o(i.Task07_stepper_task)
    UART4_IRQHandler                         0x080038f5   Thumb Code     6  stm32f1xx_it.o(i.UART4_IRQHandler)
    USART1_IRQHandler                        0x08003bb9   Thumb Code    20  stm32f1xx_it.o(i.USART1_IRQHandler)
    USART2_IRQHandler                        0x08003bd5   Thumb Code    20  stm32f1xx_it.o(i.USART2_IRQHandler)
    USART3_IRQHandler                        0x08003bf1   Thumb Code    20  stm32f1xx_it.o(i.USART3_IRQHandler)
    UsageFault_Handler                       0x08003c0d   Thumb Code     2  stm32f1xx_it.o(i.UsageFault_Handler)
    __scatterload_copy                       0x08003c2f   Thumb Code    14  handlers.o(i.__scatterload_copy)
    __scatterload_null                       0x08003c3d   Thumb Code     2  handlers.o(i.__scatterload_null)
    __scatterload_zeroinit                   0x08003c3f   Thumb Code    14  handlers.o(i.__scatterload_zeroinit)
    csro_master_aqi_init                     0x08003c4d   Thumb Code    70  mb_master_aqi.o(i.csro_master_aqi_init)
    csro_master_aqi_read_task                0x08003cad   Thumb Code   122  mb_master_aqi.o(i.csro_master_aqi_read_task)
    csro_master_cps_init                     0x08003d35   Thumb Code   118  mb_master_cps.o(i.csro_master_cps_init)
    csro_master_cps_read_task                0x08003dcd   Thumb Code   282  mb_master_cps.o(i.csro_master_cps_read_task)
    csro_master_cps_write_task               0x08003ef5   Thumb Code   180  mb_master_cps.o(i.csro_master_cps_write_task)
    csro_slave_hmi_init                      0x08003fb9   Thumb Code   136  mb_slave_hmi.o(i.csro_slave_hmi_init)
    csro_slave_hmi_wait_cmd                  0x08004065   Thumb Code    52  mb_slave_hmi.o(i.csro_slave_hmi_wait_cmd)
    main                                     0x080040ad   Thumb Code    54  main.o(i.main)
    master_aqi_send_receive                  0x080040f1   Thumb Code   140  mb_master_aqi.o(i.master_aqi_send_receive)
    master_aqi_set_rx                        0x08004189   Thumb Code    12  mb_master_aqi.o(i.master_aqi_set_rx)
    master_aqi_set_tx                        0x08004199   Thumb Code    10  mb_master_aqi.o(i.master_aqi_set_tx)
    master_aqi_uart_idle                     0x080041a9   Thumb Code    54  mb_master_aqi.o(i.master_aqi_uart_idle)
    master_cps_send_receive                  0x080041e9   Thumb Code   140  mb_master_cps.o(i.master_cps_send_receive)
    master_cps_set_rx                        0x08004281   Thumb Code    12  mb_master_cps.o(i.master_cps_set_rx)
    master_cps_set_tx                        0x08004291   Thumb Code    10  mb_master_cps.o(i.master_cps_set_tx)
    master_cps_trigger_write                 0x080042a1   Thumb Code     8  mb_master_cps.o(i.master_cps_trigger_write)
    master_cps_uart_idle                     0x080042ad   Thumb Code    54  mb_master_cps.o(i.master_cps_uart_idle)
    master_crc16                             0x080042ed   Thumb Code    52  mb_crc.o(i.master_crc16)
    master_read_holding_regs                 0x08004325   Thumb Code   130  mb_master.o(i.master_read_holding_regs)
    master_write_cps_tim_callback            0x080043f5   Thumb Code    50  mb_master_cps.o(i.master_write_cps_tim_callback)
    master_write_multi_holding_regs          0x08004431   Thumb Code   174  mb_master.o(i.master_write_multi_holding_regs)
    master_write_single_holding_reg          0x080044df   Thumb Code   134  mb_master.o(i.master_write_single_holding_reg)
    osDelay                                  0x0800464d   Thumb Code    14  cmsis_os.o(i.osDelay)
    osKernelStart                            0x0800465b   Thumb Code    10  cmsis_os.o(i.osKernelStart)
    osMutexCreate                            0x08004665   Thumb Code     6  cmsis_os.o(i.osMutexCreate)
    osMutexRelease                           0x0800466d   Thumb Code    74  cmsis_os.o(i.osMutexRelease)
    osMutexWait                              0x080046bd   Thumb Code    96  cmsis_os.o(i.osMutexWait)
    osSemaphoreCreate                        0x08004721   Thumb Code    38  cmsis_os.o(i.osSemaphoreCreate)
    osSemaphoreRelease                       0x08004749   Thumb Code    74  cmsis_os.o(i.osSemaphoreRelease)
    osSemaphoreWait                          0x08004799   Thumb Code    96  cmsis_os.o(i.osSemaphoreWait)
    osThreadCreate                           0x080047fd   Thumb Code    46  cmsis_os.o(i.osThreadCreate)
    osTimerCreate                            0x0800482d   Thumb Code    30  cmsis_os.o(i.osTimerCreate)
    osTimerStart                             0x08004851   Thumb Code    88  cmsis_os.o(i.osTimerStart)
    pvPortMalloc                             0x08005021   Thumb Code   210  heap_4.o(i.pvPortMalloc)
    pvTaskIncrementMutexHeldCount            0x080050f9   Thumb Code    18  tasks.o(i.pvTaskIncrementMutexHeldCount)
    pxPortInitialiseStack                    0x08005111   Thumb Code    32  port.o(i.pxPortInitialiseStack)
    slave_crc16                              0x08005135   Thumb Code    52  mb_crc.o(i.slave_crc16)
    slave_handle_cmd                         0x0800516d   Thumb Code   208  mb_slave.o(i.slave_handle_cmd)
    slave_hmi_reply                          0x0800523d   Thumb Code    78  mb_slave_hmi.o(i.slave_hmi_reply)
    slave_hmi_set_rx                         0x08005291   Thumb Code    12  mb_slave_hmi.o(i.slave_hmi_set_rx)
    slave_hmi_set_tx                         0x080052a1   Thumb Code    12  mb_slave_hmi.o(i.slave_hmi_set_tx)
    slave_hmi_uart_idle                      0x080052b1   Thumb Code    54  mb_slave_hmi.o(i.slave_hmi_uart_idle)
    slave_hmi_write_coils_callback           0x080052f1   Thumb Code   128  mb_slave_hmi.o(i.slave_hmi_write_coils_callback)
    slave_hmi_write_holdings_callback        0x08005375   Thumb Code   288  mb_slave_hmi.o(i.slave_hmi_write_holdings_callback)
    uxListRemove                             0x08005929   Thumb Code    38  list.o(i.uxListRemove)
    vListInitialise                          0x0800594f   Thumb Code    22  list.o(i.vListInitialise)
    vListInitialiseItem                      0x08005965   Thumb Code     6  list.o(i.vListInitialiseItem)
    vListInsert                              0x0800596b   Thumb Code    48  list.o(i.vListInsert)
    vListInsertEnd                           0x0800599b   Thumb Code    24  list.o(i.vListInsertEnd)
    vPortEnterCritical                       0x080059b5   Thumb Code    54  port.o(i.vPortEnterCritical)
    vPortExitCritical                        0x080059f5   Thumb Code    34  port.o(i.vPortExitCritical)
    vPortFree                                0x08005a1d   Thumb Code    88  heap_4.o(i.vPortFree)
    vPortSetupTimerInterrupt                 0x08005a79   Thumb Code    32  port.o(i.vPortSetupTimerInterrupt)
    vPortValidateInterruptPriority           0x08005a9d   Thumb Code    74  port.o(i.vPortValidateInterruptPriority)
    vQueueAddToRegistry                      0x08005af1   Thumb Code    34  queue.o(i.vQueueAddToRegistry)
    vQueueWaitForMessageRestricted           0x08005b19   Thumb Code    68  queue.o(i.vQueueWaitForMessageRestricted)
    vTaskDelay                               0x08005b5d   Thumb Code    66  tasks.o(i.vTaskDelay)
    vTaskInternalSetTimeOutState             0x08005ba9   Thumb Code    12  tasks.o(i.vTaskInternalSetTimeOutState)
    vTaskMissedYield                         0x08005bb9   Thumb Code     8  tasks.o(i.vTaskMissedYield)
    vTaskPlaceOnEventList                    0x08005bc5   Thumb Code    44  tasks.o(i.vTaskPlaceOnEventList)
    vTaskPlaceOnEventListRestricted          0x08005bf5   Thumb Code    52  tasks.o(i.vTaskPlaceOnEventListRestricted)
    vTaskPriorityDisinheritAfterTimeout      0x08005c2d   Thumb Code   160  tasks.o(i.vTaskPriorityDisinheritAfterTimeout)
    vTaskStartScheduler                      0x08005cd5   Thumb Code    94  tasks.o(i.vTaskStartScheduler)
    vTaskSuspendAll                          0x08005d45   Thumb Code    10  tasks.o(i.vTaskSuspendAll)
    vTaskSwitchContext                       0x08005d55   Thumb Code    82  tasks.o(i.vTaskSwitchContext)
    xPortStartScheduler                      0x08005db1   Thumb Code   154  port.o(i.xPortStartScheduler)
    xQueueCreateMutex                        0x08005e59   Thumb Code    36  queue.o(i.xQueueCreateMutex)
    xQueueGenericCreate                      0x08005e7d   Thumb Code    72  queue.o(i.xQueueGenericCreate)
    xQueueGenericReset                       0x08005ec5   Thumb Code   132  queue.o(i.xQueueGenericReset)
    xQueueGenericSend                        0x08005f4d   Thumb Code   346  queue.o(i.xQueueGenericSend)
    xQueueGenericSendFromISR                 0x080060ad   Thumb Code   188  queue.o(i.xQueueGenericSendFromISR)
    xQueueGiveFromISR                        0x08006169   Thumb Code   156  queue.o(i.xQueueGiveFromISR)
    xQueueReceive                            0x08006205   Thumb Code   308  queue.o(i.xQueueReceive)
    xQueueReceiveFromISR                     0x0800633d   Thumb Code   154  queue.o(i.xQueueReceiveFromISR)
    xQueueSemaphoreTake                      0x080063d9   Thumb Code   372  queue.o(i.xQueueSemaphoreTake)
    xTaskCheckForTimeOut                     0x08006551   Thumb Code   112  tasks.o(i.xTaskCheckForTimeOut)
    xTaskCreate                              0x080065c5   Thumb Code    86  tasks.o(i.xTaskCreate)
    xTaskGetSchedulerState                   0x0800661d   Thumb Code    22  tasks.o(i.xTaskGetSchedulerState)
    xTaskGetTickCount                        0x08006639   Thumb Code     6  tasks.o(i.xTaskGetTickCount)
    xTaskIncrementTick                       0x08006645   Thumb Code   192  tasks.o(i.xTaskIncrementTick)
    xTaskPriorityDisinherit                  0x0800670d   Thumb Code   144  tasks.o(i.xTaskPriorityDisinherit)
    xTaskPriorityInherit                     0x080067a5   Thumb Code   138  tasks.o(i.xTaskPriorityInherit)
    xTaskRemoveFromEventList                 0x08006839   Thumb Code   108  tasks.o(i.xTaskRemoveFromEventList)
    xTaskResumeAll                           0x080068ad   Thumb Code   182  tasks.o(i.xTaskResumeAll)
    xTimerCreate                             0x08006971   Thumb Code    78  timers.o(i.xTimerCreate)
    xTimerCreateTimerTask                    0x080069c1   Thumb Code    56  timers.o(i.xTimerCreateTimerTask)
    xTimerGenericCommand                     0x08006a09   Thumb Code    92  timers.o(i.xTimerGenericCommand)
    AHBPrescTable                            0x08006af4   Data          16  system_stm32f1xx.o(.constdata)
    APBPrescTable                            0x08006b04   Data           8  system_stm32f1xx.o(.constdata)
    Region$$Table$$Base                      0x08006d48   Number         0  anon$$obj.o(Region$$Table)
    Region$$Table$$Limit                     0x08006d68   Number         0  anon$$obj.o(Region$$Table)
    Task01Handle                             0x20000000   Data           4  freertos.o(.data)
    Task02Handle                             0x20000004   Data           4  freertos.o(.data)
    Task03Handle                             0x20000008   Data           4  freertos.o(.data)
    Task04Handle                             0x2000000c   Data           4  freertos.o(.data)
    Task05Handle                             0x20000010   Data           4  freertos.o(.data)
    Task06Handle                             0x20000014   Data           4  freertos.o(.data)
    Task07Handle                             0x20000018   Data           4  freertos.o(.data)
    uwTickFreq                               0x2000001c   Data           1  stm32f1xx_hal.o(.data)
    uwTickPrio                               0x20000020   Data           4  stm32f1xx_hal.o(.data)
    uwTick                                   0x20000024   Data           4  stm32f1xx_hal.o(.data)
    SystemCoreClock                          0x20000028   Data           4  system_stm32f1xx.o(.data)
    pxCurrentTCB                             0x2000002c   Data           4  tasks.o(.data)
    last_phase                               0x20000328   Data           1  csro_stepper.o(.data)
    phase                                    0x20000329   Data           1  csro_stepper.o(.data)
    position                                 0x2000032c   Data           2  csro_stepper.o(.data)
    hadc1                                    0x20000350   Data          48  adc.o(.bss)
    hdma_adc1                                0x20000380   Data          68  adc.o(.bss)
    hdac                                     0x200003c4   Data          20  dac.o(.bss)
    adc_data                                 0x200003d8   Data         400  freertos.o(.bss)
    htim2                                    0x20000568   Data          64  tim.o(.bss)
    huart4                                   0x200005a8   Data          64  usart.o(.bss)
    huart1                                   0x200005e8   Data          64  usart.o(.bss)
    huart2                                   0x20000628   Data          64  usart.o(.bss)
    huart3                                   0x20000668   Data          64  usart.o(.bss)
    hdma_uart4_rx                            0x200006a8   Data          68  usart.o(.bss)
    hdma_uart4_tx                            0x200006ec   Data          68  usart.o(.bss)
    hdma_usart1_rx                           0x20000730   Data          68  usart.o(.bss)
    hdma_usart1_tx                           0x20000774   Data          68  usart.o(.bss)
    hdma_usart2_rx                           0x200007b8   Data          68  usart.o(.bss)
    hdma_usart2_tx                           0x200007fc   Data          68  usart.o(.bss)
    hdma_usart3_rx                           0x20000840   Data          68  usart.o(.bss)
    hdma_usart3_tx                           0x20000884   Data          68  usart.o(.bss)
    htim8                                    0x200008c8   Data          64  stm32f1xx_hal_timebase_tim.o(.bss)
    xQueueRegistry                           0x20000908   Data          64  queue.o(.bss)
    master_aqi                               0x20005a60   Data        1080  mb_master_aqi.o(.bss)
    master_cps                               0x20005e98   Data        1080  mb_master_cps.o(.bss)
    slave_hmi                                0x200062d0   Data        1088  mb_slave_hmi.o(.bss)
    sys_regs                                 0x20006710   Data        2048  mb_slave_hmi.o(.bss)
    __initial_sp                             0x20007710   Data           0  startup_stm32f103xe.o(STACK)



==============================================================================

Memory Map of the image

  Image Entry point : 0x08000131

  Load Region LR_IROM1 (Base: 0x08000000, Size: 0x000070b8, Max: 0x00080000, ABSOLUTE, COMPRESSED[0x00007008])

    Execution Region ER_IROM1 (Exec base: 0x08000000, Load base: 0x08000000, Size: 0x00006d68, Max: 0x00080000, ABSOLUTE)

    Exec Addr    Load Addr    Size         Type   Attr      Idx    E Section Name        Object

    0x08000000   0x08000000   0x00000130   Data   RO            3    RESET               startup_stm32f103xe.o
    0x08000130   0x08000130   0x00000000   Code   RO         5357  * .ARM.Collect$$$$00000000  mc_w.l(entry.o)
    0x08000130   0x08000130   0x00000004   Code   RO         5392    .ARM.Collect$$$$00000001  mc_w.l(entry2.o)
    0x08000134   0x08000134   0x00000004   Code   RO         5395    .ARM.Collect$$$$00000004  mc_w.l(entry5.o)
    0x08000138   0x08000138   0x00000000   Code   RO         5397    .ARM.Collect$$$$00000008  mc_w.l(entry7b.o)
    0x08000138   0x08000138   0x00000000   Code   RO         5399    .ARM.Collect$$$$0000000A  mc_w.l(entry8b.o)
    0x08000138   0x08000138   0x00000008   Code   RO         5400    .ARM.Collect$$$$0000000B  mc_w.l(entry9a.o)
    0x08000140   0x08000140   0x00000000   Code   RO         5402    .ARM.Collect$$$$0000000D  mc_w.l(entry10a.o)
    0x08000140   0x08000140   0x00000000   Code   RO         5404    .ARM.Collect$$$$0000000F  mc_w.l(entry11a.o)
    0x08000140   0x08000140   0x00000004   Code   RO         5393    .ARM.Collect$$$$00002712  mc_w.l(entry2.o)
    0x08000144   0x08000144   0x00000096   Code   RO         4822    .emb_text           port.o
    0x080001da   0x080001da   0x00000002   PAD
    0x080001dc   0x080001dc   0x00000024   Code   RO            4    .text               startup_stm32f103xe.o
    0x08000200   0x08000200   0x00000020   Code   RO         5360    .text               mc_w.l(llushr.o)
    0x08000220   0x08000220   0x00000024   Code   RO         5362    .text               mc_w.l(memcpya.o)
    0x08000244   0x08000244   0x00000024   Code   RO         5366    .text               mc_w.l(memseta.o)
    0x08000268   0x08000268   0x000000b0   Code   RO         5370    .text               mf_w.l(fadd.o)
    0x08000318   0x08000318   0x0000007c   Code   RO         5372    .text               mf_w.l(fdiv.o)
    0x08000394   0x08000394   0x000000e4   Code   RO         5374    .text               mf_w.l(dmul.o)
    0x08000478   0x08000478   0x000000de   Code   RO         5376    .text               mf_w.l(ddiv.o)
    0x08000556   0x08000556   0x0000002e   Code   RO         5378    .text               mf_w.l(dscalb.o)
    0x08000584   0x08000584   0x0000000a   Code   RO         5380    .text               mf_w.l(ffltui.o)
    0x0800058e   0x0800058e   0x0000003e   Code   RO         5382    .text               mf_w.l(dfixi.o)
    0x080005cc   0x080005cc   0x00000026   Code   RO         5384    .text               mf_w.l(f2d.o)
    0x080005f2   0x080005f2   0x00000038   Code   RO         5386    .text               mf_w.l(d2f.o)
    0x0800062a   0x0800062a   0x00000002   PAD
    0x0800062c   0x0800062c   0x00000014   Code   RO         5388    .text               mf_w.l(cfcmple.o)
    0x08000640   0x08000640   0x00000014   Code   RO         5390    .text               mf_w.l(cfrcmple.o)
    0x08000654   0x08000654   0x00000000   Code   RO         5406    .text               mc_w.l(iusefp.o)
    0x08000654   0x08000654   0x0000006e   Code   RO         5407    .text               mf_w.l(fepilogue.o)
    0x080006c2   0x080006c2   0x000000ba   Code   RO         5409    .text               mf_w.l(depilogue.o)
    0x0800077c   0x0800077c   0x00000024   Code   RO         5411    .text               mc_w.l(init.o)
    0x080007a0   0x080007a0   0x0000001e   Code   RO         5413    .text               mc_w.l(llshl.o)
    0x080007be   0x080007be   0x0000003a   Code   RO         5423    .text               mc_w.l(__dczerorl.o)
    0x080007f8   0x080007f8   0x0000004c   Code   RO          794    i.ADC_ConversionStop_Disable  stm32f1xx_hal_adc.o
    0x08000844   0x08000844   0x0000004e   Code   RO          795    i.ADC_DMAConvCplt   stm32f1xx_hal_adc.o
    0x08000892   0x08000892   0x0000001a   Code   RO          796    i.ADC_DMAError      stm32f1xx_hal_adc.o
    0x080008ac   0x080008ac   0x0000000a   Code   RO          797    i.ADC_DMAHalfConvCplt  stm32f1xx_hal_adc.o
    0x080008b6   0x080008b6   0x00000002   PAD
    0x080008b8   0x080008b8   0x00000070   Code   RO          798    i.ADC_Enable        stm32f1xx_hal_adc.o
    0x08000928   0x08000928   0x00000002   Code   RO          547    i.BusFault_Handler  stm32f1xx_it.o
    0x0800092a   0x0800092a   0x00000002   PAD
    0x0800092c   0x0800092c   0x0000007c   Code   RO         4902    i.Csro_Calculate_ntc3380_Temperature_from_Resvalue  csro_common.o
    0x080009a8   0x080009a8   0x0000007c   Code   RO         4903    i.Csro_Calculate_ntc3950_Temperature_from_Resvalue  csro_common.o
    0x08000a24   0x08000a24   0x00000020   Code   RO         4939    i.Csro_Stepper_Init  csro_stepper.o
    0x08000a44   0x08000a44   0x0000005c   Code   RO         4940    i.Csro_Stepper_Set_Position  csro_stepper.o
    0x08000aa0   0x08000aa0   0x0000000c   Code   RO          548    i.DMA1_Channel1_IRQHandler  stm32f1xx_it.o
    0x08000aac   0x08000aac   0x0000000c   Code   RO          549    i.DMA1_Channel2_IRQHandler  stm32f1xx_it.o
    0x08000ab8   0x08000ab8   0x0000000c   Code   RO          550    i.DMA1_Channel3_IRQHandler  stm32f1xx_it.o
    0x08000ac4   0x08000ac4   0x0000000c   Code   RO          551    i.DMA1_Channel4_IRQHandler  stm32f1xx_it.o
    0x08000ad0   0x08000ad0   0x0000000c   Code   RO          552    i.DMA1_Channel5_IRQHandler  stm32f1xx_it.o
    0x08000adc   0x08000adc   0x0000000c   Code   RO          553    i.DMA1_Channel6_IRQHandler  stm32f1xx_it.o
    0x08000ae8   0x08000ae8   0x0000000c   Code   RO          554    i.DMA1_Channel7_IRQHandler  stm32f1xx_it.o
    0x08000af4   0x08000af4   0x0000000c   Code   RO          555    i.DMA2_Channel3_IRQHandler  stm32f1xx_it.o
    0x08000b00   0x08000b00   0x0000000c   Code   RO          556    i.DMA2_Channel4_5_IRQHandler  stm32f1xx_it.o
    0x08000b0c   0x08000b0c   0x0000002a   Code   RO         2930    i.DMA_SetConfig     stm32f1xx_hal_dma.o
    0x08000b36   0x08000b36   0x00000002   Code   RO          557    i.DebugMon_Handler  stm32f1xx_it.o
    0x08000b38   0x08000b38   0x00000002   Code   RO           13    i.Error_Handler     main.o
    0x08000b3a   0x08000b3a   0x00000002   PAD
    0x08000b3c   0x08000b3c   0x000000c8   Code   RO          974    i.HAL_ADCEx_Calibration_Start  stm32f1xx_hal_adc_ex.o
    0x08000c04   0x08000c04   0x000000fc   Code   RO          800    i.HAL_ADC_ConfigChannel  stm32f1xx_hal_adc.o
    0x08000d00   0x08000d00   0x00000002   Code   RO          801    i.HAL_ADC_ConvCpltCallback  stm32f1xx_hal_adc.o
    0x08000d02   0x08000d02   0x00000002   Code   RO          802    i.HAL_ADC_ConvHalfCpltCallback  stm32f1xx_hal_adc.o
    0x08000d04   0x08000d04   0x00000002   Code   RO          804    i.HAL_ADC_ErrorCallback  stm32f1xx_hal_adc.o
    0x08000d06   0x08000d06   0x00000002   PAD
    0x08000d08   0x08000d08   0x00000120   Code   RO          809    i.HAL_ADC_Init      stm32f1xx_hal_adc.o
    0x08000e28   0x08000e28   0x000000b0   Code   RO          241    i.HAL_ADC_MspInit   adc.o
    0x08000ed8   0x08000ed8   0x0000010c   Code   RO          816    i.HAL_ADC_Start_DMA  stm32f1xx_hal_adc.o
    0x08000fe4   0x08000fe4   0x0000004e   Code   RO         1073    i.HAL_DAC_ConfigChannel  stm32f1xx_hal_dac.o
    0x08001032   0x08001032   0x00000028   Code   RO         1083    i.HAL_DAC_Init      stm32f1xx_hal_dac.o
    0x0800105a   0x0800105a   0x00000002   PAD
    0x0800105c   0x0800105c   0x00000058   Code   RO          283    i.HAL_DAC_MspInit   dac.o
    0x080010b4   0x080010b4   0x0000001a   Code   RO         1086    i.HAL_DAC_SetValue  stm32f1xx_hal_dac.o
    0x080010ce   0x080010ce   0x0000005c   Code   RO         1087    i.HAL_DAC_Start     stm32f1xx_hal_dac.o
    0x0800112a   0x0800112a   0x00000046   Code   RO         2931    i.HAL_DMA_Abort     stm32f1xx_hal_dma.o
    0x08001170   0x08001170   0x00000130   Code   RO         2932    i.HAL_DMA_Abort_IT  stm32f1xx_hal_dma.o
    0x080012a0   0x080012a0   0x00000248   Code   RO         2936    i.HAL_DMA_IRQHandler  stm32f1xx_hal_dma.o
    0x080014e8   0x080014e8   0x0000007c   Code   RO         2937    i.HAL_DMA_Init      stm32f1xx_hal_dma.o
    0x08001564   0x08001564   0x00000070   Code   RO         2941    i.HAL_DMA_Start_IT  stm32f1xx_hal_dma.o
    0x080015d4   0x080015d4   0x000001f8   Code   RO         2867    i.HAL_GPIO_Init     stm32f1xx_hal_gpio.o
    0x080017cc   0x080017cc   0x0000000a   Code   RO         2869    i.HAL_GPIO_ReadPin  stm32f1xx_hal_gpio.o
    0x080017d6   0x080017d6   0x0000000e   Code   RO         2870    i.HAL_GPIO_TogglePin  stm32f1xx_hal_gpio.o
    0x080017e4   0x080017e4   0x0000000a   Code   RO         2871    i.HAL_GPIO_WritePin  stm32f1xx_hal_gpio.o
    0x080017ee   0x080017ee   0x00000002   PAD
    0x080017f0   0x080017f0   0x0000000c   Code   RO         2563    i.HAL_GetTick       stm32f1xx_hal.o
    0x080017fc   0x080017fc   0x00000010   Code   RO         2569    i.HAL_IncTick       stm32f1xx_hal.o
    0x0800180c   0x0800180c   0x00000024   Code   RO         2570    i.HAL_Init          stm32f1xx_hal.o
    0x08001830   0x08001830   0x00000074   Code   RO          719    i.HAL_InitTick      stm32f1xx_hal_timebase_tim.o
    0x080018a4   0x080018a4   0x00000048   Code   RO          695    i.HAL_MspInit       stm32f1xx_hal_msp.o
    0x080018ec   0x080018ec   0x0000001a   Code   RO         3027    i.HAL_NVIC_EnableIRQ  stm32f1xx_hal_cortex.o
    0x08001906   0x08001906   0x00000002   PAD
    0x08001908   0x08001908   0x00000040   Code   RO         3033    i.HAL_NVIC_SetPriority  stm32f1xx_hal_cortex.o
    0x08001948   0x08001948   0x00000024   Code   RO         3034    i.HAL_NVIC_SetPriorityGrouping  stm32f1xx_hal_cortex.o
    0x0800196c   0x0800196c   0x000000d4   Code   RO         2829    i.HAL_RCCEx_GetPeriphCLKFreq  stm32f1xx_hal_rcc_ex.o
    0x08001a40   0x08001a40   0x000000ec   Code   RO         2830    i.HAL_RCCEx_PeriphCLKConfig  stm32f1xx_hal_rcc_ex.o
    0x08001b2c   0x08001b2c   0x0000012c   Code   RO         2727    i.HAL_RCC_ClockConfig  stm32f1xx_hal_rcc.o
    0x08001c58   0x08001c58   0x00000040   Code   RO         2731    i.HAL_RCC_GetClockConfig  stm32f1xx_hal_rcc.o
    0x08001c98   0x08001c98   0x00000020   Code   RO         2734    i.HAL_RCC_GetPCLK1Freq  stm32f1xx_hal_rcc.o
    0x08001cb8   0x08001cb8   0x00000020   Code   RO         2735    i.HAL_RCC_GetPCLK2Freq  stm32f1xx_hal_rcc.o
    0x08001cd8   0x08001cd8   0x0000006c   Code   RO         2736    i.HAL_RCC_GetSysClockFreq  stm32f1xx_hal_rcc.o
    0x08001d44   0x08001d44   0x00000320   Code   RO         2739    i.HAL_RCC_OscConfig  stm32f1xx_hal_rcc.o
    0x08002064   0x08002064   0x00000002   Code   RO         1975    i.HAL_TIMEx_BreakCallback  stm32f1xx_hal_tim_ex.o
    0x08002066   0x08002066   0x00000002   Code   RO         1976    i.HAL_TIMEx_CommutCallback  stm32f1xx_hal_tim_ex.o
    0x08002068   0x08002068   0x00000042   Code   RO         1993    i.HAL_TIMEx_MasterConfigSynchronization  stm32f1xx_hal_tim_ex.o
    0x080020aa   0x080020aa   0x00000036   Code   RO         1300    i.HAL_TIM_Base_Init  stm32f1xx_hal_tim.o
    0x080020e0   0x080020e0   0x00000024   Code   RO          440    i.HAL_TIM_Base_MspInit  tim.o
    0x08002104   0x08002104   0x00000022   Code   RO         1305    i.HAL_TIM_Base_Start_IT  stm32f1xx_hal_tim.o
    0x08002126   0x08002126   0x000000d6   Code   RO         1309    i.HAL_TIM_ConfigClockSource  stm32f1xx_hal_tim.o
    0x080021fc   0x080021fc   0x00000002   Code   RO         1329    i.HAL_TIM_IC_CaptureCallback  stm32f1xx_hal_tim.o
    0x080021fe   0x080021fe   0x00000166   Code   RO         1343    i.HAL_TIM_IRQHandler  stm32f1xx_hal_tim.o
    0x08002364   0x08002364   0x00000084   Code   RO          441    i.HAL_TIM_MspPostInit  tim.o
    0x080023e8   0x080023e8   0x00000002   Code   RO         1346    i.HAL_TIM_OC_DelayElapsedCallback  stm32f1xx_hal_tim.o
    0x080023ea   0x080023ea   0x000000d0   Code   RO         1367    i.HAL_TIM_PWM_ConfigChannel  stm32f1xx_hal_tim.o
    0x080024ba   0x080024ba   0x00000036   Code   RO         1370    i.HAL_TIM_PWM_Init  stm32f1xx_hal_tim.o
    0x080024f0   0x080024f0   0x00000002   Code   RO         1372    i.HAL_TIM_PWM_MspInit  stm32f1xx_hal_tim.o
    0x080024f2   0x080024f2   0x00000002   Code   RO         1373    i.HAL_TIM_PWM_PulseFinishedCallback  stm32f1xx_hal_tim.o
    0x080024f4   0x080024f4   0x00000044   Code   RO         1375    i.HAL_TIM_PWM_Start  stm32f1xx_hal_tim.o
    0x08002538   0x08002538   0x00000014   Code   RO           14    i.HAL_TIM_PeriodElapsedCallback  main.o
    0x0800254c   0x0800254c   0x00000002   Code   RO         1386    i.HAL_TIM_TriggerCallback  stm32f1xx_hal_tim.o
    0x0800254e   0x0800254e   0x00000058   Code   RO         2245    i.HAL_UART_DMAStop  stm32f1xx_hal_uart.o
    0x080025a6   0x080025a6   0x00000002   Code   RO         2247    i.HAL_UART_ErrorCallback  stm32f1xx_hal_uart.o
    0x080025a8   0x080025a8   0x00000110   Code   RO         2250    i.HAL_UART_IRQHandler  stm32f1xx_hal_uart.o
    0x080026b8   0x080026b8   0x00000062   Code   RO         2251    i.HAL_UART_Init     stm32f1xx_hal_uart.o
    0x0800271a   0x0800271a   0x00000002   PAD
    0x0800271c   0x0800271c   0x00000384   Code   RO          488    i.HAL_UART_MspInit  usart.o
    0x08002aa0   0x08002aa0   0x00000098   Code   RO         2255    i.HAL_UART_Receive_DMA  stm32f1xx_hal_uart.o
    0x08002b38   0x08002b38   0x00000002   Code   RO         2257    i.HAL_UART_RxCpltCallback  stm32f1xx_hal_uart.o
    0x08002b3a   0x08002b3a   0x00000002   Code   RO         2258    i.HAL_UART_RxHalfCpltCallback  stm32f1xx_hal_uart.o
    0x08002b3c   0x08002b3c   0x00000080   Code   RO         2260    i.HAL_UART_Transmit_DMA  stm32f1xx_hal_uart.o
    0x08002bbc   0x08002bbc   0x0000002c   Code   RO          558    i.HAL_UART_TxCpltCallback  stm32f1xx_it.o
    0x08002be8   0x08002be8   0x00000002   Code   RO         2263    i.HAL_UART_TxHalfCpltCallback  stm32f1xx_hal_uart.o
    0x08002bea   0x08002bea   0x00000002   Code   RO          559    i.HardFault_Handler  stm32f1xx_it.o
    0x08002bec   0x08002bec   0x0000010c   Code   RO          242    i.MX_ADC1_Init      adc.o
    0x08002cf8   0x08002cf8   0x0000004c   Code   RO          284    i.MX_DAC_Init       dac.o
    0x08002d44   0x08002d44   0x000000bc   Code   RO          324    i.MX_DMA_Init       dma.o
    0x08002e00   0x08002e00   0x000000ac   Code   RO          348    i.MX_FREERTOS_Init  freertos.o
    0x08002eac   0x08002eac   0x00000148   Code   RO          216    i.MX_GPIO_Init      gpio.o
    0x08002ff4   0x08002ff4   0x000000c8   Code   RO          442    i.MX_TIM2_Init      tim.o
    0x080030bc   0x080030bc   0x00000038   Code   RO          489    i.MX_UART4_Init     usart.o
    0x080030f4   0x080030f4   0x00000038   Code   RO          490    i.MX_USART1_UART_Init  usart.o
    0x0800312c   0x0800312c   0x00000038   Code   RO          491    i.MX_USART2_UART_Init  usart.o
    0x08003164   0x08003164   0x00000038   Code   RO          492    i.MX_USART3_UART_Init  usart.o
    0x0800319c   0x0800319c   0x00000002   Code   RO          560    i.MemManage_Handler  stm32f1xx_it.o
    0x0800319e   0x0800319e   0x00000002   Code   RO          561    i.NMI_Handler       stm32f1xx_it.o
    0x080031a0   0x080031a0   0x0000002c   Code   RO         4823    i.SysTick_Handler   port.o
    0x080031cc   0x080031cc   0x00000060   Code   RO           15    i.SystemClock_Config  main.o
    0x0800322c   0x0800322c   0x00000048   Code   RO         3528    i.SystemInit        system_stm32f1xx.o
    0x08003274   0x08003274   0x0000000c   Code   RO          562    i.TIM8_UP_IRQHandler  stm32f1xx_it.o
    0x08003280   0x08003280   0x0000008c   Code   RO         1388    i.TIM_Base_SetConfig  stm32f1xx_hal_tim.o
    0x0800330c   0x0800330c   0x0000001a   Code   RO         1389    i.TIM_CCxChannelCmd  stm32f1xx_hal_tim.o
    0x08003326   0x08003326   0x00000014   Code   RO         1399    i.TIM_ETR_SetConfig  stm32f1xx_hal_tim.o
    0x0800333a   0x0800333a   0x00000010   Code   RO         1400    i.TIM_ITRx_SetConfig  stm32f1xx_hal_tim.o
    0x0800334a   0x0800334a   0x00000002   PAD
    0x0800334c   0x0800334c   0x00000060   Code   RO         1401    i.TIM_OC1_SetConfig  stm32f1xx_hal_tim.o
    0x080033ac   0x080033ac   0x0000006c   Code   RO         1402    i.TIM_OC2_SetConfig  stm32f1xx_hal_tim.o
    0x08003418   0x08003418   0x00000068   Code   RO         1403    i.TIM_OC3_SetConfig  stm32f1xx_hal_tim.o
    0x08003480   0x08003480   0x00000050   Code   RO         1404    i.TIM_OC4_SetConfig  stm32f1xx_hal_tim.o
    0x080034d0   0x080034d0   0x00000022   Code   RO         1406    i.TIM_TI1_ConfigInputStage  stm32f1xx_hal_tim.o
    0x080034f2   0x080034f2   0x00000024   Code   RO         1408    i.TIM_TI2_ConfigInputStage  stm32f1xx_hal_tim.o
    0x08003516   0x08003516   0x00000002   PAD
    0x08003518   0x08003518   0x00000014   Code   RO          349    i.Task01_cps_write_task  freertos.o
    0x0800352c   0x0800352c   0x0000000c   Code   RO          350    i.Task02_cps_read_task  freertos.o
    0x08003538   0x08003538   0x00000014   Code   RO          351    i.Task03_hmi_wait_cmd_task  freertos.o
    0x0800354c   0x0800354c   0x00000018   Code   RO          352    i.Task04_aqi_read_task  freertos.o
    0x08003564   0x08003564   0x00000358   Code   RO          353    i.Task05_pwm_adc_dac_gpio_task  freertos.o
    0x080038bc   0x080038bc   0x0000001c   Code   RO          354    i.Task06_misc_func_task  freertos.o
    0x080038d8   0x080038d8   0x0000001c   Code   RO          355    i.Task07_stepper_task  freertos.o
    0x080038f4   0x080038f4   0x0000000c   Code   RO          563    i.UART4_IRQHandler  stm32f1xx_it.o
    0x08003900   0x08003900   0x00000010   Code   RO         2264    i.UART_DMAAbortOnError  stm32f1xx_hal_uart.o
    0x08003910   0x08003910   0x0000004a   Code   RO         2265    i.UART_DMAError     stm32f1xx_hal_uart.o
    0x0800395a   0x0800395a   0x0000003c   Code   RO         2266    i.UART_DMAReceiveCplt  stm32f1xx_hal_uart.o
    0x08003996   0x08003996   0x0000000a   Code   RO         2268    i.UART_DMARxHalfCplt  stm32f1xx_hal_uart.o
    0x080039a0   0x080039a0   0x0000002e   Code   RO         2270    i.UART_DMATransmitCplt  stm32f1xx_hal_uart.o
    0x080039ce   0x080039ce   0x0000000a   Code   RO         2272    i.UART_DMATxHalfCplt  stm32f1xx_hal_uart.o
    0x080039d8   0x080039d8   0x0000001c   Code   RO         2274    i.UART_EndRxTransfer  stm32f1xx_hal_uart.o
    0x080039f4   0x080039f4   0x00000012   Code   RO         2275    i.UART_EndTxTransfer  stm32f1xx_hal_uart.o
    0x08003a06   0x08003a06   0x00000096   Code   RO         2276    i.UART_Receive_IT   stm32f1xx_hal_uart.o
    0x08003a9c   0x08003a9c   0x000000b8   Code   RO         2277    i.UART_SetConfig    stm32f1xx_hal_uart.o
    0x08003b54   0x08003b54   0x00000062   Code   RO         2278    i.UART_Transmit_IT  stm32f1xx_hal_uart.o
    0x08003bb6   0x08003bb6   0x00000002   PAD
    0x08003bb8   0x08003bb8   0x0000001c   Code   RO          564    i.USART1_IRQHandler  stm32f1xx_it.o
    0x08003bd4   0x08003bd4   0x0000001c   Code   RO          565    i.USART2_IRQHandler  stm32f1xx_it.o
    0x08003bf0   0x08003bf0   0x0000001c   Code   RO          566    i.USART3_IRQHandler  stm32f1xx_it.o
    0x08003c0c   0x08003c0c   0x00000002   Code   RO          567    i.UsageFault_Handler  stm32f1xx_it.o
    0x08003c0e   0x08003c0e   0x00000020   Code   RO         3040    i.__NVIC_SetPriority  stm32f1xx_hal_cortex.o
    0x08003c2e   0x08003c2e   0x0000000e   Code   RO         5417    i.__scatterload_copy  mc_w.l(handlers.o)
    0x08003c3c   0x08003c3c   0x00000002   Code   RO         5418    i.__scatterload_null  mc_w.l(handlers.o)
    0x08003c3e   0x08003c3e   0x0000000e   Code   RO         5419    i.__scatterload_zeroinit  mc_w.l(handlers.o)
    0x08003c4c   0x08003c4c   0x00000060   Code   RO         5079    i.csro_master_aqi_init  mb_master_aqi.o
    0x08003cac   0x08003cac   0x00000088   Code   RO         5080    i.csro_master_aqi_read_task  mb_master_aqi.o
    0x08003d34   0x08003d34   0x00000098   Code   RO         5141    i.csro_master_cps_init  mb_master_cps.o
    0x08003dcc   0x08003dcc   0x00000128   Code   RO         5142    i.csro_master_cps_read_task  mb_master_cps.o
    0x08003ef4   0x08003ef4   0x000000c4   Code   RO         5143    i.csro_master_cps_write_task  mb_master_cps.o
    0x08003fb8   0x08003fb8   0x000000ac   Code   RO         5286    i.csro_slave_hmi_init  mb_slave_hmi.o
    0x08004064   0x08004064   0x0000003c   Code   RO         5287    i.csro_slave_hmi_wait_cmd  mb_slave_hmi.o
    0x080040a0   0x080040a0   0x0000000c   Code   RO         4404    i.inHandlerMode     cmsis_os.o
    0x080040ac   0x080040ac   0x00000036   Code   RO           16    i.main              main.o
    0x080040e2   0x080040e2   0x0000000c   Code   RO         4406    i.makeFreeRtosPriority  cmsis_os.o
    0x080040ee   0x080040ee   0x00000002   PAD
    0x080040f0   0x080040f0   0x00000098   Code   RO         5081    i.master_aqi_send_receive  mb_master_aqi.o
    0x08004188   0x08004188   0x00000010   Code   RO         5082    i.master_aqi_set_rx  mb_master_aqi.o
    0x08004198   0x08004198   0x00000010   Code   RO         5083    i.master_aqi_set_tx  mb_master_aqi.o
    0x080041a8   0x080041a8   0x00000040   Code   RO         5084    i.master_aqi_uart_idle  mb_master_aqi.o
    0x080041e8   0x080041e8   0x00000098   Code   RO         5144    i.master_cps_send_receive  mb_master_cps.o
    0x08004280   0x08004280   0x00000010   Code   RO         5145    i.master_cps_set_rx  mb_master_cps.o
    0x08004290   0x08004290   0x00000010   Code   RO         5146    i.master_cps_set_tx  mb_master_cps.o
    0x080042a0   0x080042a0   0x0000000c   Code   RO         5147    i.master_cps_trigger_write  mb_master_cps.o
    0x080042ac   0x080042ac   0x00000040   Code   RO         5148    i.master_cps_uart_idle  mb_master_cps.o
    0x080042ec   0x080042ec   0x00000038   Code   RO         4982    i.master_crc16      mb_crc.o
    0x08004324   0x08004324   0x00000082   Code   RO         5016    i.master_read_holding_regs  mb_master.o
    0x080043a6   0x080043a6   0x0000004e   Code   RO         5018    i.master_validate_reply  mb_master.o
    0x080043f4   0x080043f4   0x0000003c   Code   RO         5149    i.master_write_cps_tim_callback  mb_master_cps.o
    0x08004430   0x08004430   0x000000ae   Code   RO         5019    i.master_write_multi_holding_regs  mb_master.o
    0x080044de   0x080044de   0x00000086   Code   RO         5021    i.master_write_single_holding_reg  mb_master.o
    0x08004564   0x08004564   0x000000e8   Code   RO         4941    i.one_pulse         csro_stepper.o
    0x0800464c   0x0800464c   0x0000000e   Code   RO         4408    i.osDelay           cmsis_os.o
    0x0800465a   0x0800465a   0x0000000a   Code   RO         4411    i.osKernelStart     cmsis_os.o
    0x08004664   0x08004664   0x00000006   Code   RO         4426    i.osMutexCreate     cmsis_os.o
    0x0800466a   0x0800466a   0x00000002   PAD
    0x0800466c   0x0800466c   0x00000050   Code   RO         4428    i.osMutexRelease    cmsis_os.o
    0x080046bc   0x080046bc   0x00000064   Code   RO         4429    i.osMutexWait       cmsis_os.o
    0x08004720   0x08004720   0x00000026   Code   RO         4437    i.osSemaphoreCreate  cmsis_os.o
    0x08004746   0x08004746   0x00000002   PAD
    0x08004748   0x08004748   0x00000050   Code   RO         4440    i.osSemaphoreRelease  cmsis_os.o
    0x08004798   0x08004798   0x00000064   Code   RO         4441    i.osSemaphoreWait   cmsis_os.o
    0x080047fc   0x080047fc   0x0000002e   Code   RO         4445    i.osThreadCreate    cmsis_os.o
    0x0800482a   0x0800482a   0x00000002   PAD
    0x0800482c   0x0800482c   0x00000024   Code   RO         4456    i.osTimerCreate     cmsis_os.o
    0x08004850   0x08004850   0x0000005c   Code   RO         4458    i.osTimerStart      cmsis_os.o
    0x080048ac   0x080048ac   0x00000088   Code   RO         4942    i.prepare_pulse     csro_stepper.o
    0x08004934   0x08004934   0x00000070   Code   RO         3993    i.prvAddCurrentTaskToDelayedList  tasks.o
    0x080049a4   0x080049a4   0x000000d0   Code   RO         3994    i.prvAddNewTaskToReadyList  tasks.o
    0x08004a74   0x08004a74   0x00000050   Code   RO         4286    i.prvCheckForValidListAndQueue  timers.o
    0x08004ac4   0x08004ac4   0x00000026   Code   RO         3700    i.prvCopyDataFromQueue  queue.o
    0x08004aea   0x08004aea   0x0000006c   Code   RO         3701    i.prvCopyDataToQueue  queue.o
    0x08004b56   0x08004b56   0x00000014   Code   RO         3995    i.prvDeleteTCB      tasks.o
    0x08004b6a   0x08004b6a   0x00000002   PAD
    0x08004b6c   0x08004b6c   0x0000004c   Code   RO         4773    i.prvHeapInit       heap_4.o
    0x08004bb8   0x08004bb8   0x00000060   Code   RO         3996    i.prvIdleTask       tasks.o
    0x08004c18   0x08004c18   0x0000008e   Code   RO         3997    i.prvInitialiseNewTask  tasks.o
    0x08004ca6   0x08004ca6   0x00000002   PAD
    0x08004ca8   0x08004ca8   0x0000004c   Code   RO         4774    i.prvInsertBlockIntoFreeList  heap_4.o
    0x08004cf4   0x08004cf4   0x00000038   Code   RO         4287    i.prvInsertTimerInActiveList  timers.o
    0x08004d2c   0x08004d2c   0x0000001c   Code   RO         3702    i.prvIsQueueEmpty   queue.o
    0x08004d48   0x08004d48   0x000000b8   Code   RO         4288    i.prvProcessReceivedCommands  timers.o
    0x08004e00   0x08004e00   0x000000b4   Code   RO         4289    i.prvProcessTimerOrBlockTask  timers.o
    0x08004eb4   0x08004eb4   0x00000020   Code   RO         3998    i.prvResetNextTaskUnblockTime  tasks.o
    0x08004ed4   0x08004ed4   0x00000028   Code   RO         4290    i.prvSampleTimeNow  timers.o
    0x08004efc   0x08004efc   0x0000006c   Code   RO         4291    i.prvSwitchTimerLists  timers.o
    0x08004f68   0x08004f68   0x00000028   Code   RO         4824    i.prvTaskExitError  port.o
    0x08004f90   0x08004f90   0x00000024   Code   RO         4292    i.prvTimerTask      timers.o
    0x08004fb4   0x08004fb4   0x0000006a   Code   RO         3703    i.prvUnlockQueue    queue.o
    0x0800501e   0x0800501e   0x00000002   PAD
    0x08005020   0x08005020   0x000000d8   Code   RO         4775    i.pvPortMalloc      heap_4.o
    0x080050f8   0x080050f8   0x00000018   Code   RO         4000    i.pvTaskIncrementMutexHeldCount  tasks.o
    0x08005110   0x08005110   0x00000024   Code   RO         4825    i.pxPortInitialiseStack  port.o
    0x08005134   0x08005134   0x00000038   Code   RO         4983    i.slave_crc16       mb_crc.o
    0x0800516c   0x0800516c   0x000000d0   Code   RO         5222    i.slave_handle_cmd  mb_slave.o
    0x0800523c   0x0800523c   0x00000054   Code   RO         5288    i.slave_hmi_reply   mb_slave_hmi.o
    0x08005290   0x08005290   0x00000010   Code   RO         5289    i.slave_hmi_set_rx  mb_slave_hmi.o
    0x080052a0   0x080052a0   0x00000010   Code   RO         5290    i.slave_hmi_set_tx  mb_slave_hmi.o
    0x080052b0   0x080052b0   0x00000040   Code   RO         5291    i.slave_hmi_uart_idle  mb_slave_hmi.o
    0x080052f0   0x080052f0   0x00000084   Code   RO         5292    i.slave_hmi_write_coils_callback  mb_slave_hmi.o
    0x08005374   0x08005374   0x00000128   Code   RO         5293    i.slave_hmi_write_holdings_callback  mb_slave_hmi.o
    0x0800549c   0x0800549c   0x000000c0   Code   RO         5223    i.slave_read_coils  mb_slave.o
    0x0800555c   0x0800555c   0x000000bc   Code   RO         5224    i.slave_read_discs  mb_slave.o
    0x08005618   0x08005618   0x000000aa   Code   RO         5225    i.slave_read_holding_regs  mb_slave.o
    0x080056c2   0x080056c2   0x000000aa   Code   RO         5226    i.slave_read_input_regs  mb_slave.o
    0x0800576c   0x0800576c   0x00000078   Code   RO         5227    i.slave_write_multi_coils  mb_slave.o
    0x080057e4   0x080057e4   0x00000078   Code   RO         5228    i.slave_write_multi_holding_regs  mb_slave.o
    0x0800585c   0x0800585c   0x00000068   Code   RO         5229    i.slave_write_single_coil  mb_slave.o
    0x080058c4   0x080058c4   0x00000064   Code   RO         5230    i.slave_write_single_holding_reg  mb_slave.o
    0x08005928   0x08005928   0x00000026   Code   RO         3660    i.uxListRemove      list.o
    0x0800594e   0x0800594e   0x00000016   Code   RO         3661    i.vListInitialise   list.o
    0x08005964   0x08005964   0x00000006   Code   RO         3662    i.vListInitialiseItem  list.o
    0x0800596a   0x0800596a   0x00000030   Code   RO         3663    i.vListInsert       list.o
    0x0800599a   0x0800599a   0x00000018   Code   RO         3664    i.vListInsertEnd    list.o
    0x080059b2   0x080059b2   0x00000002   PAD
    0x080059b4   0x080059b4   0x00000040   Code   RO         4827    i.vPortEnterCritical  port.o
    0x080059f4   0x080059f4   0x00000028   Code   RO         4828    i.vPortExitCritical  port.o
    0x08005a1c   0x08005a1c   0x0000005c   Code   RO         4776    i.vPortFree         heap_4.o
    0x08005a78   0x08005a78   0x00000024   Code   RO         4829    i.vPortSetupTimerInterrupt  port.o
    0x08005a9c   0x08005a9c   0x00000054   Code   RO         4830    i.vPortValidateInterruptPriority  port.o
    0x08005af0   0x08005af0   0x00000028   Code   RO         3707    i.vQueueAddToRegistry  queue.o
    0x08005b18   0x08005b18   0x00000044   Code   RO         3710    i.vQueueWaitForMessageRestricted  queue.o
    0x08005b5c   0x08005b5c   0x0000004c   Code   RO         4006    i.vTaskDelay        tasks.o
    0x08005ba8   0x08005ba8   0x00000010   Code   RO         4009    i.vTaskInternalSetTimeOutState  tasks.o
    0x08005bb8   0x08005bb8   0x0000000c   Code   RO         4010    i.vTaskMissedYield  tasks.o
    0x08005bc4   0x08005bc4   0x00000030   Code   RO         4012    i.vTaskPlaceOnEventList  tasks.o
    0x08005bf4   0x08005bf4   0x00000038   Code   RO         4013    i.vTaskPlaceOnEventListRestricted  tasks.o
    0x08005c2c   0x08005c2c   0x000000a8   Code   RO         4015    i.vTaskPriorityDisinheritAfterTimeout  tasks.o
    0x08005cd4   0x08005cd4   0x00000070   Code   RO         4020    i.vTaskStartScheduler  tasks.o
    0x08005d44   0x08005d44   0x00000010   Code   RO         4022    i.vTaskSuspendAll   tasks.o
    0x08005d54   0x08005d54   0x0000005c   Code   RO         4023    i.vTaskSwitchContext  tasks.o
    0x08005db0   0x08005db0   0x000000a8   Code   RO         4831    i.xPortStartScheduler  port.o
    0x08005e58   0x08005e58   0x00000024   Code   RO         3711    i.xQueueCreateMutex  queue.o
    0x08005e7c   0x08005e7c   0x00000048   Code   RO         3712    i.xQueueGenericCreate  queue.o
    0x08005ec4   0x08005ec4   0x00000088   Code   RO         3713    i.xQueueGenericReset  queue.o
    0x08005f4c   0x08005f4c   0x00000160   Code   RO         3714    i.xQueueGenericSend  queue.o
    0x080060ac   0x080060ac   0x000000bc   Code   RO         3715    i.xQueueGenericSendFromISR  queue.o
    0x08006168   0x08006168   0x0000009c   Code   RO         3716    i.xQueueGiveFromISR  queue.o
    0x08006204   0x08006204   0x00000138   Code   RO         3721    i.xQueueReceive     queue.o
    0x0800633c   0x0800633c   0x0000009a   Code   RO         3722    i.xQueueReceiveFromISR  queue.o
    0x080063d6   0x080063d6   0x00000002   PAD
    0x080063d8   0x080063d8   0x00000178   Code   RO         3723    i.xQueueSemaphoreTake  queue.o
    0x08006550   0x08006550   0x00000074   Code   RO         4024    i.xTaskCheckForTimeOut  tasks.o
    0x080065c4   0x080065c4   0x00000056   Code   RO         4025    i.xTaskCreate       tasks.o
    0x0800661a   0x0800661a   0x00000002   PAD
    0x0800661c   0x0800661c   0x0000001c   Code   RO         4029    i.xTaskGetSchedulerState  tasks.o
    0x08006638   0x08006638   0x0000000c   Code   RO         4030    i.xTaskGetTickCount  tasks.o
    0x08006644   0x08006644   0x000000c8   Code   RO         4032    i.xTaskIncrementTick  tasks.o
    0x0800670c   0x0800670c   0x00000098   Code   RO         4035    i.xTaskPriorityDisinherit  tasks.o
    0x080067a4   0x080067a4   0x00000094   Code   RO         4036    i.xTaskPriorityInherit  tasks.o
    0x08006838   0x08006838   0x00000074   Code   RO         4037    i.xTaskRemoveFromEventList  tasks.o
    0x080068ac   0x080068ac   0x000000c4   Code   RO         4038    i.xTaskResumeAll    tasks.o
    0x08006970   0x08006970   0x0000004e   Code   RO         4295    i.xTimerCreate      timers.o
    0x080069be   0x080069be   0x00000002   PAD
    0x080069c0   0x080069c0   0x00000048   Code   RO         4296    i.xTimerCreateTimerTask  timers.o
    0x08006a08   0x08006a08   0x00000060   Code   RO         4297    i.xTimerGenericCommand  timers.o
    0x08006a68   0x08006a68   0x0000008c   Data   RO          357    .constdata          freertos.o
    0x08006af4   0x08006af4   0x00000010   Data   RO         3529    .constdata          system_stm32f1xx.o
    0x08006b04   0x08006b04   0x00000008   Data   RO         3530    .constdata          system_stm32f1xx.o
    0x08006b0c   0x08006b0c   0x00000200   Data   RO         4984    .constdata          mb_crc.o
    0x08006d0c   0x08006d0c   0x00000004   Data   RO         5151    .constdata          mb_master_cps.o
    0x08006d10   0x08006d10   0x00000037   Data   RO          358    .conststring        freertos.o
    0x08006d47   0x08006d47   0x00000001   PAD
    0x08006d48   0x08006d48   0x00000020   Data   RO         5415    Region$$Table       anon$$obj.o


    Execution Region RW_IRAM1 (Exec base: 0x20000000, Load base: 0x08006d68, Size: 0x00007710, Max: 0x00010000, ABSOLUTE, COMPRESSED[0x000002a0])

    Exec Addr    Load Addr    Size         Type   Attr      Idx    E Section Name        Object

    0x20000000   COMPRESSED   0x0000001c   Data   RW          359    .data               freertos.o
    0x2000001c   COMPRESSED   0x0000000c   Data   RW         2577    .data               stm32f1xx_hal.o
    0x20000028   COMPRESSED   0x00000004   Data   RW         3531    .data               system_stm32f1xx.o
    0x2000002c   COMPRESSED   0x0000003c   Data   RW         4041    .data               tasks.o
    0x20000068   COMPRESSED   0x00000014   Data   RW         4303    .data               timers.o
    0x2000007c   COMPRESSED   0x00000018   Data   RW         4781    .data               heap_4.o
    0x20000094   COMPRESSED   0x0000000c   Data   RW         4832    .data               port.o
    0x200000a0   COMPRESSED   0x00000288   Data   RW         4905    .data               csro_common.o
    0x20000328   COMPRESSED   0x00000006   Data   RW         4943    .data               csro_stepper.o
    0x2000032e   COMPRESSED   0x00000002   PAD
    0x20000330   COMPRESSED   0x00000008   Data   RW         5086    .data               mb_master_aqi.o
    0x20000338   COMPRESSED   0x00000014   Data   RW         5152    .data               mb_master_cps.o
    0x2000034c   COMPRESSED   0x00000004   Data   RW         5295    .data               mb_slave_hmi.o
    0x20000350        -       0x00000074   Zero   RW          243    .bss                adc.o
    0x200003c4        -       0x00000014   Zero   RW          285    .bss                dac.o
    0x200003d8        -       0x00000190   Zero   RW          356    .bss                freertos.o
    0x20000568        -       0x00000040   Zero   RW          443    .bss                tim.o
    0x200005a8        -       0x00000320   Zero   RW          493    .bss                usart.o
    0x200008c8        -       0x00000040   Zero   RW          722    .bss                stm32f1xx_hal_timebase_tim.o
    0x20000908        -       0x00000040   Zero   RW         3724    .bss                queue.o
    0x20000948        -       0x000000f0   Zero   RW         4040    .bss                tasks.o
    0x20000a38        -       0x00000028   Zero   RW         4302    .bss                timers.o
    0x20000a60        -       0x00005000   Zero   RW         4780    .bss                heap_4.o
    0x20005a60        -       0x00000438   Zero   RW         5085    .bss                mb_master_aqi.o
    0x20005e98        -       0x00000438   Zero   RW         5150    .bss                mb_master_cps.o
    0x200062d0        -       0x00000c40   Zero   RW         5294    .bss                mb_slave_hmi.o
    0x20006f10        -       0x00000800   Zero   RW            1    STACK               startup_stm32f103xe.o


==============================================================================

Image component sizes


      Code (inc. data)   RO Data    RW Data    ZI Data      Debug   Object Name

       444         34          0          0        116       1851   adc.o
       626         30          0          0          0      22378   cmsis_os.o
       248         24          0        648          0       2660   csro_common.o
       492         30          0          6          0       2664   csro_stepper.o
       164         22          0          0         20       1543   dac.o
       188          4          0          0          0        814   dma.o
         0          0          0          0          0       9484   event_groups.o
      1160        102        195         28        400      11830   freertos.o
       328         24          0          0          0       1023   gpio.o
       460         24          0         24      20480       4543   heap_4.o
       138          0          0          0          0       3270   list.o
       172          6          0          0          0     530200   main.o
       112          8        512          0          0       1613   mb_crc.o
       516          0          0          0          0       2975   mb_master.o
       480         72          0          8       1080       6245   mb_master_aqi.o
       964        110          4         20       1080       8553   mb_master_cps.o
      1372          0          0          0          0       5707   mb_slave.o
       840         80          0          4       3136       7660   mb_slave_hmi.o
       662         70          0         12          0      10909   port.o
      2170         24          0          0         64      18595   queue.o
        36          8        304          0       2048        780   startup_stm32f103xe.o
        64         14          0         12          0       5118   stm32f1xx_hal.o
      1116         58          0          0          0       8318   stm32f1xx_hal_adc.o
       200          6          0          0          0       1374   stm32f1xx_hal_adc_ex.o
       158         14          0          0          0      28078   stm32f1xx_hal_cortex.o
       236          0          0          0          0       3234   stm32f1xx_hal_dac.o
      1236         52          0          0          0       4970   stm32f1xx_hal_dma.o
       538         42          0          0          0       4024   stm32f1xx_hal_gpio.o
        72         10          0          0          0        826   stm32f1xx_hal_msp.o
      1336        110          0          0          0       5673   stm32f1xx_hal_rcc.o
       448         44          0          0          0       2501   stm32f1xx_hal_rcc_ex.o
      1660         66          0          0          0      15306   stm32f1xx_hal_tim.o
        70          0          0          0          0       2269   stm32f1xx_hal_tim_ex.o
       116         18          0          0         64       1355   stm32f1xx_hal_timebase_tim.o
      1440         40          0          0          0      12887   stm32f1xx_hal_uart.o
       272        102          0          0          0       9824   stm32f1xx_it.o
        72         16         24          4          0       1119   system_stm32f1xx.o
      2284        182          0         60        240      23333   tasks.o
       368         28          0          0         64       2308   tim.o
       930         80          0         20         40      18490   timers.o
      1124         84          0          0        800       4353   usart.o

    ----------------------------------------------------------------------
     25358       1638       1072        848      29632     810657   Object Totals
         0          0         32          0          0          0   (incl. Generated)
        46          0          1          2          0          0   (incl. Padding)

    ----------------------------------------------------------------------

      Code (inc. data)   RO Data    RW Data    ZI Data      Debug   Library Member Name

        58          0          0          0          0          0   __dczerorl.o
         0          0          0          0          0          0   entry.o
         0          0          0          0          0          0   entry10a.o
         0          0          0          0          0          0   entry11a.o
         8          4          0          0          0          0   entry2.o
         4          0          0          0          0          0   entry5.o
         0          0          0          0          0          0   entry7b.o
         0          0          0          0          0          0   entry8b.o
         8          4          0          0          0          0   entry9a.o
        30          0          0          0          0          0   handlers.o
        36          8          0          0          0         68   init.o
         0          0          0          0          0          0   iusefp.o
        30          0          0          0          0         68   llshl.o
        32          0          0          0          0         68   llushr.o
        36          0          0          0          0         68   memcpya.o
        36          0          0          0          0        108   memseta.o
        20          0          0          0          0         68   cfcmple.o
        20          0          0          0          0         68   cfrcmple.o
        56          0          0          0          0         88   d2f.o
       222          0          0          0          0        100   ddiv.o
       186          0          0          0          0        176   depilogue.o
        62          0          0          0          0         80   dfixi.o
       228          0          0          0          0         96   dmul.o
        46          0          0          0          0         80   dscalb.o
        38          0          0          0          0         68   f2d.o
       176          0          0          0          0        140   fadd.o
       124          0          0          0          0         88   fdiv.o
       110          0          0          0          0        168   fepilogue.o
        10          0          0          0          0         68   ffltui.o

    ----------------------------------------------------------------------
      1578         16          0          0          0       1668   Library Totals
         2          0          0          0          0          0   (incl. Padding)

    ----------------------------------------------------------------------

      Code (inc. data)   RO Data    RW Data    ZI Data      Debug   Library Name

       278         16          0          0          0        380   mc_w.l
      1298          0          0          0          0       1288   mf_w.l

    ----------------------------------------------------------------------
      1578         16          0          0          0       1668   Library Totals

    ----------------------------------------------------------------------

==============================================================================


      Code (inc. data)   RO Data    RW Data    ZI Data      Debug   

     26936       1654       1072        848      29632     798361   Grand Totals
     26936       1654       1072        672      29632     798361   ELF Image Totals (compressed)
     26936       1654       1072        672          0          0   ROM Totals

==============================================================================

    Total RO  Size (Code + RO Data)                28008 (  27.35kB)
    Total RW  Size (RW Data + ZI Data)             30480 (  29.77kB)
    Total ROM Size (Code + RO Data + RW Data)      28680 (  28.01kB)

==============================================================================

